Archive member included to satisfy reference by file (symbol)

./DaisySP/DaisySP-LGPL/build\libdaisysp-lgpl.a(compressor.o)
                              build/main.o (daisysp::Compressor::Init(float))
./DaisySP/DaisySP-LGPL/build\libdaisysp-lgpl.a(fold.o)
                              build/main.o (daisysp::Fold::Init())
./DaisySP/DaisySP-LGPL/build\libdaisysp-lgpl.a(reverbsc.o)
                              build/main.o (daisysp::ReverbSc::Init(float))
./libdaisy/build\libdaisy.a(stm32h7xx_hal_gpio.o)
                              build/main.o (HAL_GPIO_Init)
./libdaisy/build\libdaisy.a(ff.o)
                              build/main.o (f_mount)
./libdaisy/build\libdaisy.a(ff_gen_drv.o)
                              build/main.o (FATFS_LinkDriver)
./libdaisy/build\libdaisy.a(ccsbcs.o)
                              ./libdaisy/build\libdaisy.a(ff.o) (ff_convert)
./libdaisy/build\libdaisy.a(daisy_seed.o)
                              build/main.o (daisy::DaisySeed::GetPin(unsigned char))
./libdaisy/build\libdaisy.a(codec_ak4556.o)
                              ./libdaisy/build\libdaisy.a(daisy_seed.o) (daisy::Ak4556::Init(daisy::Pin))
./libdaisy/build\libdaisy.a(codec_wm8731.o)
                              ./libdaisy/build\libdaisy.a(daisy_seed.o) (daisy::Wm8731::Init(daisy::Wm8731::Config const&, daisy::I2CHandle))
./libdaisy/build\libdaisy.a(sdram.o)
                              ./libdaisy/build\libdaisy.a(daisy_seed.o) (SdramHandle::Init())
./libdaisy/build\libdaisy.a(audio.o)
                              ./libdaisy/build\libdaisy.a(daisy_seed.o) (daisy::AudioHandle::Init(daisy::AudioHandle::Config const&, daisy::SaiHandle))
./libdaisy/build\libdaisy.a(logger.o)
                              build/main.o (daisy::Logger<(daisy::LoggerDestination)1>::PrintLine(char const*, ...))
./libdaisy/build\libdaisy.a(usb.o)
                              ./libdaisy/build\libdaisy.a(logger.o) (daisy::UsbHandle::Init(daisy::UsbHandle::UsbPeriph))
./libdaisy/build\libdaisy.a(gpio.o)
                              ./libdaisy/build\libdaisy.a(daisy_seed.o) (daisy::GPIO::Init(daisy::GPIO::Config const&))
./libdaisy/build\libdaisy.a(i2c.o)
                              ./libdaisy/build\libdaisy.a(daisy_seed.o) (daisy::I2CHandle::Init(daisy::I2CHandle::Config const&))
./libdaisy/build\libdaisy.a(qspi.o)
                              ./libdaisy/build\libdaisy.a(daisy_seed.o) (daisy::QSPIHandle::Init(daisy::QSPIHandle::Config const&))
./libdaisy/build\libdaisy.a(sai.o)
                              ./libdaisy/build\libdaisy.a(daisy_seed.o) (daisy::SaiHandle::Init(daisy::SaiHandle::Config const&))
./libdaisy/build\libdaisy.a(spi.o)
                              build/main.o (daisy::SpiHandle::Init(daisy::SpiHandle::Config const&))
./libdaisy/build\libdaisy.a(fatfs.o)
                              ./libdaisy/build\libdaisy.a(ff.o) (get_fattime)
./libdaisy/build\libdaisy.a(system.o)
                              ./libdaisy/build\libdaisy.a(daisy_seed.o) (daisy::System::DeInit())
./libdaisy/build\libdaisy.a(usbd_cdc_if.o)
                              ./libdaisy/build\libdaisy.a(usb.o) (CDC_Transmit_FS)
./libdaisy/build\libdaisy.a(usbd_conf.o)
                              ./libdaisy/build\libdaisy.a(usb.o) (hpcd_USB_OTG_FS)
./libdaisy/build\libdaisy.a(usbd_desc.o)
                              ./libdaisy/build\libdaisy.a(usb.o) (HS_Desc)
./libdaisy/build\libdaisy.a(usbh_conf.o)
                              ./libdaisy/build\libdaisy.a(system.o) (hhcd_USB_OTG_HS)
./libdaisy/build\libdaisy.a(sd_diskio.o)
                              ./libdaisy/build\libdaisy.a(fatfs.o) (SD_Driver)
./libdaisy/build\libdaisy.a(usbh_diskio.o)
                              ./libdaisy/build\libdaisy.a(fatfs.o) (USBH_Driver)
./libdaisy/build\libdaisy.a(stm32h7xx_hal.o)
                              ./libdaisy/build\libdaisy.a(system.o) (HAL_Init)
./libdaisy/build\libdaisy.a(stm32h7xx_hal_cortex.o)
                              ./libdaisy/build\libdaisy.a(stm32h7xx_hal.o) (HAL_NVIC_SetPriorityGrouping)
./libdaisy/build\libdaisy.a(stm32h7xx_hal_dma.o)
                              ./libdaisy/build\libdaisy.a(i2c.o) (HAL_DMA_Init)
./libdaisy/build\libdaisy.a(stm32h7xx_hal_hcd.o)
                              ./libdaisy/build\libdaisy.a(usbh_conf.o) (HAL_HCD_HC_Init)
./libdaisy/build\libdaisy.a(stm32h7xx_hal_i2c.o)
                              ./libdaisy/build\libdaisy.a(i2c.o) (HAL_I2C_Init)
./libdaisy/build\libdaisy.a(stm32h7xx_hal_i2c_ex.o)
                              ./libdaisy/build\libdaisy.a(i2c.o) (HAL_I2CEx_ConfigAnalogFilter)
./libdaisy/build\libdaisy.a(stm32h7xx_hal_pcd.o)
                              ./libdaisy/build\libdaisy.a(usbd_conf.o) (HAL_PCD_Init)
./libdaisy/build\libdaisy.a(stm32h7xx_hal_pcd_ex.o)
                              ./libdaisy/build\libdaisy.a(usbd_conf.o) (HAL_PCDEx_SetTxFiFo)
./libdaisy/build\libdaisy.a(stm32h7xx_hal_pwr_ex.o)
                              ./libdaisy/build\libdaisy.a(system.o) (HAL_PWREx_ConfigSupply)
[...]
Memory Configuration

Name             Origin             Length             Attributes
FLASH            0x08000000         0x00020000         xr
DTCMRAM          0x20000000         0x00020000         xrw
SRAM             0x24000000         0x00078000         xrw
RAM_D2_DMA       0x30000000         0x00008000         xrw
RAM_D2           0x30008000         0x00040000         xrw
RAM_D3           0x38000000         0x00010000         xrw
BACKUP_SRAM      0x38800000         0x00001000         xrw
ITCMRAM          0x00000000         0x00010000         xrw
SDRAM            0xc0000000         0x04000000         xrw
QSPIFLASH        0x90040000         0x007c0000         xr
*default*        0x00000000         0xffffffff

Linker script and memory map

LOAD C:/ST/STM32CubeIDE_2.0.0/STM32CubeIDE/plugins/com.st.stm32cube.ide.mcu.externaltools.gnu-tools-for-stm32.13.3.rel1.win32_1.0.100.202509120712/tools/bin/../lib/gcc/arm-none-eabi/13.3.1/thumb/v7e-m+dp/hard/crti.o
LOAD C:/ST/STM32CubeIDE_2.0.0/STM32CubeIDE/plugins/com.st.stm32cube.ide.mcu.externaltools.gnu-tools-for-stm32.13.3.rel1.win32_1.0.100.202509120712/tools/bin/../lib/gcc/arm-none-eabi/13.3.1/thumb/v7e-m+dp/hard/crtbegin.o
LOAD C:/ST/STM32CubeIDE_2.0.0/STM32CubeIDE/plugins/com.st.stm32cube.ide.mcu.externaltools.gnu-tools-for-stm32.13.3.rel1.win32_1.0.100.202509120712/tools/bin/../lib/gcc/arm-none-eabi/13.3.1/../../../../arm-none-eabi/lib/thumb/v7e-m+dp/hard/crt0.o
LOAD build/startup_stm32h750xx.o
LOAD build/main.o
LOAD ./DaisySP/DaisySP-LGPL/build\libdaisysp-lgpl.a
LOAD ./libdaisy/build\libdaisy.a
LOAD C:/ST/STM32CubeIDE_2.0.0/STM32CubeIDE/plugins/com.st.stm32cube.ide.mcu.externaltools.gnu-tools-for-stm32.13.3.rel1.win32_1.0.100.202509120712/tools/bin/../lib/gcc/arm-none-eabi/13.3.1/../../../../arm-none-eabi/lib/thumb/v7e-m+dp/hard\libnosys.a
LOAD ./DaisySP/build\libdaisysp.a
LOAD C:/ST/STM32CubeIDE_2.0.0/STM32CubeIDE/plugins/com.st.stm32cube.ide.mcu.externaltools.gnu-tools-for-stm32.13.3.rel1.win32_1.0.100.202509120712/tools/bin/../lib/gcc/arm-none-eabi/13.3.1/../../../../arm-none-eabi/lib/thumb/v7e-m+dp/hard\libstdc++_nano.a
LOAD C:/ST/STM32CubeIDE_2.0.0/STM32CubeIDE/plugins/com.st.stm32cube.ide.mcu.externaltools.gnu-tools-for-stm32.13.3.rel1.win32_1.0.100.202509120712/tools/bin/../lib/gcc/arm-none-eabi/13.3.1/../../../../arm-none-eabi/lib/thumb/v7e-m+dp/hard\libm.a
LOAD C:/ST/STM32CubeIDE_2.0.0/STM32CubeIDE/plugins/com.st.stm32cube.ide.mcu.externaltools.gnu-tools-for-stm32.13.3.rel1.win32_1.0.100.202509120712/tools/bin/../lib/gcc/arm-none-eabi/13.3.1/../../../../arm-none-eabi/lib/thumb/v7e-m+dp/hard\libc_nano.a
START GROUP
LOAD C:/ST/STM32CubeIDE_2.0.0/STM32CubeIDE/plugins/com.st.stm32cube.ide.mcu.externaltools.gnu-tools-for-stm32.13.3.rel1.win32_1.0.100.202509120712/tools/bin/../lib/gcc/arm-none-eabi/13.3.1/thumb/v7e-m+dp/hard\libgcc.a
LOAD C:/ST/STM32CubeIDE_2.0.0/STM32CubeIDE/plugins/com.st.stm32cube.ide.mcu.externaltools.gnu-tools-for-stm32.13.3.rel1.win32_1.0.100.202509120712/tools/bin/../lib/gcc/arm-none-eabi/13.3.1/../../../../arm-none-eabi/lib/thumb/v7e-m+dp/hard\libc_nano.a
END GROUP
START GROUP
LOAD C:/ST/STM32CubeIDE_2.0.0/STM32CubeIDE/plugins/com.st.stm32cube.ide.mcu.externaltools.gnu-tools-for-stm32.13.3.rel1.win32_1.0.100.202509120712/tools/bin/../lib/gcc/arm-none-eabi/13.3.1/thumb/v7e-m+dp/hard\libgcc.a
LOAD C:/ST/STM32CubeIDE_2.0.0/STM32CubeIDE/plugins/com.st.stm32cube.ide.mcu.externaltools.gnu-tools-for-stm32.13.3.rel1.win32_1.0.100.202509120712/tools/bin/../lib/gcc/arm-none-eabi/13.3.1/../../../../arm-none-eabi/lib/thumb/v7e-m+dp/hard\libc_nano.a
LOAD C:/ST/STM32CubeIDE_2.0.0/STM32CubeIDE/plugins/com.st.stm32cube.ide.mcu.externaltools.gnu-tools-for-stm32.13.3.rel1.win32_1.0.100.202509120712/tools/bin/../lib/gcc/arm-none-eabi/13.3.1/../../../../arm-none-eabi/lib/thumb/v7e-m+dp/hard\libnosys.a
END GROUP
START GROUP
LOAD C:/ST/STM32CubeIDE_2.0.0/STM32CubeIDE/plugins/com.st.stm32cube.ide.mcu.externaltools.gnu-tools-for-stm32.13.3.rel1.win32_1.0.100.202509120712/tools/bin/../lib/gcc/arm-none-eabi/13.3.1/thumb/v7e-m+dp/hard\libgcc.a
LOAD C:/ST/STM32CubeIDE_2.0.0/STM32CubeIDE/plugins/com.st.stm32cube.ide.mcu.externaltools.gnu-tools-for-stm32.13.3.rel1.win32_1.0.100.202509120712/tools/bin/../lib/gcc/arm-none-eabi/13.3.1/../../../../arm-none-eabi/lib/thumb/v7e-m+dp/hard\libc_nano.a
LOAD C:/ST/STM32CubeIDE_2.0.0/STM32CubeIDE/plugins/com.st.stm32cube.ide.mcu.externaltools.gnu-tools-for-stm32.13.3.rel1.win32_1.0.100.202509120712/tools/bin/../lib/gcc/arm-none-eabi/13.3.1/../../../../arm-none-eabi/lib/thumb/v7e-m+dp/hard\libnosys.a
END GROUP
LOAD C:/ST/STM32CubeIDE_2.0.0/STM32CubeIDE/plugins/com.st.stm32cube.ide.mcu.externaltools.gnu-tools-for-stm32.13.3.rel1.win32_1.0.100.202509120712/tools/bin/../lib/gcc/arm-none-eabi/13.3.1/thumb/v7e-m+dp/hard/crtend.o
LOAD C:/ST/STM32CubeIDE_2.0.0/STM32CubeIDE/plugins/com.st.stm32cube.ide.mcu.externaltools.gnu-tools-for-stm32.13.3.rel1.win32_1.0.100.202509120712/tools/bin/../lib/gcc/arm-none-eabi/13.3.1/thumb/v7e-m+dp/hard/crtn.o
                0x20020000                        _estack = 0x20020000

.isr_vector     0x24000000      0x298
                0x24000000                        . = ALIGN (0x4)
 *(.isr_vector)
 .isr_vector    0x24000000      0x298 build/startup_stm32h750xx.o
                0x24000000                g_pfnVectors
                0x24000298                        . = ALIGN (0x4)

.text           0x240002a0    0x362c4
                0x240002a0                        . = ALIGN (0x4)
                0x240002a0                        _stext = .
 *(.text)
 .text          0x240002a0       0x40 C:/ST/STM32CubeIDE_2.0.0/STM32CubeIDE/plugins/com.st.stm32cube.ide.mcu.externaltools.gnu-tools-for-stm32.13.3.rel1.win32_1.0.100.202509120712/tools/bin/../lib/gcc/arm-none-eabi/13.3.1/thumb/v7e-m+dp/hard/crtbegin.o
 .text          0x240002e0       0x10 C:/ST/STM32CubeIDE_2.0.0/STM32CubeIDE/plugins/com.st.stm32cube.ide.mcu.externaltools.gnu-tools-for-stm32.13.3.rel1.win32_1.0.100.202509120712/tools/bin/../lib/gcc/arm-none-eabi/13.3.1/../../../../arm-none-eabi/lib/thumb/v7e-m+dp/hard\libc_nano.a(libc_a-strlen.o)
                0x240002e0                strlen
 .text          0x240002f0       0xa0 C:/ST/STM32CubeIDE_2.0.0/STM32CubeIDE/plugins/com.st.stm32cube.ide.mcu.externaltools.gnu-tools-for-stm32.13.3.rel1.win32_1.0.100.202509120712/tools/bin/../lib/gcc/arm-none-eabi/13.3.1/../../../../arm-none-eabi/lib/thumb/v7e-m+dp/hard\libc_nano.a(libc_a-memchr.o)
                0x240002f0                memchr
 .text          0x24000390      0x378 C:/ST/STM32CubeIDE_2.0.0/STM32CubeIDE/plugins/com.st.stm32cube.ide.mcu.externaltools.gnu-tools-for-stm32.13.3.rel1.win32_1.0.100.202509120712/tools/bin/../lib/gcc/arm-none-eabi/13.3.1/thumb/v7e-m+dp/hard\libgcc.a(_arm_addsubdf3.o)
                0x24000390                __aeabi_drsub
                0x24000398                __aeabi_dsub
                0x24000398                __subdf3
                0x2400039c                __aeabi_dadd
                0x2400039c                __adddf3
                0x24000614                __floatunsidf
                0x24000614                __aeabi_ui2d
                0x24000634                __floatsidf
                0x24000634                __aeabi_i2d
                0x24000658                __aeabi_f2d
                0x24000658                __extendsfdf2
                0x2400069c                __floatundidf
                0x2400069c                __aeabi_ul2d
                0x240006ac                __floatdidf
                0x240006ac                __aeabi_l2d
 .text          0x24000708       0x30 C:/ST/STM32CubeIDE_2.0.0/STM32CubeIDE/plugins/com.st.stm32cube.ide.mcu.externaltools.gnu-tools-for-stm32.13.3.rel1.win32_1.0.100.202509120712/tools/bin/../lib/gcc/arm-none-eabi/13.3.1/thumb/v7e-m+dp/hard\libgcc.a(_aeabi_uldivmod.o)
                0x24000708                __aeabi_uldivmod
 .text          0x24000738      0x2f8 C:/ST/STM32CubeIDE_2.0.0/STM32CubeIDE/plugins/com.st.stm32cube.ide.mcu.externaltools.gnu-tools-for-stm32.13.3.rel1.win32_1.0.100.202509120712/tools/bin/../lib/gcc/arm-none-eabi/13.3.1/thumb/v7e-m+dp/hard\libgcc.a(_udivmoddi4.o)
                0x24000738                __udivmoddi4
 .text          0x24000a30        0x4 C:/ST/STM32CubeIDE_2.0.0/STM32CubeIDE/plugins/com.st.stm32cube.ide.mcu.externaltools.gnu-tools-for-stm32.13.3.rel1.win32_1.0.100.202509120712/tools/bin/../lib/gcc/arm-none-eabi/13.3.1/thumb/v7e-m+dp/hard\libgcc.a(_dvmd_tls.o)
                0x24000a30                __aeabi_idiv0
                0x24000a30                __aeabi_ldiv0
 *(.text*)
 .text.Default_Handler
                0x24000a34        0xc build/startup_stm32h750xx.o
                0x24000a34                RTC_Alarm_IRQHandler
                0x24000a34                HASH_RNG_IRQHandler
                0x24000a34                EXTI2_IRQHandler
                0x24000a34                TIM8_CC_IRQHandler
                0x24000a34                HRTIM1_Master_IRQHandler
                0x24000a34                DebugMon_Handler
                0x24000a34                TIM1_CC_IRQHandler
                0x24000a34                BDMA_Channel6_IRQHandler
                0x24000a34                DMA2_Stream5_IRQHandler
                0x24000a34                HRTIM1_FLT_IRQHandler
                0x24000a34                JPEG_IRQHandler
                0x24000a34                BDMA_Channel1_IRQHandler
                0x24000a34                HRTIM1_TIMD_IRQHandler
                0x24000a34                TAMP_STAMP_IRQHandler
                0x24000a34                PendSV_Handler
                0x24000a34                NMI_Handler
                0x24000a34                EXTI3_IRQHandler
                0x24000a34                LPTIM4_IRQHandler
                0x24000a34                TIM8_TRG_COM_TIM14_IRQHandler
                0x24000a34                LPTIM2_IRQHandler
                0x24000a34                DFSDM1_FLT1_IRQHandler
                0x24000a34                DMAMUX2_OVR_IRQHandler
                0x24000a34                TIM8_UP_TIM13_IRQHandler
                0x24000a34                I2C3_ER_IRQHandler
                0x24000a34                DFSDM1_FLT2_IRQHandler
                0x24000a34                MDMA_IRQHandler
                0x24000a34                LPTIM3_IRQHandler
                0x24000a34                HSEM1_IRQHandler
                0x24000a34                EXTI0_IRQHandler
                0x24000a34                DMA1_Stream2_IRQHandler
                0x24000a34                FPU_IRQHandler
                0x24000a34                OTG_HS_WKUP_IRQHandler
                0x24000a34                FDCAN1_IT1_IRQHandler
                0x24000a34                UsageFault_Handler
                0x24000a34                LTDC_ER_IRQHandler
                0x24000a34                HRTIM1_TIME_IRQHandler
                0x24000a34                DCMI_IRQHandler
                0x24000a34                HRTIM1_TIMC_IRQHandler
                0x24000a34                SAI2_IRQHandler
                0x24000a34                DFSDM1_FLT3_IRQHandler
                0x24000a34                TIM17_IRQHandler
                0x24000a34                CRYP_IRQHandler
                0x24000a34                BDMA_Channel7_IRQHandler
                0x24000a34                LPTIM5_IRQHandler
                0x24000a34                ADC3_IRQHandler
                0x24000a34                DMA2_Stream0_IRQHandler
                0x24000a34                BDMA_Channel2_IRQHandler
                0x24000a34                DMAMUX1_OVR_IRQHandler
                0x24000a34                TIM16_IRQHandler
                0x24000a34                BDMA_Channel5_IRQHandler
                0x24000a34                RCC_IRQHandler
                0x24000a34                TIM8_BRK_TIM12_IRQHandler
                0x24000a34                TIM1_TRG_COM_IRQHandler
                0x24000a34                Default_Handler
                0x24000a34                ECC_IRQHandler
                0x24000a34                CEC_IRQHandler
                0x24000a34                EXTI15_10_IRQHandler
                0x24000a34                BDMA_Channel0_IRQHandler
                0x24000a34                ADC_IRQHandler
                0x24000a34                DMA1_Stream7_IRQHandler
                0x24000a34                HRTIM1_TIMA_IRQHandler
                0x24000a34                TIM7_IRQHandler
                0x24000a34                DMA2_Stream7_IRQHandler
                0x24000a34                TIM15_IRQHandler
                0x24000a34                PVD_AVD_IRQHandler
                0x24000a34                EXTI9_5_IRQHandler
                0x24000a34                RTC_WKUP_IRQHandler
                0x24000a34                LTDC_IRQHandler
                0x24000a34                SAI3_IRQHandler
                0x24000a34                ETH_WKUP_IRQHandler
                0x24000a34                SPDIF_RX_IRQHandler
                0x24000a34                MemManage_Handler
                0x24000a34                SVC_Handler
                0x24000a34                CRS_IRQHandler
                0x24000a34                EXTI4_IRQHandler
                0x24000a34                HRTIM1_TIMB_IRQHandler
                0x24000a34                FDCAN2_IT1_IRQHandler
                0x24000a34                ETH_IRQHandler
                0x24000a34                TIM1_UP_IRQHandler
                0x24000a34                BDMA_Channel4_IRQHandler
                0x24000a34                WWDG_IRQHandler
                0x24000a34                SPI6_IRQHandler
                0x24000a34                I2C4_EV_IRQHandler
                0x24000a34                MDIOS_IRQHandler
                0x24000a34                FDCAN2_IT0_IRQHandler
                0x24000a34                FDCAN1_IT0_IRQHandler
                0x24000a34                OTG_FS_WKUP_IRQHandler
                0x24000a34                DMA2D_IRQHandler
                0x24000a34                TIM1_BRK_IRQHandler
                0x24000a34                EXTI1_IRQHandler
                0x24000a34                SDMMC2_IRQHandler
                0x24000a34                BDMA_Channel3_IRQHandler
                0x24000a34                MDIOS_WKUP_IRQHandler
                0x24000a34                DFSDM1_FLT0_IRQHandler
                0x24000a34                SAI4_IRQHandler
                0x24000a34                I2C2_ER_IRQHandler
                0x24000a34                DMA2_Stream1_IRQHandler
                0x24000a34                FLASH_IRQHandler
                0x24000a34                BusFault_Handler
                0x24000a34                WAKEUP_PIN_IRQHandler
                0x24000a34                I2C1_ER_IRQHandler
                0x24000a34                FMC_IRQHandler
                0x24000a34                FDCAN_CAL_IRQHandler
                0x24000a34                SWPMI1_IRQHandler
                0x24000a34                COMP1_IRQHandler
                0x24000a34                LPTIM1_IRQHandler
                0x24000a34                I2C4_ER_IRQHandler
                0x24000a34                DMA2_Stream6_IRQHandler
                0x24000a34                SAI1_IRQHandler
 .text.Reset_Handler
                0x24000a40       0x40 build/startup_stm32h750xx.o
                0x24000a40                Reset_Handler
 .text._ZN5daisy9DaisySeedD2Ev
                0x24000a80        0x4 build/main.o
                0x24000a80                daisy::DaisySeed::~DaisySeed()
                0x24000a80                daisy::DaisySeed::~DaisySeed()
 .text._ZN7daisysp6ChorusD2Ev
                0x24000a84        0x4 build/main.o
                0x24000a84                daisysp::Chorus::~Chorus()
                0x24000a84                daisysp::Chorus::~Chorus()
 .text._ZN7daisysp6PhaserD2Ev
                0x24000a88        0x4 build/main.o
                0x24000a88                daisysp::Phaser::~Phaser()
                0x24000a88                daisysp::Phaser::~Phaser()
 .text._ZN7daisysp7TremoloD2Ev
                0x24000a8c        0x4 build/main.o
                0x24000a8c                daisysp::Tremolo::~Tremolo()
                0x24000a8c                daisysp::Tremolo::~Tremolo()
 .text._ZN7daisysp17FormantOscillatorD2Ev
                0x24000a90        0x4 build/main.o
                0x24000a90                daisysp::FormantOscillator::~FormantOscillator()
                0x24000a90                daisysp::FormantOscillator::~FormantOscillator()
 .text._ZN7daisysp10CompressorD2Ev
                0x24000a94        0x4 build/main.o
                0x24000a94                daisysp::Compressor::~Compressor()
                0x24000a94                daisysp::Compressor::~Compressor()
 .text._ZN7daisysp4FoldD2Ev
                0x24000a98        0x4 build/main.o
                0x24000a98                daisysp::Fold::~Fold()
                0x24000a98                daisysp::Fold::~Fold()
 .text._ZN7daisysp8ReverbScD2Ev
                0x24000a9c        0x4 build/main.o
                0x24000a9c                daisysp::ReverbSc::~ReverbSc()
                0x24000a9c                daisysp::ReverbSc::~ReverbSc()
 .text._ZL16SPISD_DiskStatush
                0x24000aa0       0x10 build/main.o
 .text._ZL13StopPadVoicesh
                0x24000ab0       0x24 build/main.o
 .text._ZN7daisysp9DelayLineIfLj96000EED2Ev
                0x24000ad4        0x4 build/main.o
                0x24000ad4                daisysp::DelayLine<float, 96000u>::~DelayLine()
                0x24000ad4                daisysp::DelayLine<float, 96000u>::~DelayLine()
 .text._ZL10TriggerPadhhhamf
                0x24000ad8      0x348 build/main.o
 .text._ZL9PushEventhhmPKc
                0x24000e20       0xac build/main.o
 .text._ZL9isWavFilePKc
                0x24000ecc       0x40 build/main.o
 .text._ZL20GuessPadFromFilenamePKc
                0x24000f0c       0x90 build/main.o
 .text._ZL12LoadWavToPadPKch
                0x24000f9c      0x220 build/main.o
 .text._ZL9ApplyDistffh.part.0
                0x240011bc       0xd0 build/main.o
 .text._ZL16SpiDrainRxToRingv.part.0
                0x2400128c       0x8c build/main.o
 .text._ZL15ApplyWtModStatev
                0x24001318      0x1b8 build/main.o
 .text._ZN5SH1014Adsr4GateEb.part.0
                0x240014d0        0xc build/main.o
 .text._ZN7daisysp10Compressor17RecalculateMakeupEv.part.0.constprop.0
                0x240014dc       0x28 build/main.o
 .text._ZL36FillMissingCanonicalPadsFromFamilieshh.constprop.0
                0x24001504      0x120 build/main.o
 .text._ZL14AutoLoadFromSDv
                0x24001624      0x354 build/main.o
 .text._ZN12WavetableOsc14GenerateTablesEv.isra.0
                0x24001978      0x2d0 build/main.o
 .text._ZL16ApplyFm2OpPreseth
                0x24001c48      0x18c build/main.o
 .text._ZL16ApplySh101Preseth
                0x24001dd4      0x218 build/main.o
 .text._ZL13BuildResponsehtPKht
                0x24001fec       0x74 build/main.o
 .text._ZL18ReleaseTrackEngineha
                0x24002060       0xe0 build/main.o
 .text._ZL14SD_RxDataBlockPhm
                0x24002140       0xb8 build/main.o
 .text._ZZ13AudioCallbackPKPKfPPfjENKUlfaE_clEfa.part.0
                0x240021f8      0x6d8 build/main.o
 .text._ZL14SD_TxDataBlockPKhh
                0x240028d0      0x10c build/main.o
 .text._ZL19ApplyDrumSynthParamhhhf
                0x240029dc     0x18e0 build/main.o
 .text._ZL10SD_SendCmdhm
                0x240042bc      0x1a0 build/main.o
 .text._ZL15SPISD_DiskIoctlhhPv
                0x2400445c      0x148 build/main.o
 .text._ZL15SPISD_DiskWritehPKhmj
                0x240045a4       0xac build/main.o
 .text._ZL14SPISD_DiskReadhPhmj
                0x24004650       0xb0 build/main.o
 .text._ZL14SPISD_DiskInith
                0x24004700      0x198 build/main.o
 .text._ZN5TR8084Kick7ProcessEv
                0x24004898      0x26c build/main.o
                0x24004898                TR808::Kick::Process()
 .text._ZN5TR8085Snare7TriggerEf
                0x24004b04      0x34c build/main.o
                0x24004b04                TR808::Snare::Trigger(float)
 .text._ZN5TR8085Snare7ProcessEv
                0x24004e50      0x2a8 build/main.o
                0x24004e50                TR808::Snare::Process()
 .text._ZN5TR8087TomBase7ProcessEv
                0x240050f8      0x17c build/main.o
                0x240050f8                TR808::TomBase::Process()
 .text._ZN5TR8083Kit4InitEf
                0x24005274      0xa4c build/main.o
                0x24005274                TR808::Kit::Init(float)
 .text._ZN5TR8083Kit7TriggerEhf
                0x24005cc0      0xc78 build/main.o
                0x24005cc0                TR808::Kit::Trigger(unsigned char, float)
 .text._ZN5TR8083Kit7ProcessEv
                0x24006938     0x11d8 build/main.o
                0x24006938                TR808::Kit::Process()
 .text._ZN5TR9094Kick7ProcessEv
                0x24007b10      0x208 build/main.o
                0x24007b10                TR909::Kick::Process()
 .text._ZN5TR90910Tom909Base7ProcessEv
                0x24007d18      0x1d4 build/main.o
                0x24007d18                TR909::Tom909Base::Process()
 .text._ZN5TR9093Kit4InitEf
                0x24007eec      0x8c8 build/main.o
                0x24007eec                TR909::Kit::Init(float)
 .text._ZN5TR9093Kit7TriggerEhf
                0x240087b4      0x9cc build/main.o
                0x240087b4                TR909::Kit::Trigger(unsigned char, float)
 .text._ZN5TR9093Kit7ProcessEv
                0x24009180      0xe18 build/main.o
                0x24009180                TR909::Kit::Process()
 .text._ZN5TR5055Snare7ProcessEv
                0x24009f98      0x1d8 build/main.o
                0x24009f98                TR505::Snare::Process()
 .text._ZN5TR50510TomBase5057ProcessEv
                0x2400a170      0x178 build/main.o
                0x2400a170                TR505::TomBase505::Process()
 .text._ZN5TR5053Kit4InitEf
                0x2400a2e8      0xc34 build/main.o
                0x2400a2e8                TR505::Kit::Init(float)
 .text._ZN5TR5053Kit7TriggerEhf
                0x2400af1c      0xa10 build/main.o
                0x2400af1c                TR505::Kit::Trigger(unsigned char, float)
 .text._ZN5TR5053Kit7ProcessEv
                0x2400b92c      0xba8 build/main.o
                0x2400b92c                TR505::Kit::Process()
 .text._ZN5TR5053Kit7SetLoFiEf
                0x2400c4d4      0x42c build/main.o
                0x2400c4d4                TR505::Kit::SetLoFi(float)
 .text._ZL16ApplySynthPresethh
                0x2400c900     0x10f8 build/main.o
 .text._ZL24ApplyDefaultSynthPresetsv
                0x2400d9f8      0x104 build/main.o
 .text._ZN5TB30311DiodeLadder7ProcessEfff
                0x2400dafc      0x1bc build/main.o
                0x2400dafc                TB303::DiodeLadder::Process(float, float, float)
 .text._ZN5TB3035Synth6NoteOnEhbb
                0x2400dcb8       0xc0 build/main.o
                0x2400dcb8                TB303::Synth::NoteOn(unsigned char, bool, bool)
 .text._ZN5TB3035Synth7NoteOffEv
                0x2400dd78       0x34 build/main.o
                0x2400dd78                TB303::Synth::NoteOff()
 .text._ZN5TB3035Synth7ProcessEv
                0x2400ddac      0x80c build/main.o
                0x2400ddac                TB303::Synth::Process()
 .text._ZN12WavetableOsc6NoteOnEhff
                0x2400e5b8      0x1c4 build/main.o
                0x2400e5b8                WavetableOsc::NoteOn(unsigned char, float, float)
 .text._ZN12WavetableOsc7ProcessEv
                0x2400e77c      0x2f4 build/main.o
                0x2400e77c                WavetableOsc::Process()
 .text._ZN5SH1015Synth6NoteOnEhf
                0x2400ea70       0xb0 build/main.o
                0x2400ea70                SH101::Synth::NoteOn(unsigned char, float)
 .text._ZN5SH1015Synth7ProcessEv
                0x2400eb20      0xacc build/main.o
                0x2400eb20                SH101::Synth::Process()
 .text._ZN5SH1015Synth8SetParamEhf
                0x2400f5ec      0x3b0 build/main.o
                0x2400f5ec                SH101::Synth::SetParam(unsigned char, float)
 .text._ZN5FM2Op5Synth6NoteOnEhf
                0x2400f99c       0x84 build/main.o
                0x2400f99c                FM2Op::Synth::NoteOn(unsigned char, float)
 .text._ZN5FM2Op5Synth7ProcessEv
                0x2400fa20      0x500 build/main.o
                0x2400fa20                FM2Op::Synth::Process()
 .text._ZN5FM2Op5Synth8SetParamEhf
                0x2400ff20      0x2c0 build/main.o
                0x2400ff20                FM2Op::Synth::SetParam(unsigned char, float)
 .text._ZN4Demo13DemoSequencer13ProcessSampleEv
                0x240101e0     0x10a0 build/main.o
                0x240101e0                Demo::DemoSequencer::ProcessSample()
 .text._ZN8BiquadEQ7SetTypeEhffff
                0x24011280      0x3ac build/main.o
                0x24011280                BiquadEQ::SetType(unsigned char, float, float, float, float)
 .text._Z13AudioCallbackPKPKfPPfj
                0x2401162c     0x22b4 build/main.o
                0x2401162c                AudioCallback(float const* const*, float**, unsigned int)
 .text._ZL14ProcessCommandv
                0x240138e0     0x4f20 build/main.o
 .text._ZN5TR9093KitC2Ev
                0x24018800      0x49c build/main.o
                0x24018800                TR909::Kit::Kit()
                0x24018800                TR909::Kit::Kit()
 .text._ZN5TR5053KitC2Ev
                0x24018c9c      0x4ec build/main.o
                0x24018c9c                TR505::Kit::Kit()
                0x24018c9c                TR505::Kit::Kit()
 .text.TIM6_DAC_IRQHandler
                0x24019188       0x1c build/main.o
                0x24019188                TIM6_DAC_IRQHandler
 .text.startup.main
                0x240191a4     0x10dc build/main.o
                0x240191a4                main
 .text.startup._GLOBAL__sub_I__ZN5TR8089HiHatBase11METAL_FREQSE
                0x2401a280      0x77c build/main.o
 .text._ZN7daisysp10Compressor4InitEf
                0x2401a9fc      0x100 ./DaisySP/DaisySP-LGPL/build\libdaisysp-lgpl.a(compressor.o)
                0x2401a9fc                daisysp::Compressor::Init(float)
 .text._ZN7daisysp10Compressor7ProcessEf
                0x2401aafc       0xf4 ./DaisySP/DaisySP-LGPL/build\libdaisysp-lgpl.a(compressor.o)
                0x2401aafc                daisysp::Compressor::Process(float)
 .text._ZN7daisysp4Fold4InitEv
                0x2401abf0       0x14 ./DaisySP/DaisySP-LGPL/build\libdaisysp-lgpl.a(fold.o)
                0x2401abf0                daisysp::Fold::Init()
 .text._ZN7daisysp4Fold7ProcessEf
                0x2401ac04       0x38 ./DaisySP/DaisySP-LGPL/build\libdaisysp-lgpl.a(fold.o)
                0x2401ac04                daisysp::Fold::Process(float)
 .text._ZN7daisysp8ReverbSc17NextRandomLinesegEPNS_10ReverbScDlEi
                0x2401ac3c      0x104 ./DaisySP/DaisySP-LGPL/build\libdaisysp-lgpl.a(reverbsc.o)
                0x2401ac3c                daisysp::ReverbSc::NextRandomLineseg(daisysp::ReverbScDl*, int)
 .text._ZN7daisysp8ReverbSc4InitEf
                0x2401ad40      0x180 ./DaisySP/DaisySP-LGPL/build\libdaisysp-lgpl.a(reverbsc.o)
                0x2401ad40                daisysp::ReverbSc::Init(float)
 .text._ZN7daisysp8ReverbSc7ProcessERKfS2_PfS3_
                0x2401aec0      0x2b0 ./DaisySP/DaisySP-LGPL/build\libdaisysp-lgpl.a(reverbsc.o)
                0x2401aec0                daisysp::ReverbSc::Process(float const&, float const&, float*, float*)
 .text.HAL_GPIO_Init
                0x2401b170      0x40c ./libdaisy/build\libdaisy.a(stm32h7xx_hal_gpio.o)
                0x2401b170                HAL_GPIO_Init
 .text.HAL_GPIO_DeInit
                0x2401b57c      0x260 ./libdaisy/build\libdaisy.a(stm32h7xx_hal_gpio.o)
                0x2401b57c                HAL_GPIO_DeInit
 .text.HAL_GPIO_ReadPin
                0x2401b7dc        0xc ./libdaisy/build\libdaisy.a(stm32h7xx_hal_gpio.o)
                0x2401b7dc                HAL_GPIO_ReadPin
 .text.HAL_GPIO_WritePin
                0x2401b7e8        0x8 ./libdaisy/build\libdaisy.a(stm32h7xx_hal_gpio.o)
                0x2401b7e8                HAL_GPIO_WritePin
 .text.get_fileinfo
                0x2401b7f0      0x184 ./libdaisy/build\libdaisy.a(ff.o)
 .text.check_fs
                0x2401b974       0x84 ./libdaisy/build\libdaisy.a(ff.o)
 .text.sync_fs  0x2401b9f8       0xb8 ./libdaisy/build\libdaisy.a(ff.o)
 .text.move_window
                0x2401bab0       0x7c ./libdaisy/build\libdaisy.a(ff.o)
 .text.put_fat.part.0
                0x2401bb2c      0x10c ./libdaisy/build\libdaisy.a(ff.o)
 .text.get_fat.isra.0
                0x2401bc38       0xac ./libdaisy/build\libdaisy.a(ff.o)
 .text.dir_next.constprop.0
                0x2401bce4       0x84 ./libdaisy/build\libdaisy.a(ff.o)
 .text.dir_read.constprop.0
                0x2401bd68      0x428 ./libdaisy/build\libdaisy.a(ff.o)
 .text.find_volume
                0x2401c190      0x300 ./libdaisy/build\libdaisy.a(ff.o)
 .text.create_chain
                0x2401c490      0x19c ./libdaisy/build\libdaisy.a(ff.o)
 .text.dir_sdi.constprop.0
                0x2401c62c      0x10c ./libdaisy/build\libdaisy.a(ff.o)
 .text.dir_find
                0x2401c738      0x370 ./libdaisy/build\libdaisy.a(ff.o)
 .text.follow_path
                0x2401caa8      0x3a4 ./libdaisy/build\libdaisy.a(ff.o)
 .text.dir_sdi  0x2401ce4c      0x154 ./libdaisy/build\libdaisy.a(ff.o)
 .text.remove_chain
                0x2401cfa0      0x224 ./libdaisy/build\libdaisy.a(ff.o)
 .text.dir_register
                0x2401d1c4      0xa90 ./libdaisy/build\libdaisy.a(ff.o)
 .text.f_mount  0x2401dc54       0x94 ./libdaisy/build\libdaisy.a(ff.o)
                0x2401dc54                f_mount
 .text.f_open   0x2401dce8      0x200 ./libdaisy/build\libdaisy.a(ff.o)
                0x2401dce8                f_open
 .text.f_read   0x2401dee8      0x268 ./libdaisy/build\libdaisy.a(ff.o)
                0x2401dee8                f_read
 .text.f_close  0x2401e150       0xd0 ./libdaisy/build\libdaisy.a(ff.o)
                0x2401e150                f_close
 .text.f_lseek  0x2401e220      0x394 ./libdaisy/build\libdaisy.a(ff.o)
                0x2401e220                f_lseek
 .text.f_opendir
                0x2401e5b4       0x70 ./libdaisy/build\libdaisy.a(ff.o)
                0x2401e5b4                f_opendir
 .text.f_closedir
                0x2401e624       0x30 ./libdaisy/build\libdaisy.a(ff.o)
                0x2401e624                f_closedir
 .text.f_readdir
                0x2401e654       0x58 ./libdaisy/build\libdaisy.a(ff.o)
                0x2401e654                f_readdir
 .text.FATFS_LinkDriver
                0x2401e6ac       0x58 ./libdaisy/build\libdaisy.a(ff_gen_drv.o)
                0x2401e6ac                FATFS_LinkDriver
 .text.ff_convert
                0x2401e704       0x34 ./libdaisy/build\libdaisy.a(ccsbcs.o)
                0x2401e704                ff_convert
 .text.ff_wtoupper
                0x2401e738       0x98 ./libdaisy/build\libdaisy.a(ccsbcs.o)
                0x2401e738                ff_wtoupper
 .text._ZN5daisy9DaisySeed6GetPinEh
                0x2401e7d0       0x2c ./libdaisy/build\libdaisy.a(daisy_seed.o)
                0x2401e7d0                daisy::DaisySeed::GetPin(unsigned char)
 .text._ZN5daisy9DaisySeed10StartAudioEPFvPKPKfPPfjE
                0x2401e7fc        0x8 ./libdaisy/build\libdaisy.a(daisy_seed.o)
                0x2401e7fc                daisy::DaisySeed::StartAudio(void (*)(float const* const*, float**, unsigned int))
 .text._ZN5daisy9DaisySeed18SetAudioSampleRateENS_9SaiHandle6Config10SampleRateE
                0x2401e804       0x38 ./libdaisy/build\libdaisy.a(daisy_seed.o)
                0x2401e804                daisy::DaisySeed::SetAudioSampleRate(daisy::SaiHandle::Config::SampleRate)
 .text._ZN5daisy9DaisySeed17SetAudioBlockSizeEj
                0x2401e83c       0x38 ./libdaisy/build\libdaisy.a(daisy_seed.o)
                0x2401e83c                daisy::DaisySeed::SetAudioBlockSize(unsigned int)
 .text._ZN5daisy9DaisySeed6SetLedEb
                0x2401e874        0x8 ./libdaisy/build\libdaisy.a(daisy_seed.o)
                0x2401e874                daisy::DaisySeed::SetLed(bool)
 .text._ZN5daisy9DaisySeed17CheckBoardVersionEv
                0x2401e87c       0x6c ./libdaisy/build\libdaisy.a(daisy_seed.o)
                0x2401e87c                daisy::DaisySeed::CheckBoardVersion()
 .text._ZN5daisy9DaisySeed14ConfigureAudioEv
                0x2401e8e8      0x108 ./libdaisy/build\libdaisy.a(daisy_seed.o)
                0x2401e8e8                daisy::DaisySeed::ConfigureAudio()
 .text._ZN5daisy9DaisySeed4InitEb
                0x2401e9f0       0xf0 ./libdaisy/build\libdaisy.a(daisy_seed.o)
                0x2401e9f0                daisy::DaisySeed::Init(bool)
 .text._ZN5daisy6Ak45564InitENS_3PinE
                0x2401eae0       0x44 ./libdaisy/build\libdaisy.a(codec_ak4556.o)
                0x2401eae0                daisy::Ak4556::Init(daisy::Pin)
 .text._ZN5daisy6Wm873120WriteControlRegisterEht
                0x2401eb24       0x3c ./libdaisy/build\libdaisy.a(codec_wm8731.o)
                0x2401eb24                daisy::Wm8731::WriteControlRegister(unsigned char, unsigned short)
 .text._ZN5daisy6Wm87314InitERKNS0_6ConfigENS_9I2CHandleE
                0x2401eb60      0x1b4 ./libdaisy/build\libdaisy.a(codec_wm8731.o)
                0x2401eb60                daisy::Wm8731::Init(daisy::Wm8731::Config const&, daisy::I2CHandle)
 .text._ZN11SdramHandle10DeviceInitEv
                0x2401ed14       0x8c ./libdaisy/build\libdaisy.a(sdram.o)
                0x2401ed14                SdramHandle::DeviceInit()
 .text._ZN11SdramHandle4InitEv
                0x2401eda0       0x88 ./libdaisy/build\libdaisy.a(sdram.o)
                0x2401eda0                SdramHandle::Init()
 .text.HAL_SDRAM_MspInit
                0x2401ee28      0x19c ./libdaisy/build\libdaisy.a(sdram.o)
                0x2401ee28                HAL_SDRAM_MspInit
 .text._ZN5daisy11AudioHandle4Impl16InternalCallbackEPlS2_j
                0x2401efc4      0xd50 ./libdaisy/build\libdaisy.a(audio.o)
                0x2401efc4                daisy::AudioHandle::Impl::InternalCallback(long*, long*, unsigned int)
 .text._ZN5daisy11AudioHandle4InitERKNS0_6ConfigENS_9SaiHandleE
                0x2401fd14       0x70 ./libdaisy/build\libdaisy.a(audio.o)
                0x2401fd14                daisy::AudioHandle::Init(daisy::AudioHandle::Config const&, daisy::SaiHandle)
 .text._ZNK5daisy11AudioHandle9GetConfigEv
                0x2401fd84        0x8 ./libdaisy/build\libdaisy.a(audio.o)
                0x2401fd84                daisy::AudioHandle::GetConfig() const
 .text._ZN5daisy11AudioHandle12SetBlockSizeEj
                0x2401fd8c       0x1c ./libdaisy/build\libdaisy.a(audio.o)
                0x2401fd8c                daisy::AudioHandle::SetBlockSize(unsigned int)
 .text._ZN5daisy11AudioHandle13GetSampleRateEv
                0x2401fda8        0x8 ./libdaisy/build\libdaisy.a(audio.o)
                0x2401fda8                daisy::AudioHandle::GetSampleRate()
 .text._ZN5daisy11AudioHandle13SetSampleRateENS_9SaiHandle6Config10SampleRateE
                0x2401fdb0       0xa4 ./libdaisy/build\libdaisy.a(audio.o)
                0x2401fdb0                daisy::AudioHandle::SetSampleRate(daisy::SaiHandle::Config::SampleRate)
 .text._ZN5daisy11AudioHandle5StartEPFvPKPKfPPfjE
                0x2401fe54       0x44 ./libdaisy/build\libdaisy.a(audio.o)
                0x2401fe54                daisy::AudioHandle::Start(void (*)(float const* const*, float**, unsigned int))
 .text.startup._GLOBAL__sub_I__ZN5daisy11AudioHandle4Impl4InitENS0_6ConfigENS_9SaiHandleE
                0x2401fe98       0x20 ./libdaisy/build\libdaisy.a(audio.o)
 .text._ZN5daisy9UsbHandleD2Ev
                0x2401feb8        0x4 ./libdaisy/build\libdaisy.a(logger.o)
                0x2401feb8                daisy::UsbHandle::~UsbHandle()
                0x2401feb8                daisy::UsbHandle::~UsbHandle()
 .text._ZN5daisy6LoggerILNS_17LoggerDestinationE1EE9PrintLineEPKcz
                0x2401febc       0xc8 ./libdaisy/build\libdaisy.a(logger.o)
                0x2401febc                daisy::Logger<(daisy::LoggerDestination)1>::PrintLine(char const*, ...)
 .text._ZN5daisy6LoggerILNS_17LoggerDestinationE1EE8StartLogEb
                0x2401ff84       0x38 ./libdaisy/build\libdaisy.a(logger.o)
                0x2401ff84                daisy::Logger<(daisy::LoggerDestination)1>::StartLog(bool)
 .text.startup._GLOBAL__sub_I__ZN5daisy10LoggerImplILNS_17LoggerDestinationE1EE11usb_handle_E
                0x2401ffbc       0x30 ./libdaisy/build\libdaisy.a(logger.o)
 .text.DummyRxCallback
                0x2401ffec        0x4 ./libdaisy/build\libdaisy.a(usb.o)
                0x2401ffec                DummyRxCallback
 .text._ZN5daisy9UsbHandle4InitENS0_9UsbPeriphE
                0x2401fff0      0x10c ./libdaisy/build\libdaisy.a(usb.o)
                0x2401fff0                daisy::UsbHandle::Init(daisy::UsbHandle::UsbPeriph)
 .text._ZN5daisy9UsbHandle16TransmitInternalEPhj
                0x240200fc       0x14 ./libdaisy/build\libdaisy.a(usb.o)
                0x240200fc                daisy::UsbHandle::TransmitInternal(unsigned char*, unsigned int)
 .text.OTG_FS_EP1_OUT_IRQHandler
                0x24020110        0xc ./libdaisy/build\libdaisy.a(usb.o)
                0x24020110                OTG_FS_EP1_OUT_IRQHandler
 .text.OTG_FS_EP1_IN_IRQHandler
                0x2402011c        0xc ./libdaisy/build\libdaisy.a(usb.o)
                0x2402011c                OTG_FS_EP1_IN_IRQHandler
 .text.OTG_FS_IRQHandler
                0x24020128        0xc ./libdaisy/build\libdaisy.a(usb.o)
                0x24020128                OTG_FS_IRQHandler
 .text._ZN5daisy4GPIO4InitERKNS0_6ConfigE
                0x24020134      0x220 ./libdaisy/build\libdaisy.a(gpio.o)
                0x24020134                daisy::GPIO::Init(daisy::GPIO::Config const&)
 .text._ZN5daisy4GPIO4InitENS_3PinENS0_4ModeENS0_4PullENS0_5SpeedE
                0x24020354      0x21c ./libdaisy/build\libdaisy.a(gpio.o)
                0x24020354                daisy::GPIO::Init(daisy::Pin, daisy::GPIO::Mode, daisy::GPIO::Pull, daisy::GPIO::Speed)
 .text._ZN5daisy4GPIO4ReadEv
                0x24020570       0x18 ./libdaisy/build\libdaisy.a(gpio.o)
                0x24020570                daisy::GPIO::Read()
 .text._ZN5daisy4GPIO5WriteEb
                0x24020588       0x14 ./libdaisy/build\libdaisy.a(gpio.o)
                0x24020588                daisy::GPIO::Write(bool)
 .text._ZN5daisy9I2CHandle4Impl8InitPinsEv
                0x2402059c       0x6c ./libdaisy/build\libdaisy.a(i2c.o)
                0x2402059c                daisy::I2CHandle::Impl::InitPins()
 .text.HAL_I2C_MspInit
                0x24020608      0x1b4 ./libdaisy/build\libdaisy.a(i2c.o)
                0x24020608                HAL_I2C_MspInit
 .text.dsy_i2c_global_init
                0x240207bc       0x70 ./libdaisy/build\libdaisy.a(i2c.o)
                0x240207bc                dsy_i2c_global_init
 .text.DMA1_Stream6_IRQHandler
                0x2402082c       0x34 ./libdaisy/build\libdaisy.a(i2c.o)
                0x2402082c                DMA1_Stream6_IRQHandler
 .text.I2C1_EV_IRQHandler
                0x24020860        0xc ./libdaisy/build\libdaisy.a(i2c.o)
                0x24020860                I2C1_EV_IRQHandler
 .text.I2C2_EV_IRQHandler
                0x2402086c        0xc ./libdaisy/build\libdaisy.a(i2c.o)
                0x2402086c                I2C2_EV_IRQHandler
 .text.I2C3_EV_IRQHandler
                0x24020878        0xc ./libdaisy/build\libdaisy.a(i2c.o)
                0x24020878                I2C3_EV_IRQHandler
 .text._ZN5daisy9I2CHandle4InitERKNS0_6ConfigE
                0x24020884      0x128 ./libdaisy/build\libdaisy.a(i2c.o)
                0x24020884                daisy::I2CHandle::Init(daisy::I2CHandle::Config const&)
 .text._ZN5daisy9I2CHandle16TransmitBlockingEtPhtm
                0x240209ac       0x50 ./libdaisy/build\libdaisy.a(i2c.o)
                0x240209ac                daisy::I2CHandle::TransmitBlocking(unsigned short, unsigned char*, unsigned short, unsigned long)
 .text.startup._GLOBAL__sub_I__ZN5daisy9I2CHandle4Impl10GlobalInitEv
                0x240209fc       0x2c ./libdaisy/build\libdaisy.a(i2c.o)
 .text._ZN5daisy10QSPIHandle4Impl11WriteEnableEv
                0x24020a28       0x88 ./libdaisy/build\libdaisy.a(qspi.o)
                0x24020a28                daisy::QSPIHandle::Impl::WriteEnable()
 .text._ZN5daisy10QSPIHandle4Impl17DummyCyclesConfigENS0_6Config6DeviceE
                0x24020ab0      0x108 ./libdaisy/build\libdaisy.a(qspi.o)
                0x24020ab0                daisy::QSPIHandle::Impl::DummyCyclesConfig(daisy::QSPIHandle::Config::Device)
 .text._ZN5daisy10QSPIHandle4Impl10QuadEnableEv
                0x24020bb8      0x148 ./libdaisy/build\libdaisy.a(qspi.o)
                0x24020bb8                daisy::QSPIHandle::Impl::QuadEnable()
 .text._ZN5daisy10QSPIHandle4Impl21DefaultStatusRegisterEv
                0x24020d00      0x148 ./libdaisy/build\libdaisy.a(qspi.o)
                0x24020d00                daisy::QSPIHandle::Impl::DefaultStatusRegister()
 .text._ZN5daisy10QSPIHandle4Impl7PreInitEm
                0x24020e48      0x190 ./libdaisy/build\libdaisy.a(qspi.o)
                0x24020e48                daisy::QSPIHandle::Impl::PreInit(unsigned long)
 .text._ZN5daisy10QSPIHandle4InitERKNS0_6ConfigE
                0x24020fd8      0x1b4 ./libdaisy/build\libdaisy.a(qspi.o)
                0x24020fd8                daisy::QSPIHandle::Init(daisy::QSPIHandle::Config const&)
 .text.HAL_QSPI_MspInit
                0x2402118c      0x190 ./libdaisy/build\libdaisy.a(qspi.o)
                0x2402118c                HAL_QSPI_MspInit
 .text.HAL_QSPI_MspDeInit
                0x2402131c      0x148 ./libdaisy/build\libdaisy.a(qspi.o)
                0x2402131c                HAL_QSPI_MspDeInit
 .text.QUADSPI_IRQHandler
                0x24021464        0xc ./libdaisy/build\libdaisy.a(qspi.o)
                0x24021464                QUADSPI_IRQHandler
 .text.startup._GLOBAL__sub_I__ZN5daisy10QSPIHandle4Impl7PreInitEm
                0x24021470       0x40 ./libdaisy/build\libdaisy.a(qspi.o)
 .text._ZN5daisy9SaiHandle4Impl8InitPinsEv
                0x240214b0       0xcc ./libdaisy/build\libdaisy.a(sai.o)
                0x240214b0                daisy::SaiHandle::Impl::InitPins()
 .text.HAL_SAI_MspInit
                0x2402157c      0x2a8 ./libdaisy/build\libdaisy.a(sai.o)
                0x2402157c                HAL_SAI_MspInit
 .text.DMA1_Stream0_IRQHandler
                0x24021824        0xc ./libdaisy/build\libdaisy.a(sai.o)
                0x24021824                DMA1_Stream0_IRQHandler
 .text.DMA1_Stream1_IRQHandler
                0x24021830        0xc ./libdaisy/build\libdaisy.a(sai.o)
                0x24021830                DMA1_Stream1_IRQHandler
 .text.DMA1_Stream3_IRQHandler
                0x2402183c        0xc ./libdaisy/build\libdaisy.a(sai.o)
                0x2402183c                DMA1_Stream3_IRQHandler
 .text.DMA1_Stream4_IRQHandler
                0x24021848        0xc ./libdaisy/build\libdaisy.a(sai.o)
                0x24021848                DMA1_Stream4_IRQHandler
 .text.HAL_SAI_RxHalfCpltCallback
                0x24021854       0x78 ./libdaisy/build\libdaisy.a(sai.o)
                0x24021854                HAL_SAI_RxHalfCpltCallback
 .text.HAL_SAI_RxCpltCallback
                0x240218cc       0x70 ./libdaisy/build\libdaisy.a(sai.o)
                0x240218cc                HAL_SAI_RxCpltCallback
 *fill*         0x2402193c        0x4 
 .text._ZN5daisy9SaiHandle4InitERKNS0_6ConfigE
                0x24021940      0x204 ./libdaisy/build\libdaisy.a(sai.o)
                0x24021940                daisy::SaiHandle::Init(daisy::SaiHandle::Config const&)
 .text._ZNK5daisy9SaiHandle9GetConfigEv
                0x24021b44        0x4 ./libdaisy/build\libdaisy.a(sai.o)
                0x24021b44                daisy::SaiHandle::GetConfig() const
 .text._ZN5daisy9SaiHandle8StartDmaEPlS1_jPFvS1_S1_jE
                0x24021b48       0xac ./libdaisy/build\libdaisy.a(sai.o)
                0x24021b48                daisy::SaiHandle::StartDma(long*, long*, unsigned int, void (*)(long*, long*, unsigned int))
 .text._ZN5daisy9SaiHandle13GetSampleRateEv
                0x24021bf4       0x24 ./libdaisy/build\libdaisy.a(sai.o)
                0x24021bf4                daisy::SaiHandle::GetSampleRate()
 .text._ZNK5daisy9SaiHandle9GetOffsetEv
                0x24021c18        0x8 ./libdaisy/build\libdaisy.a(sai.o)
                0x24021c18                daisy::SaiHandle::GetOffset() const
 .text.startup._GLOBAL__sub_I__ZN5daisy9SaiHandle4Impl4InitERKNS0_6ConfigE
                0x24021c20       0x20 ./libdaisy/build\libdaisy.a(sai.o)
 .text._ZN5daisy9SpiHandle4Impl7InitDmaEv
                0x24021c40       0xec ./libdaisy/build\libdaisy.a(spi.o)
                0x24021c40                daisy::SpiHandle::Impl::InitDma()
 .text._ZN5daisy9SpiHandle4Impl10StartDmaTxEPhjPFvPvEPFvS3_NS0_6ResultEES3_
                0x24021d2c       0xbc ./libdaisy/build\libdaisy.a(spi.o)
                0x24021d2c                daisy::SpiHandle::Impl::StartDmaTx(unsigned char*, unsigned int, void (*)(void*), void (*)(void*, daisy::SpiHandle::Result), void*)
 .text._ZN5daisy9SpiHandle4Impl10StartDmaRxEPhjPFvPvEPFvS3_NS0_6ResultEES3_
                0x24021de8       0xbc ./libdaisy/build\libdaisy.a(spi.o)
                0x24021de8                daisy::SpiHandle::Impl::StartDmaRx(unsigned char*, unsigned int, void (*)(void*), void (*)(void*, daisy::SpiHandle::Result), void*)
 .text._ZN5daisy9SpiHandle4Impl12StartDmaRxTxEPhS2_jPFvPvEPFvS3_NS0_6ResultEES3_
                0x24021ea4       0xbc ./libdaisy/build\libdaisy.a(spi.o)
                0x24021ea4                daisy::SpiHandle::Impl::StartDmaRxTx(unsigned char*, unsigned char*, unsigned int, void (*)(void*), void (*)(void*, daisy::SpiHandle::Result), void*)
 .text._ZN5daisy9SpiHandle4Impl8InitPinsEv
                0x24021f60      0x20c ./libdaisy/build\libdaisy.a(spi.o)
                0x24021f60                daisy::SpiHandle::Impl::InitPins()
 .text.HAL_SPI_MspInit
                0x2402216c      0x6e8 ./libdaisy/build\libdaisy.a(spi.o)
                0x2402216c                HAL_SPI_MspInit
 .text.dsy_spi_global_init
                0x24022854       0x80 ./libdaisy/build\libdaisy.a(spi.o)
                0x24022854                dsy_spi_global_init
 .text.SPI1_IRQHandler
                0x240228d4        0xc ./libdaisy/build\libdaisy.a(spi.o)
                0x240228d4                SPI1_IRQHandler
 .text.SPI2_IRQHandler
                0x240228e0        0xc ./libdaisy/build\libdaisy.a(spi.o)
                0x240228e0                SPI2_IRQHandler
 .text.SPI3_IRQHandler
                0x240228ec        0xc ./libdaisy/build\libdaisy.a(spi.o)
                0x240228ec                SPI3_IRQHandler
 .text.SPI4_IRQHandler
                0x240228f8        0xc ./libdaisy/build\libdaisy.a(spi.o)
                0x240228f8                SPI4_IRQHandler
 .text.SPI5_IRQHandler
                0x24022904        0xc ./libdaisy/build\libdaisy.a(spi.o)
                0x24022904                SPI5_IRQHandler
 .text.DMA2_Stream2_IRQHandler
                0x24022910       0x34 ./libdaisy/build\libdaisy.a(spi.o)
                0x24022910                DMA2_Stream2_IRQHandler
 .text.DMA2_Stream3_IRQHandler
                0x24022944       0x34 ./libdaisy/build\libdaisy.a(spi.o)
                0x24022944                DMA2_Stream3_IRQHandler
 .text.HAL_SPI_TxCpltCallback
                0x24022978       0xc0 ./libdaisy/build\libdaisy.a(spi.o)
                0x24022978                HAL_SPI_TxCpltCallback
 .text.HAL_SPI_RxCpltCallback
                0x24022a38       0xc0 ./libdaisy/build\libdaisy.a(spi.o)
                0x24022a38                HAL_SPI_RxCpltCallback
 .text.HAL_SPI_TxRxCpltCallback
                0x24022af8       0xc0 ./libdaisy/build\libdaisy.a(spi.o)
                0x24022af8                HAL_SPI_TxRxCpltCallback
 .text.HAL_SPI_ErrorCallback
                0x24022bb8       0xc4 ./libdaisy/build\libdaisy.a(spi.o)
                0x24022bb8                HAL_SPI_ErrorCallback
 .text._ZN5daisy9SpiHandle4InitERKNS0_6ConfigE
                0x24022c7c      0x124 ./libdaisy/build\libdaisy.a(spi.o)
                0x24022c7c                daisy::SpiHandle::Init(daisy::SpiHandle::Config const&)
 .text._ZN5daisy9SpiHandle26BlockingTransmitAndReceiveEPhS1_jm
                0x24022da0       0x1c ./libdaisy/build\libdaisy.a(spi.o)
                0x24022da0                daisy::SpiHandle::BlockingTransmitAndReceive(unsigned char*, unsigned char*, unsigned int, unsigned long)
 .text.startup._GLOBAL__sub_I__Z19MapInstanceToHandleP11SPI_TypeDef
                0x24022dbc      0x1d8 ./libdaisy/build\libdaisy.a(spi.o)
 .text.get_fattime
                0x24022f94        0x4 ./libdaisy/build\libdaisy.a(fatfs.o)
                0x24022f94                get_fattime
 .text._ZN5daisy11TimerHandleD2Ev
                0x24022f98        0x4 ./libdaisy/build\libdaisy.a(system.o)
                0x24022f98                daisy::TimerHandle::~TimerHandle()
                0x24022f98                daisy::TimerHandle::~TimerHandle()
 .text.SysTick_Handler
                0x24022f9c       0x10 ./libdaisy/build\libdaisy.a(system.o)
                0x24022f9c                SysTick_Handler
 .text.OTG_HS_EP1_OUT_IRQHandler
                0x24022fac       0x24 ./libdaisy/build\libdaisy.a(system.o)
                0x24022fac                OTG_HS_EP1_OUT_IRQHandler
 .text.OTG_HS_EP1_IN_IRQHandler
                0x24022fd0       0x24 ./libdaisy/build\libdaisy.a(system.o)
                0x24022fd0                OTG_HS_EP1_IN_IRQHandler
 .text.OTG_HS_IRQHandler
                0x24022ff4       0x24 ./libdaisy/build\libdaisy.a(system.o)
                0x24022ff4                OTG_HS_IRQHandler
 .text.HardFault_Handler
                0x24023018       0xe0 ./libdaisy/build\libdaisy.a(system.o)
                0x24023018                HardFault_Handler
 .text._ZN5daisy6System6GetNowEv
                0x240230f8        0x4 ./libdaisy/build\libdaisy.a(system.o)
                0x240230f8                daisy::System::GetNow()
 .text._ZN5daisy6System5DelayEm
                0x240230fc        0x4 ./libdaisy/build\libdaisy.a(system.o)
                0x240230fc                daisy::System::Delay(unsigned long)
 .text._ZN5daisy6System20GetBootloaderVersionEv
                0x24023100       0x34 ./libdaisy/build\libdaisy.a(system.o)
                0x24023100                daisy::System::GetBootloaderVersion()
 *fill*         0x24023134        0x4 
 .text._ZN5daisy6System15ConfigureClocksEv
                0x24023138      0x19c ./libdaisy/build\libdaisy.a(system.o)
                0x24023138                daisy::System::ConfigureClocks()
 .text._ZN5daisy6System12ConfigureMpuEv
                0x240232d4       0x7c ./libdaisy/build\libdaisy.a(system.o)
                0x240232d4                daisy::System::ConfigureMpu()
 .text._ZN5daisy6System4InitERKNS0_6ConfigE
                0x24023350       0xf8 ./libdaisy/build\libdaisy.a(system.o)
                0x24023350                daisy::System::Init(daisy::System::Config const&)
 .text._ZN5daisy6System12GetPClk1FreqEv
                0x24023448        0x4 ./libdaisy/build\libdaisy.a(system.o)
                0x24023448                daisy::System::GetPClk1Freq()
 .text._ZN5daisy6System22GetProgramMemoryRegionEv
                0x2402344c       0x78 ./libdaisy/build\libdaisy.a(system.o)
                0x2402344c                daisy::System::GetProgramMemoryRegion()
 .text.startup._GLOBAL__sub_I__ZN5daisy9boot_infoE
                0x240234c4       0x1c ./libdaisy/build\libdaisy.a(system.o)
 .text.dummy_rx_callback
                0x240234e0        0x4 ./libdaisy/build\libdaisy.a(usbd_cdc_if.o)
                0x240234e0                dummy_rx_callback
 .text.CDC_DeInit_FS
                0x240234e4        0x4 ./libdaisy/build\libdaisy.a(usbd_cdc_if.o)
 .text.CDC_Receive_FS
                0x240234e8       0x2c ./libdaisy/build\libdaisy.a(usbd_cdc_if.o)
 .text.CDC_Receive_HS
                0x24023514       0x2c ./libdaisy/build\libdaisy.a(usbd_cdc_if.o)
 .text.CDC_Init_FS
                0x24023540       0x3c ./libdaisy/build\libdaisy.a(usbd_cdc_if.o)
 .text.CDC_Init_HS
                0x2402357c       0x3c ./libdaisy/build\libdaisy.a(usbd_cdc_if.o)
 .text.CDC_Control_FS
                0x240235b8       0x38 ./libdaisy/build\libdaisy.a(usbd_cdc_if.o)
 .text.CDC_Control_HS
                0x240235f0       0x38 ./libdaisy/build\libdaisy.a(usbd_cdc_if.o)
 .text.CDC_DeInit_HS
                0x24023628        0x4 ./libdaisy/build\libdaisy.a(usbd_cdc_if.o)
 .text.CDC_Transmit_FS
                0x2402362c       0x2c ./libdaisy/build\libdaisy.a(usbd_cdc_if.o)
                0x2402362c                CDC_Transmit_FS
 .text.HAL_PCD_MspInit
                0x24023658      0x144 ./libdaisy/build\libdaisy.a(usbd_conf.o)
                0x24023658                HAL_PCD_MspInit
 .text.HAL_PCD_SetupStageCallback
                0x2402379c        0xc ./libdaisy/build\libdaisy.a(usbd_conf.o)
                0x2402379c                HAL_PCD_SetupStageCallback
 .text.HAL_PCD_DataOutStageCallback
                0x240237a8       0x14 ./libdaisy/build\libdaisy.a(usbd_conf.o)
                0x240237a8                HAL_PCD_DataOutStageCallback
 .text.HAL_PCD_DataInStageCallback
                0x240237bc       0x14 ./libdaisy/build\libdaisy.a(usbd_conf.o)
                0x240237bc                HAL_PCD_DataInStageCallback
 .text.HAL_PCD_SOFCallback
                0x240237d0        0x8 ./libdaisy/build\libdaisy.a(usbd_conf.o)
                0x240237d0                HAL_PCD_SOFCallback
 .text.HAL_PCD_ResetCallback
                0x240237d8       0x24 ./libdaisy/build\libdaisy.a(usbd_conf.o)
                0x240237d8                HAL_PCD_ResetCallback
 .text.HAL_PCD_SuspendCallback
                0x240237fc       0x30 ./libdaisy/build\libdaisy.a(usbd_conf.o)
                0x240237fc                HAL_PCD_SuspendCallback
 .text.HAL_PCD_ResumeCallback
                0x2402382c        0x8 ./libdaisy/build\libdaisy.a(usbd_conf.o)
                0x2402382c                HAL_PCD_ResumeCallback
 .text.HAL_PCD_ISOOUTIncompleteCallback
                0x24023834        0x8 ./libdaisy/build\libdaisy.a(usbd_conf.o)
                0x24023834                HAL_PCD_ISOOUTIncompleteCallback
 .text.HAL_PCD_ISOINIncompleteCallback
                0x2402383c        0x8 ./libdaisy/build\libdaisy.a(usbd_conf.o)
                0x2402383c                HAL_PCD_ISOINIncompleteCallback
 .text.HAL_PCD_ConnectCallback
                0x24023844        0x8 ./libdaisy/build\libdaisy.a(usbd_conf.o)
                0x24023844                HAL_PCD_ConnectCallback
 .text.HAL_PCD_DisconnectCallback
                0x2402384c        0x8 ./libdaisy/build\libdaisy.a(usbd_conf.o)
                0x2402384c                HAL_PCD_DisconnectCallback
 .text.USBD_LL_Init
                0x24023854       0xd0 ./libdaisy/build\libdaisy.a(usbd_conf.o)
                0x24023854                USBD_LL_Init
 .text.USBD_LL_Start
                0x24023924       0x18 ./libdaisy/build\libdaisy.a(usbd_conf.o)
                0x24023924                USBD_LL_Start
 .text.USBD_LL_OpenEP
                0x2402393c       0x1c ./libdaisy/build\libdaisy.a(usbd_conf.o)
                0x2402393c                USBD_LL_OpenEP
 .text.USBD_LL_CloseEP
                0x24023958       0x18 ./libdaisy/build\libdaisy.a(usbd_conf.o)
                0x24023958                USBD_LL_CloseEP
 .text.USBD_LL_StallEP
                0x24023970       0x18 ./libdaisy/build\libdaisy.a(usbd_conf.o)
                0x24023970                USBD_LL_StallEP
 .text.USBD_LL_ClearStallEP
                0x24023988       0x18 ./libdaisy/build\libdaisy.a(usbd_conf.o)
                0x24023988                USBD_LL_ClearStallEP
 .text.USBD_LL_IsStallEP
                0x240239a0       0x28 ./libdaisy/build\libdaisy.a(usbd_conf.o)
                0x240239a0                USBD_LL_IsStallEP
 .text.USBD_LL_SetUSBAddress
                0x240239c8       0x18 ./libdaisy/build\libdaisy.a(usbd_conf.o)
                0x240239c8                USBD_LL_SetUSBAddress
 .text.USBD_LL_Transmit
                0x240239e0       0x18 ./libdaisy/build\libdaisy.a(usbd_conf.o)
                0x240239e0                USBD_LL_Transmit
 .text.USBD_LL_PrepareReceive
                0x240239f8       0x18 ./libdaisy/build\libdaisy.a(usbd_conf.o)
                0x240239f8                USBD_LL_PrepareReceive
 .text.USBD_LL_GetRxDataSize
                0x24023a10        0x8 ./libdaisy/build\libdaisy.a(usbd_conf.o)
                0x24023a10                USBD_LL_GetRxDataSize
 .text.USBD_HS_DeviceDescriptor
                0x24023a18        0xc ./libdaisy/build\libdaisy.a(usbd_desc.o)
                0x24023a18                USBD_HS_DeviceDescriptor
 .text.USBD_FS_DeviceDescriptor
                0x24023a24        0xc ./libdaisy/build\libdaisy.a(usbd_desc.o)
                0x24023a24                USBD_FS_DeviceDescriptor
 .text.USBD_FS_LangIDStrDescriptor
                0x24023a30        0xc ./libdaisy/build\libdaisy.a(usbd_desc.o)
                0x24023a30                USBD_FS_LangIDStrDescriptor
 .text.USBD_FS_ManufacturerStrDescriptor
                0x24023a3c       0x1c ./libdaisy/build\libdaisy.a(usbd_desc.o)
                0x24023a3c                USBD_FS_ManufacturerStrDescriptor
 .text.USBD_HS_ProductStrDescriptor
                0x24023a58       0x1c ./libdaisy/build\libdaisy.a(usbd_desc.o)
                0x24023a58                USBD_HS_ProductStrDescriptor
 .text.USBD_FS_ConfigStrDescriptor
                0x24023a74       0x1c ./libdaisy/build\libdaisy.a(usbd_desc.o)
                0x24023a74                USBD_FS_ConfigStrDescriptor
 .text.USBD_FS_InterfaceStrDescriptor
                0x24023a90       0x1c ./libdaisy/build\libdaisy.a(usbd_desc.o)
                0x24023a90                USBD_FS_InterfaceStrDescriptor
 .text.USBD_FS_ProductStrDescriptor
                0x24023aac       0x1c ./libdaisy/build\libdaisy.a(usbd_desc.o)
                0x24023aac                USBD_FS_ProductStrDescriptor
 .text.USBD_HS_LangIDStrDescriptor
                0x24023ac8        0xc ./libdaisy/build\libdaisy.a(usbd_desc.o)
                0x24023ac8                USBD_HS_LangIDStrDescriptor
 .text.USBD_HS_ManufacturerStrDescriptor
                0x24023ad4       0x1c ./libdaisy/build\libdaisy.a(usbd_desc.o)
                0x24023ad4                USBD_HS_ManufacturerStrDescriptor
 .text.USBD_FS_SerialStrDescriptor
                0x24023af0      0x154 ./libdaisy/build\libdaisy.a(usbd_desc.o)
                0x24023af0                USBD_FS_SerialStrDescriptor
 .text.USBD_HS_SerialStrDescriptor
                0x24023c44      0x154 ./libdaisy/build\libdaisy.a(usbd_desc.o)
                0x24023c44                USBD_HS_SerialStrDescriptor
 .text.USBD_HS_InterfaceStrDescriptor
                0x24023d98       0x1c ./libdaisy/build\libdaisy.a(usbd_desc.o)
                0x24023d98                USBD_HS_InterfaceStrDescriptor
 .text.USBD_HS_ConfigStrDescriptor
                0x24023db4       0x1c ./libdaisy/build\libdaisy.a(usbd_desc.o)
                0x24023db4                USBD_HS_ConfigStrDescriptor
 .text.HAL_HCD_SOF_Callback
                0x24023dd0        0x8 ./libdaisy/build\libdaisy.a(usbh_conf.o)
                0x24023dd0                HAL_HCD_SOF_Callback
 .text.HAL_HCD_Connect_Callback
                0x24023dd8        0x8 ./libdaisy/build\libdaisy.a(usbh_conf.o)
                0x24023dd8                HAL_HCD_Connect_Callback
 .text.HAL_HCD_Disconnect_Callback
                0x24023de0        0x8 ./libdaisy/build\libdaisy.a(usbh_conf.o)
                0x24023de0                HAL_HCD_Disconnect_Callback
 .text.HAL_HCD_HC_NotifyURBChange_Callback
                0x24023de8        0x4 ./libdaisy/build\libdaisy.a(usbh_conf.o)
                0x24023de8                HAL_HCD_HC_NotifyURBChange_Callback
 .text.HAL_HCD_PortEnabled_Callback
                0x24023dec        0x8 ./libdaisy/build\libdaisy.a(usbh_conf.o)
                0x24023dec                HAL_HCD_PortEnabled_Callback
 .text.HAL_HCD_PortDisabled_Callback
                0x24023df4        0x8 ./libdaisy/build\libdaisy.a(usbh_conf.o)
                0x24023df4                HAL_HCD_PortDisabled_Callback
 .text.USBH_LL_Stop
                0x24023dfc       0x18 ./libdaisy/build\libdaisy.a(usbh_conf.o)
                0x24023dfc                USBH_LL_Stop
 .text.BSP_SD_WriteCpltCallback
                0x24023e14        0xc ./libdaisy/build\libdaisy.a(sd_diskio.o)
                0x24023e14                BSP_SD_WriteCpltCallback
 .text.BSP_SD_ReadCpltCallback
                0x24023e20        0xc ./libdaisy/build\libdaisy.a(sd_diskio.o)
                0x24023e20                BSP_SD_ReadCpltCallback
 .text.BSP_SD_ErrorCallback
                0x24023e2c        0xc ./libdaisy/build\libdaisy.a(sd_diskio.o)
                0x24023e2c                BSP_SD_ErrorCallback
 .text.HAL_MspInit
                0x24023e38        0x4 ./libdaisy/build\libdaisy.a(stm32h7xx_hal.o)
                0x24023e38                HAL_MspInit
 .text.HAL_InitTick
                0x24023e3c       0x4c ./libdaisy/build\libdaisy.a(stm32h7xx_hal.o)
                0x24023e3c                HAL_InitTick
 .text.HAL_Init
                0x24023e88       0x60 ./libdaisy/build\libdaisy.a(stm32h7xx_hal.o)
                0x24023e88                HAL_Init
 .text.HAL_IncTick
                0x24023ee8       0x18 ./libdaisy/build\libdaisy.a(stm32h7xx_hal.o)
                0x24023ee8                HAL_IncTick
 .text.HAL_GetTick
                0x24023f00        0xc ./libdaisy/build\libdaisy.a(stm32h7xx_hal.o)
                0x24023f00                HAL_GetTick
 .text.HAL_Delay
                0x24023f0c       0x24 ./libdaisy/build\libdaisy.a(stm32h7xx_hal.o)
                0x24023f0c                HAL_Delay
 .text.HAL_GetREVID
                0x24023f30        0xc ./libdaisy/build\libdaisy.a(stm32h7xx_hal.o)
                0x24023f30                HAL_GetREVID
 .text.HAL_NVIC_SetPriorityGrouping
                0x24023f3c       0x24 ./libdaisy/build\libdaisy.a(stm32h7xx_hal_cortex.o)
                0x24023f3c                HAL_NVIC_SetPriorityGrouping
 .text.HAL_NVIC_SetPriority
                0x24023f60       0x78 ./libdaisy/build\libdaisy.a(stm32h7xx_hal_cortex.o)
                0x24023f60                HAL_NVIC_SetPriority
 .text.HAL_NVIC_EnableIRQ
                0x24023fd8       0x1c ./libdaisy/build\libdaisy.a(stm32h7xx_hal_cortex.o)
                0x24023fd8                HAL_NVIC_EnableIRQ
 .text.HAL_NVIC_DisableIRQ
                0x24023ff4       0x24 ./libdaisy/build\libdaisy.a(stm32h7xx_hal_cortex.o)
                0x24023ff4                HAL_NVIC_DisableIRQ
 .text.HAL_SYSTICK_Config
                0x24024018       0x2c ./libdaisy/build\libdaisy.a(stm32h7xx_hal_cortex.o)
                0x24024018                HAL_SYSTICK_Config
 .text.HAL_MPU_Disable
                0x24024044       0x1c ./libdaisy/build\libdaisy.a(stm32h7xx_hal_cortex.o)
                0x24024044                HAL_MPU_Disable
 .text.HAL_MPU_Enable
                0x24024060       0x20 ./libdaisy/build\libdaisy.a(stm32h7xx_hal_cortex.o)
                0x24024060                HAL_MPU_Enable
 .text.HAL_MPU_ConfigRegion
                0x24024080       0x64 ./libdaisy/build\libdaisy.a(stm32h7xx_hal_cortex.o)
                0x24024080                HAL_MPU_ConfigRegion
 .text.HAL_SYSTICK_Callback
                0x240240e4        0x4 ./libdaisy/build\libdaisy.a(stm32h7xx_hal_cortex.o)
                0x240240e4                HAL_SYSTICK_Callback
 .text.HAL_SYSTICK_IRQHandler
                0x240240e8        0x8 ./libdaisy/build\libdaisy.a(stm32h7xx_hal_cortex.o)
                0x240240e8                HAL_SYSTICK_IRQHandler
 .text.DMA_CalcBaseAndBitshift
                0x240240f0      0x100 ./libdaisy/build\libdaisy.a(stm32h7xx_hal_dma.o)
 .text.DMA_CalcDMAMUXChannelBaseAndMask
                0x240241f0       0xd4 ./libdaisy/build\libdaisy.a(stm32h7xx_hal_dma.o)
 .text.HAL_DMA_Init
                0x240242c4      0x520 ./libdaisy/build\libdaisy.a(stm32h7xx_hal_dma.o)
                0x240242c4                HAL_DMA_Init
 .text.HAL_DMA_Start_IT
                0x240247e4      0x668 ./libdaisy/build\libdaisy.a(stm32h7xx_hal_dma.o)
                0x240247e4                HAL_DMA_Start_IT
 .text.HAL_DMA_Abort
                0x24024e4c      0x36c ./libdaisy/build\libdaisy.a(stm32h7xx_hal_dma.o)
                0x24024e4c                HAL_DMA_Abort
 .text.HAL_DMA_Abort_IT
                0x240251b8      0x194 ./libdaisy/build\libdaisy.a(stm32h7xx_hal_dma.o)
                0x240251b8                HAL_DMA_Abort_IT
 .text.HAL_DMA_IRQHandler
                0x2402534c      0x424 ./libdaisy/build\libdaisy.a(stm32h7xx_hal_dma.o)
                0x2402534c                HAL_DMA_IRQHandler
 .text.HAL_DMA_GetError
                0x24025770        0x4 ./libdaisy/build\libdaisy.a(stm32h7xx_hal_dma.o)
                0x24025770                HAL_DMA_GetError
 .text.HAL_HCD_IRQHandler
                0x24025774      0x974 ./libdaisy/build\libdaisy.a(stm32h7xx_hal_hcd.o)
                0x24025774                HAL_HCD_IRQHandler
 .text.HAL_HCD_Stop
                0x240260e8       0x28 ./libdaisy/build\libdaisy.a(stm32h7xx_hal_hcd.o)
                0x240260e8                HAL_HCD_Stop
 .text.I2C_WaitOnTXISFlagUntilTimeout
                0x24026110      0x16c ./libdaisy/build\libdaisy.a(stm32h7xx_hal_i2c.o)
 .text.I2C_WaitOnSTOPFlagUntilTimeout
                0x2402627c      0x16c ./libdaisy/build\libdaisy.a(stm32h7xx_hal_i2c.o)
 .text.HAL_I2C_Init
                0x240263e8       0xac ./libdaisy/build\libdaisy.a(stm32h7xx_hal_i2c.o)
                0x240263e8                HAL_I2C_Init
 .text.HAL_I2C_Master_Transmit
                0x24026494      0x384 ./libdaisy/build\libdaisy.a(stm32h7xx_hal_i2c.o)
                0x24026494                HAL_I2C_Master_Transmit
 .text.HAL_I2C_Slave_Transmit
                0x24026818      0x274 ./libdaisy/build\libdaisy.a(stm32h7xx_hal_i2c.o)
                0x24026818                HAL_I2C_Slave_Transmit
 .text.HAL_I2C_EV_IRQHandler
                0x24026a8c       0x10 ./libdaisy/build\libdaisy.a(stm32h7xx_hal_i2c.o)
                0x24026a8c                HAL_I2C_EV_IRQHandler
 .text.HAL_I2C_GetState
                0x24026a9c        0x8 ./libdaisy/build\libdaisy.a(stm32h7xx_hal_i2c.o)
                0x24026a9c                HAL_I2C_GetState
 .text.HAL_I2CEx_ConfigAnalogFilter
                0x24026aa4       0x54 ./libdaisy/build\libdaisy.a(stm32h7xx_hal_i2c_ex.o)
                0x24026aa4                HAL_I2CEx_ConfigAnalogFilter
 .text.HAL_I2CEx_ConfigDigitalFilter
                0x24026af8       0x58 ./libdaisy/build\libdaisy.a(stm32h7xx_hal_i2c_ex.o)
                0x24026af8                HAL_I2CEx_ConfigDigitalFilter
 .text.HAL_PCD_Init
                0x24026b50      0x110 ./libdaisy/build\libdaisy.a(stm32h7xx_hal_pcd.o)
                0x24026b50                HAL_PCD_Init
 .text.HAL_PCD_Start
                0x24026c60       0x44 ./libdaisy/build\libdaisy.a(stm32h7xx_hal_pcd.o)
                0x24026c60                HAL_PCD_Start
 .text.HAL_PCD_IRQHandler
                0x24026ca4      0xb54 ./libdaisy/build\libdaisy.a(stm32h7xx_hal_pcd.o)
                0x24026ca4                HAL_PCD_IRQHandler
 .text.HAL_PCD_SetAddress
                0x240277f8       0x2c ./libdaisy/build\libdaisy.a(stm32h7xx_hal_pcd.o)
                0x240277f8                HAL_PCD_SetAddress
 .text.HAL_PCD_EP_Open
                0x24027824       0x7c ./libdaisy/build\libdaisy.a(stm32h7xx_hal_pcd.o)
                0x24027824                HAL_PCD_EP_Open
 .text.HAL_PCD_EP_Close
                0x240278a0       0x70 ./libdaisy/build\libdaisy.a(stm32h7xx_hal_pcd.o)
                0x240278a0                HAL_PCD_EP_Close
 .text.HAL_PCD_EP_Receive
                0x24027910       0x44 ./libdaisy/build\libdaisy.a(stm32h7xx_hal_pcd.o)
                0x24027910                HAL_PCD_EP_Receive
 .text.HAL_PCD_EP_GetRxCount
                0x24027954       0x14 ./libdaisy/build\libdaisy.a(stm32h7xx_hal_pcd.o)
                0x24027954                HAL_PCD_EP_GetRxCount
 .text.HAL_PCD_EP_Transmit
                0x24027968       0x44 ./libdaisy/build\libdaisy.a(stm32h7xx_hal_pcd.o)
                0x24027968                HAL_PCD_EP_Transmit
 .text.HAL_PCD_EP_SetStall
                0x240279ac       0x88 ./libdaisy/build\libdaisy.a(stm32h7xx_hal_pcd.o)
                0x240279ac                HAL_PCD_EP_SetStall
 .text.HAL_PCD_EP_ClrStall
                0x24027a34       0x78 ./libdaisy/build\libdaisy.a(stm32h7xx_hal_pcd.o)
                0x24027a34                HAL_PCD_EP_ClrStall
 .text.HAL_PCDEx_SetTxFiFo
                0x24027aac      0x104 ./libdaisy/build\libdaisy.a(stm32h7xx_hal_pcd_ex.o)
                0x24027aac                HAL_PCDEx_SetTxFiFo
 .text.HAL_PCDEx_SetRxFiFo
                0x24027bb0        0xc ./libdaisy/build\libdaisy.a(stm32h7xx_hal_pcd_ex.o)
                0x24027bb0                HAL_PCDEx_SetRxFiFo
 .text.HAL_PCDEx_ActivateLPM
                0x24027bbc       0x30 ./libdaisy/build\libdaisy.a(stm32h7xx_hal_pcd_ex.o)
                0x24027bbc                HAL_PCDEx_ActivateLPM
 .text.HAL_PCDEx_LPM_Callback
                0x24027bec        0x4 ./libdaisy/build\libdaisy.a(stm32h7xx_hal_pcd_ex.o)
                0x24027bec                HAL_PCDEx_LPM_Callback
 .text.HAL_PWREx_ConfigSupply
                0x24027bf0       0x48 ./libdaisy/build\libdaisy.a(stm32h7xx_hal_pwr_ex.o)
                0x24027bf0                HAL_PWREx_ConfigSupply
 .text.HAL_PWREx_EnableUSBVoltageDetector
                0x24027c38       0x10 ./libdaisy/build\libdaisy.a(stm32h7xx_hal_pwr_ex.o)
                0x24027c38                HAL_PWREx_EnableUSBVoltageDetector
 .text.QSPI_Config
                0x24027c48      0x188 ./libdaisy/build\libdaisy.a(stm32h7xx_hal_qspi.o)
 .text.HAL_QSPI_Init
                0x24027dd0       0xbc ./libdaisy/build\libdaisy.a(stm32h7xx_hal_qspi.o)
                0x24027dd0                HAL_QSPI_Init
 .text.HAL_QSPI_DeInit
                0x24027e8c       0x24 ./libdaisy/build\libdaisy.a(stm32h7xx_hal_qspi.o)
                0x24027e8c                HAL_QSPI_DeInit
 .text.HAL_QSPI_Command
                0x24027eb0       0xdc ./libdaisy/build\libdaisy.a(stm32h7xx_hal_qspi.o)
                0x24027eb0                HAL_QSPI_Command
 .text.HAL_QSPI_Transmit
                0x24027f8c      0x11c ./libdaisy/build\libdaisy.a(stm32h7xx_hal_qspi.o)
                0x24027f8c                HAL_QSPI_Transmit
 .text.HAL_QSPI_Receive
                0x240280a8      0x128 ./libdaisy/build\libdaisy.a(stm32h7xx_hal_qspi.o)
                0x240280a8                HAL_QSPI_Receive
 .text.HAL_QSPI_AutoPolling
                0x240281d0      0x11c ./libdaisy/build\libdaisy.a(stm32h7xx_hal_qspi.o)
                0x240281d0                HAL_QSPI_AutoPolling
 .text.HAL_QSPI_MemoryMapped
                0x240282ec       0xc4 ./libdaisy/build\libdaisy.a(stm32h7xx_hal_qspi.o)
                0x240282ec                HAL_QSPI_MemoryMapped
 .text.HAL_QSPI_ErrorCallback
                0x240283b0        0x4 ./libdaisy/build\libdaisy.a(stm32h7xx_hal_qspi.o)
                0x240283b0                HAL_QSPI_ErrorCallback
 .text.QSPI_DMAAbortCplt
                0x240283b4       0x38 ./libdaisy/build\libdaisy.a(stm32h7xx_hal_qspi.o)
 .text.HAL_QSPI_AbortCpltCallback
                0x240283ec        0x4 ./libdaisy/build\libdaisy.a(stm32h7xx_hal_qspi.o)
                0x240283ec                HAL_QSPI_AbortCpltCallback
 .text.HAL_QSPI_CmdCpltCallback
                0x240283f0        0x4 ./libdaisy/build\libdaisy.a(stm32h7xx_hal_qspi.o)
                0x240283f0                HAL_QSPI_CmdCpltCallback
 .text.HAL_QSPI_RxCpltCallback
                0x240283f4        0x4 ./libdaisy/build\libdaisy.a(stm32h7xx_hal_qspi.o)
                0x240283f4                HAL_QSPI_RxCpltCallback
 .text.HAL_QSPI_TxCpltCallback
                0x240283f8        0x4 ./libdaisy/build\libdaisy.a(stm32h7xx_hal_qspi.o)
                0x240283f8                HAL_QSPI_TxCpltCallback
 .text.HAL_QSPI_FifoThresholdCallback
                0x240283fc        0x4 ./libdaisy/build\libdaisy.a(stm32h7xx_hal_qspi.o)
                0x240283fc                HAL_QSPI_FifoThresholdCallback
 .text.HAL_QSPI_StatusMatchCallback
                0x24028400        0x4 ./libdaisy/build\libdaisy.a(stm32h7xx_hal_qspi.o)
                0x24028400                HAL_QSPI_StatusMatchCallback
 .text.HAL_QSPI_TimeOutCallback
                0x24028404        0x4 ./libdaisy/build\libdaisy.a(stm32h7xx_hal_qspi.o)
                0x24028404                HAL_QSPI_TimeOutCallback
 .text.HAL_QSPI_IRQHandler
                0x24028408      0x210 ./libdaisy/build\libdaisy.a(stm32h7xx_hal_qspi.o)
                0x24028408                HAL_QSPI_IRQHandler
 .text.HAL_RCC_GetSysClockFreq.part.0
                0x24028618       0xe4 ./libdaisy/build\libdaisy.a(stm32h7xx_hal_rcc.o)
 .text.HAL_RCC_OscConfig
                0x240286fc      0x5e8 ./libdaisy/build\libdaisy.a(stm32h7xx_hal_rcc.o)
                0x240286fc                HAL_RCC_OscConfig
 .text.HAL_RCC_GetSysClockFreq
                0x24028ce4      0x11c ./libdaisy/build\libdaisy.a(stm32h7xx_hal_rcc.o)
                0x24028ce4                HAL_RCC_GetSysClockFreq
 .text.HAL_RCC_ClockConfig
                0x24028e00      0x254 ./libdaisy/build\libdaisy.a(stm32h7xx_hal_rcc.o)
                0x24028e00                HAL_RCC_ClockConfig
 .text.HAL_RCC_GetHCLKFreq
                0x24029054       0x80 ./libdaisy/build\libdaisy.a(stm32h7xx_hal_rcc.o)
                0x24029054                HAL_RCC_GetHCLKFreq
 .text.HAL_RCC_GetPCLK1Freq
                0x240290d4       0x90 ./libdaisy/build\libdaisy.a(stm32h7xx_hal_rcc.o)
                0x240290d4                HAL_RCC_GetPCLK1Freq
 .text.HAL_RCC_GetPCLK2Freq
                0x24029164       0x90 ./libdaisy/build\libdaisy.a(stm32h7xx_hal_rcc.o)
                0x24029164                HAL_RCC_GetPCLK2Freq
 .text.RCCEx_PLL2_Config.part.0
                0x240291f4       0xe0 ./libdaisy/build\libdaisy.a(stm32h7xx_hal_rcc_ex.o)
 .text.RCCEx_PLL3_Config.part.0
                0x240292d4       0xe0 ./libdaisy/build\libdaisy.a(stm32h7xx_hal_rcc_ex.o)
 .text.HAL_RCCEx_PeriphCLKConfig
                0x240293b4      0xe88 ./libdaisy/build\libdaisy.a(stm32h7xx_hal_rcc_ex.o)
                0x240293b4                HAL_RCCEx_PeriphCLKConfig
 .text.HAL_RCCEx_GetD3PCLK1Freq
                0x2402a23c       0x24 ./libdaisy/build\libdaisy.a(stm32h7xx_hal_rcc_ex.o)
                0x2402a23c                HAL_RCCEx_GetD3PCLK1Freq
 .text.HAL_RCCEx_GetPLL2ClockFreq
                0x2402a260      0x134 ./libdaisy/build\libdaisy.a(stm32h7xx_hal_rcc_ex.o)
                0x2402a260                HAL_RCCEx_GetPLL2ClockFreq
 .text.HAL_RCCEx_GetPLL3ClockFreq
                0x2402a394      0x134 ./libdaisy/build\libdaisy.a(stm32h7xx_hal_rcc_ex.o)
                0x2402a394                HAL_RCCEx_GetPLL3ClockFreq
 .text.HAL_RCCEx_GetPLL1ClockFreq
                0x2402a4c8      0x134 ./libdaisy/build\libdaisy.a(stm32h7xx_hal_rcc_ex.o)
                0x2402a4c8                HAL_RCCEx_GetPLL1ClockFreq
 .text.HAL_RCCEx_GetPeriphCLKFreq
                0x2402a5fc      0x340 ./libdaisy/build\libdaisy.a(stm32h7xx_hal_rcc_ex.o)
                0x2402a5fc                HAL_RCCEx_GetPeriphCLKFreq
 .text.HAL_SAI_Init
                0x2402a93c      0x3b8 ./libdaisy/build\libdaisy.a(stm32h7xx_hal_sai.o)
                0x2402a93c                HAL_SAI_Init
 .text.HAL_SAI_InitProtocol
                0x2402acf4      0x134 ./libdaisy/build\libdaisy.a(stm32h7xx_hal_sai.o)
                0x2402acf4                HAL_SAI_InitProtocol
 .text.HAL_SAI_Transmit_DMA
                0x2402ae28      0x114 ./libdaisy/build\libdaisy.a(stm32h7xx_hal_sai.o)
                0x2402ae28                HAL_SAI_Transmit_DMA
 .text.HAL_SAI_Receive_DMA
                0x2402af3c       0xc8 ./libdaisy/build\libdaisy.a(stm32h7xx_hal_sai.o)
                0x2402af3c                HAL_SAI_Receive_DMA
 .text.HAL_SAI_TxCpltCallback
                0x2402b004        0x4 ./libdaisy/build\libdaisy.a(stm32h7xx_hal_sai.o)
                0x2402b004                HAL_SAI_TxCpltCallback
 .text.SAI_DMATxCplt
                0x2402b008       0x64 ./libdaisy/build\libdaisy.a(stm32h7xx_hal_sai.o)
 .text.HAL_SAI_TxHalfCpltCallback
                0x2402b06c        0x4 ./libdaisy/build\libdaisy.a(stm32h7xx_hal_sai.o)
                0x2402b06c                HAL_SAI_TxHalfCpltCallback
 .text.SAI_DMATxHalfCplt
                0x2402b070        0xc ./libdaisy/build\libdaisy.a(stm32h7xx_hal_sai.o)
 .text.SAI_DMARxCplt
                0x2402b07c       0x64 ./libdaisy/build\libdaisy.a(stm32h7xx_hal_sai.o)
 .text.SAI_DMARxHalfCplt
                0x2402b0e0        0xc ./libdaisy/build\libdaisy.a(stm32h7xx_hal_sai.o)
 .text.HAL_SAI_ErrorCallback
                0x2402b0ec        0x4 ./libdaisy/build\libdaisy.a(stm32h7xx_hal_sai.o)
                0x2402b0ec                HAL_SAI_ErrorCallback
 .text.SAI_DMAError
                0x2402b0f0       0x6c ./libdaisy/build\libdaisy.a(stm32h7xx_hal_sai.o)
 .text.HAL_SDRAM_Init
                0x2402b15c       0x54 ./libdaisy/build\libdaisy.a(stm32h7xx_hal_sdram.o)
                0x2402b15c                HAL_SDRAM_Init
 .text.HAL_SDRAM_SendCommand
                0x2402b1b0       0x40 ./libdaisy/build\libdaisy.a(stm32h7xx_hal_sdram.o)
                0x2402b1b0                HAL_SDRAM_SendCommand
 .text.HAL_SDRAM_ProgramRefreshRate
                0x2402b1f0       0x30 ./libdaisy/build\libdaisy.a(stm32h7xx_hal_sdram.o)
                0x2402b1f0                HAL_SDRAM_ProgramRefreshRate
 .text.SPI_CloseTransfer
                0x2402b220       0xb8 ./libdaisy/build\libdaisy.a(stm32h7xx_hal_spi.o)
 .text.HAL_SPI_Init
                0x2402b2d8      0x1ac ./libdaisy/build\libdaisy.a(stm32h7xx_hal_spi.o)
                0x2402b2d8                HAL_SPI_Init
 .text.HAL_SPI_TransmitReceive
                0x2402b484      0x288 ./libdaisy/build\libdaisy.a(stm32h7xx_hal_spi.o)
                0x2402b484                HAL_SPI_TransmitReceive
 .text.HAL_SPI_Transmit_DMA
                0x2402b70c      0x170 ./libdaisy/build\libdaisy.a(stm32h7xx_hal_spi.o)
                0x2402b70c                HAL_SPI_Transmit_DMA
 .text.HAL_SPI_Receive_DMA
                0x2402b87c      0x180 ./libdaisy/build\libdaisy.a(stm32h7xx_hal_spi.o)
                0x2402b87c                HAL_SPI_Receive_DMA
 .text.HAL_SPI_TransmitReceive_DMA
                0x2402b9fc      0x1f8 ./libdaisy/build\libdaisy.a(stm32h7xx_hal_spi.o)
                0x2402b9fc                HAL_SPI_TransmitReceive_DMA
 .text.SPI_DMATransmitCplt
                0x2402bbf4       0x28 ./libdaisy/build\libdaisy.a(stm32h7xx_hal_spi.o)
 .text.SPI_DMAReceiveCplt
                0x2402bc1c       0x28 ./libdaisy/build\libdaisy.a(stm32h7xx_hal_spi.o)
 .text.SPI_DMATransmitReceiveCplt
                0x2402bc44       0x28 ./libdaisy/build\libdaisy.a(stm32h7xx_hal_spi.o)
 .text.HAL_SPI_TxHalfCpltCallback
                0x2402bc6c        0x4 ./libdaisy/build\libdaisy.a(stm32h7xx_hal_spi.o)
                0x2402bc6c                HAL_SPI_TxHalfCpltCallback
 .text.SPI_DMAHalfTransmitCplt
                0x2402bc70        0xc ./libdaisy/build\libdaisy.a(stm32h7xx_hal_spi.o)
 .text.HAL_SPI_RxHalfCpltCallback
                0x2402bc7c        0x4 ./libdaisy/build\libdaisy.a(stm32h7xx_hal_spi.o)
                0x2402bc7c                HAL_SPI_RxHalfCpltCallback
 .text.SPI_DMAHalfReceiveCplt
                0x2402bc80        0xc ./libdaisy/build\libdaisy.a(stm32h7xx_hal_spi.o)
 .text.HAL_SPI_TxRxHalfCpltCallback
                0x2402bc8c        0x4 ./libdaisy/build\libdaisy.a(stm32h7xx_hal_spi.o)
                0x2402bc8c                HAL_SPI_TxRxHalfCpltCallback
 .text.SPI_DMAHalfTransmitReceiveCplt
                0x2402bc90        0xc ./libdaisy/build\libdaisy.a(stm32h7xx_hal_spi.o)
 .text.SPI_DMAError
                0x2402bc9c       0xd8 ./libdaisy/build\libdaisy.a(stm32h7xx_hal_spi.o)
 .text.SPI_DMAAbortOnError
                0x2402bd74       0x1c ./libdaisy/build\libdaisy.a(stm32h7xx_hal_spi.o)
 .text.HAL_SPI_SuspendCallback
                0x2402bd90        0x4 ./libdaisy/build\libdaisy.a(stm32h7xx_hal_spi.o)
                0x2402bd90                HAL_SPI_SuspendCallback
 .text.HAL_SPI_IRQHandler
                0x2402bd94      0x208 ./libdaisy/build\libdaisy.a(stm32h7xx_hal_spi.o)
                0x2402bd94                HAL_SPI_IRQHandler
 .text.HAL_SPI_GetState
                0x2402bf9c        0x8 ./libdaisy/build\libdaisy.a(stm32h7xx_hal_spi.o)
                0x2402bf9c                HAL_SPI_GetState
 .text.FMC_SDRAM_Init
                0x2402bfa4       0x6c ./libdaisy/build\libdaisy.a(stm32h7xx_ll_fmc.o)
                0x2402bfa4                FMC_SDRAM_Init
 .text.FMC_SDRAM_Timing_Init
                0x2402c010       0x7c ./libdaisy/build\libdaisy.a(stm32h7xx_ll_fmc.o)
                0x2402c010                FMC_SDRAM_Timing_Init
 .text.FMC_SDRAM_SendCommand
                0x2402c08c       0x34 ./libdaisy/build\libdaisy.a(stm32h7xx_ll_fmc.o)
                0x2402c08c                FMC_SDRAM_SendCommand
 .text.FMC_SDRAM_ProgramRefreshRate
                0x2402c0c0       0x14 ./libdaisy/build\libdaisy.a(stm32h7xx_ll_fmc.o)
                0x2402c0c0                FMC_SDRAM_ProgramRefreshRate
 .text.USB_CoreInit
                0x2402c0d4      0x144 ./libdaisy/build\libdaisy.a(stm32h7xx_ll_usb.o)
                0x2402c0d4                USB_CoreInit
 .text.USB_SetTurnaroundTime
                0x2402c218       0xf4 ./libdaisy/build\libdaisy.a(stm32h7xx_ll_usb.o)
                0x2402c218                USB_SetTurnaroundTime
 .text.USB_EnableGlobalInt
                0x2402c30c       0x10 ./libdaisy/build\libdaisy.a(stm32h7xx_ll_usb.o)
                0x2402c30c                USB_EnableGlobalInt
 .text.USB_DisableGlobalInt
                0x2402c31c       0x10 ./libdaisy/build\libdaisy.a(stm32h7xx_ll_usb.o)
                0x2402c31c                USB_DisableGlobalInt
 .text.USB_SetCurrentMode
                0x2402c32c       0x6c ./libdaisy/build\libdaisy.a(stm32h7xx_ll_usb.o)
                0x2402c32c                USB_SetCurrentMode
 .text.USB_DevInit
                0x2402c398      0x24c ./libdaisy/build\libdaisy.a(stm32h7xx_ll_usb.o)
                0x2402c398                USB_DevInit
 .text.USB_FlushTxFifo
                0x2402c5e4       0x54 ./libdaisy/build\libdaisy.a(stm32h7xx_ll_usb.o)
                0x2402c5e4                USB_FlushTxFifo
 .text.USB_FlushRxFifo
                0x2402c638       0x50 ./libdaisy/build\libdaisy.a(stm32h7xx_ll_usb.o)
                0x2402c638                USB_FlushRxFifo
 .text.USB_GetDevSpeed
                0x2402c688       0x18 ./libdaisy/build\libdaisy.a(stm32h7xx_ll_usb.o)
                0x2402c688                USB_GetDevSpeed
 .text.USB_ActivateEndpoint
                0x2402c6a0       0x8c ./libdaisy/build\libdaisy.a(stm32h7xx_ll_usb.o)
                0x2402c6a0                USB_ActivateEndpoint
 .text.USB_DeactivateEndpoint
                0x2402c72c       0xbc ./libdaisy/build\libdaisy.a(stm32h7xx_ll_usb.o)
                0x2402c72c                USB_DeactivateEndpoint
 .text.USB_EPStartXfer
                0x2402c7e8      0x238 ./libdaisy/build\libdaisy.a(stm32h7xx_ll_usb.o)
                0x2402c7e8                USB_EPStartXfer
 .text.USB_EPStopXfer
                0x2402ca20       0x94 ./libdaisy/build\libdaisy.a(stm32h7xx_ll_usb.o)
                0x2402ca20                USB_EPStopXfer
 .text.USB_WritePacket
                0x2402cab4       0x2c ./libdaisy/build\libdaisy.a(stm32h7xx_ll_usb.o)
                0x2402cab4                USB_WritePacket
 .text.USB_ReadPacket
                0x2402cae0       0x48 ./libdaisy/build\libdaisy.a(stm32h7xx_ll_usb.o)
                0x2402cae0                USB_ReadPacket
 .text.USB_EPSetStall
                0x2402cb28       0x70 ./libdaisy/build\libdaisy.a(stm32h7xx_ll_usb.o)
                0x2402cb28                USB_EPSetStall
 .text.USB_EPClearStall
                0x2402cb98       0x58 ./libdaisy/build\libdaisy.a(stm32h7xx_ll_usb.o)
                0x2402cb98                USB_EPClearStall
 .text.USB_SetDevAddress
                0x2402cbf0       0x24 ./libdaisy/build\libdaisy.a(stm32h7xx_ll_usb.o)
                0x2402cbf0                USB_SetDevAddress
 .text.USB_DevConnect
                0x2402cc14       0x20 ./libdaisy/build\libdaisy.a(stm32h7xx_ll_usb.o)
                0x2402cc14                USB_DevConnect
 .text.USB_DevDisconnect
                0x2402cc34       0x20 ./libdaisy/build\libdaisy.a(stm32h7xx_ll_usb.o)
                0x2402cc34                USB_DevDisconnect
 .text.USB_ReadInterrupts
                0x2402cc54        0x8 ./libdaisy/build\libdaisy.a(stm32h7xx_ll_usb.o)
                0x2402cc54                USB_ReadInterrupts
 .text.USB_ReadChInterrupts
                0x2402cc5c       0x10 ./libdaisy/build\libdaisy.a(stm32h7xx_ll_usb.o)
                0x2402cc5c                USB_ReadChInterrupts
 .text.USB_ReadDevAllOutEpInterrupt
                0x2402cc6c       0x10 ./libdaisy/build\libdaisy.a(stm32h7xx_ll_usb.o)
                0x2402cc6c                USB_ReadDevAllOutEpInterrupt
 .text.USB_ReadDevAllInEpInterrupt
                0x2402cc7c       0x10 ./libdaisy/build\libdaisy.a(stm32h7xx_ll_usb.o)
                0x2402cc7c                USB_ReadDevAllInEpInterrupt
 .text.USB_ReadDevOutEPInterrupt
                0x2402cc8c       0x14 ./libdaisy/build\libdaisy.a(stm32h7xx_ll_usb.o)
                0x2402cc8c                USB_ReadDevOutEPInterrupt
 .text.USB_ReadDevInEPInterrupt
                0x2402cca0       0x20 ./libdaisy/build\libdaisy.a(stm32h7xx_ll_usb.o)
                0x2402cca0                USB_ReadDevInEPInterrupt
 .text.USB_GetMode
                0x2402ccc0        0x8 ./libdaisy/build\libdaisy.a(stm32h7xx_ll_usb.o)
                0x2402ccc0                USB_GetMode
 .text.USB_ActivateSetup
                0x2402ccc8       0x20 ./libdaisy/build\libdaisy.a(stm32h7xx_ll_usb.o)
                0x2402ccc8                USB_ActivateSetup
 .text.USB_EP0_OutStart
                0x2402cce8       0x50 ./libdaisy/build\libdaisy.a(stm32h7xx_ll_usb.o)
                0x2402cce8                USB_EP0_OutStart
 .text.USB_InitFSLSPClkSel
                0x2402cd38       0x44 ./libdaisy/build\libdaisy.a(stm32h7xx_ll_usb.o)
                0x2402cd38                USB_InitFSLSPClkSel
 .text.USB_HC_ReadInterrupt
                0x2402cd7c        0x8 ./libdaisy/build\libdaisy.a(stm32h7xx_ll_usb.o)
                0x2402cd7c                USB_HC_ReadInterrupt
 .text.USB_HC_Halt
                0x2402cd84       0xd4 ./libdaisy/build\libdaisy.a(stm32h7xx_ll_usb.o)
                0x2402cd84                USB_HC_Halt
 .text.USB_StopHost
                0x2402ce58      0x1e4 ./libdaisy/build\libdaisy.a(stm32h7xx_ll_usb.o)
                0x2402ce58                USB_StopHost
 .text.USBD_CDC_EP0_RxReady
                0x2402d03c       0x38 ./libdaisy/build\libdaisy.a(usbd_cdc.o)
 .text.USBD_CDC_GetFSCfgDesc
                0x2402d074       0x24 ./libdaisy/build\libdaisy.a(usbd_cdc.o)
 .text.USBD_CDC_GetHSCfgDesc
                0x2402d098       0x24 ./libdaisy/build\libdaisy.a(usbd_cdc.o)
 .text.USBD_CDC_GetOtherSpeedCfgDesc
                0x2402d0bc       0x24 ./libdaisy/build\libdaisy.a(usbd_cdc.o)
 .text.USBD_CDC_GetDeviceQualifierDescriptor
                0x2402d0e0       0x10 ./libdaisy/build\libdaisy.a(usbd_cdc.o)
                0x2402d0e0                USBD_CDC_GetDeviceQualifierDescriptor
 .text.USBD_CDC_DataOut
                0x2402d0f0       0x38 ./libdaisy/build\libdaisy.a(usbd_cdc.o)
 .text.USBD_CDC_DataIn
                0x2402d128       0x6c ./libdaisy/build\libdaisy.a(usbd_cdc.o)
 .text.USBD_CDC_Setup
                0x2402d194       0xfc ./libdaisy/build\libdaisy.a(usbd_cdc.o)
 .text.USBD_CDC_DeInit
                0x2402d290       0x5c ./libdaisy/build\libdaisy.a(usbd_cdc.o)
 .text.USBD_CDC_Init
                0x2402d2ec       0xc4 ./libdaisy/build\libdaisy.a(usbd_cdc.o)
 .text.USBD_CDC_RegisterInterface
                0x2402d3b0       0x18 ./libdaisy/build\libdaisy.a(usbd_cdc.o)
                0x2402d3b0                USBD_CDC_RegisterInterface
 .text.USBD_CDC_SetTxBuffer
                0x2402d3c8       0x1c ./libdaisy/build\libdaisy.a(usbd_cdc.o)
                0x2402d3c8                USBD_CDC_SetTxBuffer
 .text.USBD_CDC_SetRxBuffer
                0x2402d3e4       0x18 ./libdaisy/build\libdaisy.a(usbd_cdc.o)
                0x2402d3e4                USBD_CDC_SetRxBuffer
 .text.USBD_CDC_TransmitPacket
                0x2402d3fc       0x38 ./libdaisy/build\libdaisy.a(usbd_cdc.o)
                0x2402d3fc                USBD_CDC_TransmitPacket
 .text.USBD_CDC_ReceivePacket
                0x2402d434       0x34 ./libdaisy/build\libdaisy.a(usbd_cdc.o)
                0x2402d434                USBD_CDC_ReceivePacket
 .text.USBD_Init
                0x2402d468       0x48 ./libdaisy/build\libdaisy.a(usbd_core.o)
                0x2402d468                USBD_Init
 .text.USBD_RegisterClass
                0x2402d4b0       0x50 ./libdaisy/build\libdaisy.a(usbd_core.o)
                0x2402d4b0                USBD_RegisterClass
 .text.USBD_Start
                0x2402d500        0x4 ./libdaisy/build\libdaisy.a(usbd_core.o)
                0x2402d500                USBD_Start
 .text.USBD_SetClassConfig
                0x2402d504       0x10 ./libdaisy/build\libdaisy.a(usbd_core.o)
                0x2402d504                USBD_SetClassConfig
 .text.USBD_ClrClassConfig
                0x2402d514       0x14 ./libdaisy/build\libdaisy.a(usbd_core.o)
                0x2402d514                USBD_ClrClassConfig
 .text.USBD_LL_SetupStage
                0x2402d528       0x60 ./libdaisy/build\libdaisy.a(usbd_core.o)
                0x2402d528                USBD_LL_SetupStage
 .text.USBD_LL_DataOutStage
                0x2402d588       0x74 ./libdaisy/build\libdaisy.a(usbd_core.o)
                0x2402d588                USBD_LL_DataOutStage
 .text.USBD_LL_DataInStage
                0x2402d5fc       0xc0 ./libdaisy/build\libdaisy.a(usbd_core.o)
                0x2402d5fc                USBD_LL_DataInStage
 .text.USBD_LL_Reset
                0x2402d6bc       0x5c ./libdaisy/build\libdaisy.a(usbd_core.o)
                0x2402d6bc                USBD_LL_Reset
 .text.USBD_LL_SetSpeed
                0x2402d718        0x8 ./libdaisy/build\libdaisy.a(usbd_core.o)
                0x2402d718                USBD_LL_SetSpeed
 .text.USBD_LL_Suspend
                0x2402d720       0x20 ./libdaisy/build\libdaisy.a(usbd_core.o)
                0x2402d720                USBD_LL_Suspend
 .text.USBD_LL_Resume
                0x2402d740       0x18 ./libdaisy/build\libdaisy.a(usbd_core.o)
                0x2402d740                USBD_LL_Resume
 .text.USBD_LL_SOF
                0x2402d758       0x20 ./libdaisy/build\libdaisy.a(usbd_core.o)
                0x2402d758                USBD_LL_SOF
 .text.USBD_LL_IsoINIncomplete
                0x2402d778       0x2c ./libdaisy/build\libdaisy.a(usbd_core.o)
                0x2402d778                USBD_LL_IsoINIncomplete
 .text.USBD_LL_IsoOUTIncomplete
                0x2402d7a4       0x2c ./libdaisy/build\libdaisy.a(usbd_core.o)
                0x2402d7a4                USBD_LL_IsoOUTIncomplete
 .text.USBD_LL_DevConnected
                0x2402d7d0        0x4 ./libdaisy/build\libdaisy.a(usbd_core.o)
                0x2402d7d0                USBD_LL_DevConnected
 .text.USBD_LL_DevDisconnected
                0x2402d7d4       0x24 ./libdaisy/build\libdaisy.a(usbd_core.o)
                0x2402d7d4                USBD_LL_DevDisconnected
 .text.USBD_CoreFindIF
                0x2402d7f8        0x4 ./libdaisy/build\libdaisy.a(usbd_core.o)
                0x2402d7f8                USBD_CoreFindIF
 .text.USBD_CoreFindEP
                0x2402d7fc        0x4 ./libdaisy/build\libdaisy.a(usbd_core.o)
                0x2402d7fc                USBD_CoreFindEP
 .text.USBD_StdDevReq
                0x2402d800      0x350 ./libdaisy/build\libdaisy.a(usbd_ctlreq.o)
                0x2402d800                USBD_StdDevReq
 .text.USBD_StdItfReq
                0x2402db50       0x80 ./libdaisy/build\libdaisy.a(usbd_ctlreq.o)
                0x2402db50                USBD_StdItfReq
 .text.USBD_StdEPReq
                0x2402dbd0      0x15c ./libdaisy/build\libdaisy.a(usbd_ctlreq.o)
                0x2402dbd0                USBD_StdEPReq
 .text.USBD_ParseSetupRequest
                0x2402dd2c       0x18 ./libdaisy/build\libdaisy.a(usbd_ctlreq.o)
                0x2402dd2c                USBD_ParseSetupRequest
 .text.USBD_CtlError
                0x2402dd44       0x18 ./libdaisy/build\libdaisy.a(usbd_ctlreq.o)
                0x2402dd44                USBD_CtlError
 .text.USBD_GetString
                0x2402dd5c       0x50 ./libdaisy/build\libdaisy.a(usbd_ctlreq.o)
                0x2402dd5c                USBD_GetString
 .text.USBD_CtlSendData
                0x2402ddac       0x1c ./libdaisy/build\libdaisy.a(usbd_ioreq.o)
                0x2402ddac                USBD_CtlSendData
 .text.USBD_CtlContinueSendData
                0x2402ddc8       0x14 ./libdaisy/build\libdaisy.a(usbd_ioreq.o)
                0x2402ddc8                USBD_CtlContinueSendData
 .text.USBD_CtlPrepareRx