Archive member included to satisfy reference by file (symbol)

./DaisySP/DaisySP-LGPL/build\libdaisysp-lgpl.a(compressor.o)
                              build/main.o (daisysp::Compressor::Init(float))
./DaisySP/DaisySP-LGPL/build\libdaisysp-lgpl.a(fold.o)
                              build/main.o (daisysp::Fold::Init())
./DaisySP/DaisySP-LGPL/build\libdaisysp-lgpl.a(reverbsc.o)
                              build/main.o (daisysp::ReverbSc::Init(float))
./libdaisy/build\libdaisy.a(ff.o)
                              build/main.o (f_open)
./libdaisy/build\libdaisy.a(ccsbcs.o)
                              ./libdaisy/build\libdaisy.a(ff.o) (ff_convert)
./libdaisy/build\libdaisy.a(daisy_seed.o)
                              build/main.o (daisy::DaisySeed::GetPin(unsigned char))
./libdaisy/build\libdaisy.a(codec_ak4556.o)
                              ./libdaisy/build\libdaisy.a(daisy_seed.o) (daisy::Ak4556::Init(daisy::Pin))
./libdaisy/build\libdaisy.a(codec_wm8731.o)
                              ./libdaisy/build\libdaisy.a(daisy_seed.o) (daisy::Wm8731::Init(daisy::Wm8731::Config const&, daisy::I2CHandle))
./libdaisy/build\libdaisy.a(sdram.o)
                              ./libdaisy/build\libdaisy.a(daisy_seed.o) (SdramHandle::Init())
./libdaisy/build\libdaisy.a(audio.o)
                              ./libdaisy/build\libdaisy.a(daisy_seed.o) (daisy::AudioHandle::Init(daisy::AudioHandle::Config const&, daisy::SaiHandle))
./libdaisy/build\libdaisy.a(logger.o)
                              build/main.o (daisy::Logger<(daisy::LoggerDestination)1>::PrintLine(char const*, ...))
./libdaisy/build\libdaisy.a(usb.o)
                              ./libdaisy/build\libdaisy.a(logger.o) (daisy::UsbHandle::Init(daisy::UsbHandle::UsbPeriph))
./libdaisy/build\libdaisy.a(gpio.o)
                              ./libdaisy/build\libdaisy.a(daisy_seed.o) (daisy::GPIO::Init(daisy::GPIO::Config const&))
./libdaisy/build\libdaisy.a(i2c.o)
                              ./libdaisy/build\libdaisy.a(daisy_seed.o) (daisy::I2CHandle::Init(daisy::I2CHandle::Config const&))
./libdaisy/build\libdaisy.a(qspi.o)
                              ./libdaisy/build\libdaisy.a(daisy_seed.o) (daisy::QSPIHandle::Init(daisy::QSPIHandle::Config const&))
./libdaisy/build\libdaisy.a(sai.o)
                              ./libdaisy/build\libdaisy.a(daisy_seed.o) (daisy::SaiHandle::Init(daisy::SaiHandle::Config const&))
./libdaisy/build\libdaisy.a(uart.o)
                              build/main.o (daisy::UartHandler::Init(daisy::UartHandler::Config const&))
./libdaisy/build\libdaisy.a(dma.o)
                              ./libdaisy/build\libdaisy.a(uart.o) (dsy_dma_invalidate_cache_for_buffer)
./libdaisy/build\libdaisy.a(fatfs.o)
                              ./libdaisy/build\libdaisy.a(ff.o) (get_fattime)
./libdaisy/build\libdaisy.a(system.o)
                              ./libdaisy/build\libdaisy.a(daisy_seed.o) (daisy::System::DeInit())
./libdaisy/build\libdaisy.a(usbd_cdc_if.o)
                              ./libdaisy/build\libdaisy.a(usb.o) (CDC_Transmit_FS)
./libdaisy/build\libdaisy.a(usbd_conf.o)
                              ./libdaisy/build\libdaisy.a(usb.o) (hpcd_USB_OTG_FS)
./libdaisy/build\libdaisy.a(usbd_desc.o)
                              ./libdaisy/build\libdaisy.a(usb.o) (HS_Desc)
./libdaisy/build\libdaisy.a(usbh_conf.o)
                              ./libdaisy/build\libdaisy.a(system.o) (hhcd_USB_OTG_HS)
./libdaisy/build\libdaisy.a(sd_diskio.o)
                              ./libdaisy/build\libdaisy.a(fatfs.o) (SD_Driver)
./libdaisy/build\libdaisy.a(usbh_diskio.o)
                              ./libdaisy/build\libdaisy.a(fatfs.o) (USBH_Driver)
./libdaisy/build\libdaisy.a(stm32h7xx_hal.o)
                              ./libdaisy/build\libdaisy.a(system.o) (HAL_Init)
./libdaisy/build\libdaisy.a(stm32h7xx_hal_cortex.o)
                              ./libdaisy/build\libdaisy.a(stm32h7xx_hal.o) (HAL_NVIC_SetPriorityGrouping)
./libdaisy/build\libdaisy.a(stm32h7xx_hal_dma.o)
                              ./libdaisy/build\libdaisy.a(i2c.o) (HAL_DMA_Init)
./libdaisy/build\libdaisy.a(stm32h7xx_hal_gpio.o)
                              ./libdaisy/build\libdaisy.a(sdram.o) (HAL_GPIO_Init)
./libdaisy/build\libdaisy.a(stm32h7xx_hal_hcd.o)
                              ./libdaisy/build\libdaisy.a(usbh_conf.o) (HAL_HCD_HC_Init)
./libdaisy/build\libdaisy.a(stm32h7xx_hal_i2c.o)
                              ./libdaisy/build\libdaisy.a(i2c.o) (HAL_I2C_Init)
./libdaisy/build\libdaisy.a(stm32h7xx_hal_i2c_ex.o)
                              ./libdaisy/build\libdaisy.a(i2c.o) (HAL_I2CEx_ConfigAnalogFilter)
./libdaisy/build\libdaisy.a(stm32h7xx_hal_pcd.o)
                              ./libdaisy/build\libdaisy.a(usbd_conf.o) (HAL_PCD_Init)
./libdaisy/build\libdaisy.a(stm32h7xx_hal_pcd_ex.o)
                              ./libdaisy/build\libdaisy.a(usbd_conf.o) (HAL_PCDEx_SetTxFiFo)
./libdaisy/build\libdaisy.a(stm32h7xx_hal_pwr_ex.o)
[...]
Memory Configuration

Name             Origin             Length             Attributes
FLASH            0x08000000         0x00020000         xr
DTCMRAM          0x20000000         0x00020000         xrw
SRAM             0x24000000         0x00078000         xrw
RAM_D2_DMA       0x30000000         0x00008000         xrw
RAM_D2           0x30008000         0x00040000         xrw
RAM_D3           0x38000000         0x00010000         xrw
BACKUP_SRAM      0x38800000         0x00001000         xrw
ITCMRAM          0x00000000         0x00010000         xrw
SDRAM            0xc0000000         0x04000000         xrw
QSPIFLASH        0x90040000         0x007c0000         xr
*default*        0x00000000         0xffffffff

Linker script and memory map

LOAD C:/ST/STM32CubeIDE_2.0.0/STM32CubeIDE/plugins/com.st.stm32cube.ide.mcu.externaltools.gnu-tools-for-stm32.13.3.rel1.win32_1.0.100.202509120712/tools/bin/../lib/gcc/arm-none-eabi/13.3.1/thumb/v7e-m+dp/hard/crti.o
LOAD C:/ST/STM32CubeIDE_2.0.0/STM32CubeIDE/plugins/com.st.stm32cube.ide.mcu.externaltools.gnu-tools-for-stm32.13.3.rel1.win32_1.0.100.202509120712/tools/bin/../lib/gcc/arm-none-eabi/13.3.1/thumb/v7e-m+dp/hard/crtbegin.o
LOAD C:/ST/STM32CubeIDE_2.0.0/STM32CubeIDE/plugins/com.st.stm32cube.ide.mcu.externaltools.gnu-tools-for-stm32.13.3.rel1.win32_1.0.100.202509120712/tools/bin/../lib/gcc/arm-none-eabi/13.3.1/../../../../arm-none-eabi/lib/thumb/v7e-m+dp/hard/crt0.o
LOAD build/startup_stm32h750xx.o
LOAD build/main.o
LOAD ./DaisySP/DaisySP-LGPL/build\libdaisysp-lgpl.a
LOAD ./libdaisy/build\libdaisy.a
LOAD C:/ST/STM32CubeIDE_2.0.0/STM32CubeIDE/plugins/com.st.stm32cube.ide.mcu.externaltools.gnu-tools-for-stm32.13.3.rel1.win32_1.0.100.202509120712/tools/bin/../lib/gcc/arm-none-eabi/13.3.1/../../../../arm-none-eabi/lib/thumb/v7e-m+dp/hard\libnosys.a
LOAD ./DaisySP/build\libdaisysp.a
LOAD C:/ST/STM32CubeIDE_2.0.0/STM32CubeIDE/plugins/com.st.stm32cube.ide.mcu.externaltools.gnu-tools-for-stm32.13.3.rel1.win32_1.0.100.202509120712/tools/bin/../lib/gcc/arm-none-eabi/13.3.1/../../../../arm-none-eabi/lib/thumb/v7e-m+dp/hard\libstdc++_nano.a
LOAD C:/ST/STM32CubeIDE_2.0.0/STM32CubeIDE/plugins/com.st.stm32cube.ide.mcu.externaltools.gnu-tools-for-stm32.13.3.rel1.win32_1.0.100.202509120712/tools/bin/../lib/gcc/arm-none-eabi/13.3.1/../../../../arm-none-eabi/lib/thumb/v7e-m+dp/hard\libm.a
LOAD C:/ST/STM32CubeIDE_2.0.0/STM32CubeIDE/plugins/com.st.stm32cube.ide.mcu.externaltools.gnu-tools-for-stm32.13.3.rel1.win32_1.0.100.202509120712/tools/bin/../lib/gcc/arm-none-eabi/13.3.1/../../../../arm-none-eabi/lib/thumb/v7e-m+dp/hard\libc_nano.a
START GROUP
LOAD C:/ST/STM32CubeIDE_2.0.0/STM32CubeIDE/plugins/com.st.stm32cube.ide.mcu.externaltools.gnu-tools-for-stm32.13.3.rel1.win32_1.0.100.202509120712/tools/bin/../lib/gcc/arm-none-eabi/13.3.1/thumb/v7e-m+dp/hard\libgcc.a
LOAD C:/ST/STM32CubeIDE_2.0.0/STM32CubeIDE/plugins/com.st.stm32cube.ide.mcu.externaltools.gnu-tools-for-stm32.13.3.rel1.win32_1.0.100.202509120712/tools/bin/../lib/gcc/arm-none-eabi/13.3.1/../../../../arm-none-eabi/lib/thumb/v7e-m+dp/hard\libc_nano.a
END GROUP
START GROUP
LOAD C:/ST/STM32CubeIDE_2.0.0/STM32CubeIDE/plugins/com.st.stm32cube.ide.mcu.externaltools.gnu-tools-for-stm32.13.3.rel1.win32_1.0.100.202509120712/tools/bin/../lib/gcc/arm-none-eabi/13.3.1/thumb/v7e-m+dp/hard\libgcc.a
LOAD C:/ST/STM32CubeIDE_2.0.0/STM32CubeIDE/plugins/com.st.stm32cube.ide.mcu.externaltools.gnu-tools-for-stm32.13.3.rel1.win32_1.0.100.202509120712/tools/bin/../lib/gcc/arm-none-eabi/13.3.1/../../../../arm-none-eabi/lib/thumb/v7e-m+dp/hard\libc_nano.a
LOAD C:/ST/STM32CubeIDE_2.0.0/STM32CubeIDE/plugins/com.st.stm32cube.ide.mcu.externaltools.gnu-tools-for-stm32.13.3.rel1.win32_1.0.100.202509120712/tools/bin/../lib/gcc/arm-none-eabi/13.3.1/../../../../arm-none-eabi/lib/thumb/v7e-m+dp/hard\libnosys.a
END GROUP
START GROUP
LOAD C:/ST/STM32CubeIDE_2.0.0/STM32CubeIDE/plugins/com.st.stm32cube.ide.mcu.externaltools.gnu-tools-for-stm32.13.3.rel1.win32_1.0.100.202509120712/tools/bin/../lib/gcc/arm-none-eabi/13.3.1/thumb/v7e-m+dp/hard\libgcc.a
LOAD C:/ST/STM32CubeIDE_2.0.0/STM32CubeIDE/plugins/com.st.stm32cube.ide.mcu.externaltools.gnu-tools-for-stm32.13.3.rel1.win32_1.0.100.202509120712/tools/bin/../lib/gcc/arm-none-eabi/13.3.1/../../../../arm-none-eabi/lib/thumb/v7e-m+dp/hard\libc_nano.a
LOAD C:/ST/STM32CubeIDE_2.0.0/STM32CubeIDE/plugins/com.st.stm32cube.ide.mcu.externaltools.gnu-tools-for-stm32.13.3.rel1.win32_1.0.100.202509120712/tools/bin/../lib/gcc/arm-none-eabi/13.3.1/../../../../arm-none-eabi/lib/thumb/v7e-m+dp/hard\libnosys.a
END GROUP
LOAD C:/ST/STM32CubeIDE_2.0.0/STM32CubeIDE/plugins/com.st.stm32cube.ide.mcu.externaltools.gnu-tools-for-stm32.13.3.rel1.win32_1.0.100.202509120712/tools/bin/../lib/gcc/arm-none-eabi/13.3.1/thumb/v7e-m+dp/hard/crtend.o
LOAD C:/ST/STM32CubeIDE_2.0.0/STM32CubeIDE/plugins/com.st.stm32cube.ide.mcu.externaltools.gnu-tools-for-stm32.13.3.rel1.win32_1.0.100.202509120712/tools/bin/../lib/gcc/arm-none-eabi/13.3.1/thumb/v7e-m+dp/hard/crtn.o
                0x20020000                        _estack = 0x20020000

.isr_vector     0x24000000      0x298
                0x24000000                        . = ALIGN (0x4)
 *(.isr_vector)
 .isr_vector    0x24000000      0x298 build/startup_stm32h750xx.o
                0x24000000                g_pfnVectors
                0x24000298                        . = ALIGN (0x4)

.text           0x240002a0    0x22fb4
                0x240002a0                        . = ALIGN (0x4)
                0x240002a0                        _stext = .
 *(.text)
 .text          0x240002a0       0x40 C:/ST/STM32CubeIDE_2.0.0/STM32CubeIDE/plugins/com.st.stm32cube.ide.mcu.externaltools.gnu-tools-for-stm32.13.3.rel1.win32_1.0.100.202509120712/tools/bin/../lib/gcc/arm-none-eabi/13.3.1/thumb/v7e-m+dp/hard/crtbegin.o
 .text          0x240002e0       0x10 C:/ST/STM32CubeIDE_2.0.0/STM32CubeIDE/plugins/com.st.stm32cube.ide.mcu.externaltools.gnu-tools-for-stm32.13.3.rel1.win32_1.0.100.202509120712/tools/bin/../lib/gcc/arm-none-eabi/13.3.1/../../../../arm-none-eabi/lib/thumb/v7e-m+dp/hard\libc_nano.a(libc_a-strlen.o)
                0x240002e0                strlen
 .text          0x240002f0       0xa0 C:/ST/STM32CubeIDE_2.0.0/STM32CubeIDE/plugins/com.st.stm32cube.ide.mcu.externaltools.gnu-tools-for-stm32.13.3.rel1.win32_1.0.100.202509120712/tools/bin/../lib/gcc/arm-none-eabi/13.3.1/../../../../arm-none-eabi/lib/thumb/v7e-m+dp/hard\libc_nano.a(libc_a-memchr.o)
                0x240002f0                memchr
 .text          0x24000390      0x378 C:/ST/STM32CubeIDE_2.0.0/STM32CubeIDE/plugins/com.st.stm32cube.ide.mcu.externaltools.gnu-tools-for-stm32.13.3.rel1.win32_1.0.100.202509120712/tools/bin/../lib/gcc/arm-none-eabi/13.3.1/thumb/v7e-m+dp/hard\libgcc.a(_arm_addsubdf3.o)
                0x24000390                __aeabi_drsub
                0x24000398                __aeabi_dsub
                0x24000398                __subdf3
                0x2400039c                __aeabi_dadd
                0x2400039c                __adddf3
                0x24000614                __floatunsidf
                0x24000614                __aeabi_ui2d
                0x24000634                __floatsidf
                0x24000634                __aeabi_i2d
                0x24000658                __aeabi_f2d
                0x24000658                __extendsfdf2
                0x2400069c                __floatundidf
                0x2400069c                __aeabi_ul2d
                0x240006ac                __floatdidf
                0x240006ac                __aeabi_l2d
 .text          0x24000708       0x30 C:/ST/STM32CubeIDE_2.0.0/STM32CubeIDE/plugins/com.st.stm32cube.ide.mcu.externaltools.gnu-tools-for-stm32.13.3.rel1.win32_1.0.100.202509120712/tools/bin/../lib/gcc/arm-none-eabi/13.3.1/thumb/v7e-m+dp/hard\libgcc.a(_aeabi_uldivmod.o)
                0x24000708                __aeabi_uldivmod
 .text          0x24000738      0x2f8 C:/ST/STM32CubeIDE_2.0.0/STM32CubeIDE/plugins/com.st.stm32cube.ide.mcu.externaltools.gnu-tools-for-stm32.13.3.rel1.win32_1.0.100.202509120712/tools/bin/../lib/gcc/arm-none-eabi/13.3.1/thumb/v7e-m+dp/hard\libgcc.a(_udivmoddi4.o)
                0x24000738                __udivmoddi4
 .text          0x24000a30        0x4 C:/ST/STM32CubeIDE_2.0.0/STM32CubeIDE/plugins/com.st.stm32cube.ide.mcu.externaltools.gnu-tools-for-stm32.13.3.rel1.win32_1.0.100.202509120712/tools/bin/../lib/gcc/arm-none-eabi/13.3.1/thumb/v7e-m+dp/hard\libgcc.a(_dvmd_tls.o)
                0x24000a30                __aeabi_idiv0
                0x24000a30                __aeabi_ldiv0
 *(.text*)
 .text.Default_Handler
                0x24000a34        0xc build/startup_stm32h750xx.o
                0x24000a34                RTC_Alarm_IRQHandler
                0x24000a34                HASH_RNG_IRQHandler
                0x24000a34                EXTI2_IRQHandler
                0x24000a34                TIM8_CC_IRQHandler
                0x24000a34                HRTIM1_Master_IRQHandler
                0x24000a34                DebugMon_Handler
                0x24000a34                TIM1_CC_IRQHandler
                0x24000a34                BDMA_Channel6_IRQHandler
                0x24000a34                DMA2_Stream5_IRQHandler
                0x24000a34                HRTIM1_FLT_IRQHandler
                0x24000a34                JPEG_IRQHandler
                0x24000a34                BDMA_Channel1_IRQHandler
                0x24000a34                HRTIM1_TIMD_IRQHandler
                0x24000a34                TAMP_STAMP_IRQHandler
                0x24000a34                PendSV_Handler
                0x24000a34                NMI_Handler
                0x24000a34                EXTI3_IRQHandler
                0x24000a34                LPTIM4_IRQHandler
                0x24000a34                TIM8_TRG_COM_TIM14_IRQHandler
                0x24000a34                LPTIM2_IRQHandler
                0x24000a34                DFSDM1_FLT1_IRQHandler
                0x24000a34                DMAMUX2_OVR_IRQHandler
                0x24000a34                TIM8_UP_TIM13_IRQHandler
                0x24000a34                I2C3_ER_IRQHandler
                0x24000a34                DFSDM1_FLT2_IRQHandler
                0x24000a34                MDMA_IRQHandler
                0x24000a34                LPTIM3_IRQHandler
                0x24000a34                HSEM1_IRQHandler
                0x24000a34                EXTI0_IRQHandler
                0x24000a34                DMA1_Stream2_IRQHandler
                0x24000a34                FPU_IRQHandler
                0x24000a34                OTG_HS_WKUP_IRQHandler
                0x24000a34                FDCAN1_IT1_IRQHandler
                0x24000a34                UsageFault_Handler
                0x24000a34                LTDC_ER_IRQHandler
                0x24000a34                HRTIM1_TIME_IRQHandler
                0x24000a34                TIM6_DAC_IRQHandler
                0x24000a34                DCMI_IRQHandler
                0x24000a34                HRTIM1_TIMC_IRQHandler
                0x24000a34                SAI2_IRQHandler
                0x24000a34                DFSDM1_FLT3_IRQHandler
                0x24000a34                TIM17_IRQHandler
                0x24000a34                CRYP_IRQHandler
                0x24000a34                BDMA_Channel7_IRQHandler
                0x24000a34                LPTIM5_IRQHandler
                0x24000a34                ADC3_IRQHandler
                0x24000a34                DMA2_Stream0_IRQHandler
                0x24000a34                BDMA_Channel2_IRQHandler
                0x24000a34                DMAMUX1_OVR_IRQHandler
                0x24000a34                TIM16_IRQHandler
                0x24000a34                BDMA_Channel5_IRQHandler
                0x24000a34                RCC_IRQHandler
                0x24000a34                TIM8_BRK_TIM12_IRQHandler
                0x24000a34                TIM1_TRG_COM_IRQHandler
                0x24000a34                Default_Handler
                0x24000a34                ECC_IRQHandler
                0x24000a34                CEC_IRQHandler
                0x24000a34                EXTI15_10_IRQHandler
                0x24000a34                BDMA_Channel0_IRQHandler
                0x24000a34                ADC_IRQHandler
                0x24000a34                DMA1_Stream7_IRQHandler
                0x24000a34                HRTIM1_TIMA_IRQHandler
                0x24000a34                TIM7_IRQHandler
                0x24000a34                DMA2_Stream7_IRQHandler
                0x24000a34                TIM15_IRQHandler
                0x24000a34                PVD_AVD_IRQHandler
                0x24000a34                EXTI9_5_IRQHandler
                0x24000a34                RTC_WKUP_IRQHandler
                0x24000a34                LTDC_IRQHandler
                0x24000a34                SAI3_IRQHandler
                0x24000a34                ETH_WKUP_IRQHandler
                0x24000a34                SPDIF_RX_IRQHandler
                0x24000a34                MemManage_Handler
                0x24000a34                SVC_Handler
                0x24000a34                CRS_IRQHandler
                0x24000a34                EXTI4_IRQHandler
                0x24000a34                HRTIM1_TIMB_IRQHandler
                0x24000a34                FDCAN2_IT1_IRQHandler
                0x24000a34                ETH_IRQHandler
                0x24000a34                TIM1_UP_IRQHandler
                0x24000a34                BDMA_Channel4_IRQHandler
                0x24000a34                WWDG_IRQHandler
                0x24000a34                SPI6_IRQHandler
                0x24000a34                I2C4_EV_IRQHandler
                0x24000a34                MDIOS_IRQHandler
                0x24000a34                FDCAN2_IT0_IRQHandler
                0x24000a34                FDCAN1_IT0_IRQHandler
                0x24000a34                OTG_FS_WKUP_IRQHandler
                0x24000a34                DMA2D_IRQHandler
                0x24000a34                TIM1_BRK_IRQHandler
                0x24000a34                EXTI1_IRQHandler
                0x24000a34                SDMMC2_IRQHandler
                0x24000a34                BDMA_Channel3_IRQHandler
                0x24000a34                MDIOS_WKUP_IRQHandler
                0x24000a34                DFSDM1_FLT0_IRQHandler
                0x24000a34                SAI4_IRQHandler
                0x24000a34                I2C2_ER_IRQHandler
                0x24000a34                DMA2_Stream1_IRQHandler
                0x24000a34                FLASH_IRQHandler
                0x24000a34                BusFault_Handler
                0x24000a34                WAKEUP_PIN_IRQHandler
                0x24000a34                I2C1_ER_IRQHandler
                0x24000a34                FMC_IRQHandler
                0x24000a34                FDCAN_CAL_IRQHandler
                0x24000a34                SWPMI1_IRQHandler
                0x24000a34                COMP1_IRQHandler
                0x24000a34                LPTIM1_IRQHandler
                0x24000a34                I2C4_ER_IRQHandler
                0x24000a34                DMA2_Stream6_IRQHandler
                0x24000a34                SAI1_IRQHandler
 .text.Reset_Handler
                0x24000a40       0x40 build/startup_stm32h750xx.o
                0x24000a40                Reset_Handler
 .text._ZN5daisy9DaisySeedD2Ev
                0x24000a80        0x4 build/main.o
                0x24000a80                daisy::DaisySeed::~DaisySeed()
                0x24000a80                daisy::DaisySeed::~DaisySeed()
 .text._ZN7daisysp6ChorusD2Ev
                0x24000a84        0x4 build/main.o
                0x24000a84                daisysp::Chorus::~Chorus()
                0x24000a84                daisysp::Chorus::~Chorus()
 .text._ZN7daisysp6PhaserD2Ev
                0x24000a88        0x4 build/main.o
                0x24000a88                daisysp::Phaser::~Phaser()
                0x24000a88                daisysp::Phaser::~Phaser()
 .text._ZN7daisysp7TremoloD2Ev
                0x24000a8c        0x4 build/main.o
                0x24000a8c                daisysp::Tremolo::~Tremolo()
                0x24000a8c                daisysp::Tremolo::~Tremolo()
 .text._ZN7daisysp10CompressorD2Ev
                0x24000a90        0x4 build/main.o
                0x24000a90                daisysp::Compressor::~Compressor()
                0x24000a90                daisysp::Compressor::~Compressor()
 .text._ZN7daisysp4FoldD2Ev
                0x24000a94        0x4 build/main.o
                0x24000a94                daisysp::Fold::~Fold()
                0x24000a94                daisysp::Fold::~Fold()
 .text._ZN7daisysp8ReverbScD2Ev
                0x24000a98        0x4 build/main.o
                0x24000a98                daisysp::ReverbSc::~ReverbSc()
                0x24000a98                daisysp::ReverbSc::~ReverbSc()
 .text._ZN7daisysp9DelayLineIfLj96000EED2Ev
                0x24000a9c        0x4 build/main.o
                0x24000a9c                daisysp::DelayLine<float, 96000u>::~DelayLine()
                0x24000a9c                daisysp::DelayLine<float, 96000u>::~DelayLine()
 .text._ZL13BuildResponsehtPKht
                0x24000aa0       0x74 build/main.o
 .text._ZL9PushEventhhmPKc
                0x24000b14       0xa0 build/main.o
 .text._ZL12LoadWavToPadPKch
                0x24000bb4      0x220 build/main.o
 .text._ZL9ApplyDistffh.part.0
                0x24000dd4       0xe4 build/main.o
 .text._ZL10TriggerPadhhham.isra.0
                0x24000eb8      0x198 build/main.o
 .text._ZN5TR8085Snare7ProcessEv
                0x24001050      0x1b8 build/main.o
                0x24001050                TR808::Snare::Process()
 .text._ZN5TR8084Clap7ProcessEv
                0x24001208      0x1a0 build/main.o
                0x24001208                TR808::Clap::Process()
 .text._ZN5TR8083Kit7TriggerEhf
                0x240013a8      0x440 build/main.o
                0x240013a8                TR808::Kit::Trigger(unsigned char, float)
 .text._ZN5TR8083Kit7ProcessEv
                0x240017e8      0xcdc build/main.o
                0x240017e8                TR808::Kit::Process()
 .text._ZN5TR9094Clap7ProcessEv
                0x240024c4      0x1b0 build/main.o
                0x240024c4                TR909::Clap::Process()
 .text._ZN5TR9093Kit7TriggerEhf
                0x24002674      0x328 build/main.o
                0x24002674                TR909::Kit::Trigger(unsigned char, float)
 .text._ZN5TR9093Kit7ProcessEv
                0x2400299c      0xb90 build/main.o
                0x2400299c                TR909::Kit::Process()
 .text._ZN5TR5053Kit7ProcessEv
                0x2400352c      0xb68 build/main.o
                0x2400352c                TR505::Kit::Process()
 .text._ZN5TB3035Synth7ProcessEv
                0x24004094      0x53c build/main.o
                0x24004094                TB303::Synth::Process()
 .text._ZN4Demo13DemoSequencer13ProcessSampleEv
                0x240045d0      0xb20 build/main.o
                0x240045d0                Demo::DemoSequencer::ProcessSample()
 .text._Z13AudioCallbackPKPKfPPfj
                0x240050f0     0x1458 build/main.o
                0x240050f0                AudioCallback(float const* const*, float**, unsigned int)
 .text._ZN8BiquadEQ7SetTypeEhffff
                0x24006548      0x350 build/main.o
                0x24006548                BiquadEQ::SetType(unsigned char, float, float, float, float)
 .text._ZL14ProcessCommandv
                0x24006898     0x3320 build/main.o
 .text._ZL12UartRxByteCbPvN5daisy11UartHandler6ResultE
                0x24009bb8      0x1c4 build/main.o
 .text.startup.main
                0x24009d7c      0xfbc build/main.o
                0x24009d7c                main
 .text.startup._GLOBAL__sub_I__ZN5TR8089HiHatBase11METAL_FREQSE
                0x2400ad38      0x94c build/main.o
 .text._ZN7daisysp10Compressor4InitEf
                0x2400b684      0x100 ./DaisySP/DaisySP-LGPL/build\libdaisysp-lgpl.a(compressor.o)
                0x2400b684                daisysp::Compressor::Init(float)
 .text._ZN7daisysp10Compressor7ProcessEf
                0x2400b784       0xf4 ./DaisySP/DaisySP-LGPL/build\libdaisysp-lgpl.a(compressor.o)
                0x2400b784                daisysp::Compressor::Process(float)
 .text._ZN7daisysp4Fold4InitEv
                0x2400b878       0x14 ./DaisySP/DaisySP-LGPL/build\libdaisysp-lgpl.a(fold.o)
                0x2400b878                daisysp::Fold::Init()
 .text._ZN7daisysp4Fold7ProcessEf
                0x2400b88c       0x38 ./DaisySP/DaisySP-LGPL/build\libdaisysp-lgpl.a(fold.o)
                0x2400b88c                daisysp::Fold::Process(float)
 .text._ZN7daisysp8ReverbSc17NextRandomLinesegEPNS_10ReverbScDlEi
                0x2400b8c4      0x104 ./DaisySP/DaisySP-LGPL/build\libdaisysp-lgpl.a(reverbsc.o)
                0x2400b8c4                daisysp::ReverbSc::NextRandomLineseg(daisysp::ReverbScDl*, int)
 .text._ZN7daisysp8ReverbSc4InitEf
                0x2400b9c8      0x180 ./DaisySP/DaisySP-LGPL/build\libdaisysp-lgpl.a(reverbsc.o)
                0x2400b9c8                daisysp::ReverbSc::Init(float)
 .text._ZN7daisysp8ReverbSc7ProcessERKfS2_PfS3_
                0x2400bb48      0x2b0 ./DaisySP/DaisySP-LGPL/build\libdaisysp-lgpl.a(reverbsc.o)
                0x2400bb48                daisysp::ReverbSc::Process(float const&, float const&, float*, float*)
 .text.get_fileinfo
                0x2400bdf8      0x184 ./libdaisy/build\libdaisy.a(ff.o)
 .text.check_fs
                0x2400bf7c       0x84 ./libdaisy/build\libdaisy.a(ff.o)
 .text.sync_fs  0x2400c000       0xb8 ./libdaisy/build\libdaisy.a(ff.o)
 .text.move_window
                0x2400c0b8       0x7c ./libdaisy/build\libdaisy.a(ff.o)
 .text.put_fat.part.0
                0x2400c134      0x10c ./libdaisy/build\libdaisy.a(ff.o)
 .text.get_fat.isra.0
                0x2400c240       0xac ./libdaisy/build\libdaisy.a(ff.o)
 .text.dir_next.constprop.0
                0x2400c2ec       0x84 ./libdaisy/build\libdaisy.a(ff.o)
 .text.dir_read.constprop.0
                0x2400c370      0x428 ./libdaisy/build\libdaisy.a(ff.o)
 .text.find_volume
                0x2400c798      0x300 ./libdaisy/build\libdaisy.a(ff.o)
 .text.create_chain
                0x2400ca98      0x19c ./libdaisy/build\libdaisy.a(ff.o)
 .text.dir_sdi.constprop.0
                0x2400cc34      0x10c ./libdaisy/build\libdaisy.a(ff.o)
 .text.dir_find
                0x2400cd40      0x370 ./libdaisy/build\libdaisy.a(ff.o)
 .text.follow_path
                0x2400d0b0      0x3a4 ./libdaisy/build\libdaisy.a(ff.o)
 .text.dir_sdi  0x2400d454      0x154 ./libdaisy/build\libdaisy.a(ff.o)
 .text.remove_chain
                0x2400d5a8      0x224 ./libdaisy/build\libdaisy.a(ff.o)
 .text.dir_register
                0x2400d7cc      0xa90 ./libdaisy/build\libdaisy.a(ff.o)
 .text.f_open   0x2400e25c      0x200 ./libdaisy/build\libdaisy.a(ff.o)
                0x2400e25c                f_open
 .text.f_read   0x2400e45c      0x268 ./libdaisy/build\libdaisy.a(ff.o)
                0x2400e45c                f_read
 .text.f_close  0x2400e6c4       0xd0 ./libdaisy/build\libdaisy.a(ff.o)
                0x2400e6c4                f_close
 .text.f_lseek  0x2400e794      0x394 ./libdaisy/build\libdaisy.a(ff.o)
                0x2400e794                f_lseek
 .text.f_opendir
                0x2400eb28       0x70 ./libdaisy/build\libdaisy.a(ff.o)
                0x2400eb28                f_opendir
 .text.f_closedir
                0x2400eb98       0x30 ./libdaisy/build\libdaisy.a(ff.o)
                0x2400eb98                f_closedir
 .text.f_readdir
                0x2400ebc8       0x58 ./libdaisy/build\libdaisy.a(ff.o)
                0x2400ebc8                f_readdir
 .text.ff_convert
                0x2400ec20       0x34 ./libdaisy/build\libdaisy.a(ccsbcs.o)
                0x2400ec20                ff_convert
 .text.ff_wtoupper
                0x2400ec54       0x98 ./libdaisy/build\libdaisy.a(ccsbcs.o)
                0x2400ec54                ff_wtoupper
 .text._ZN5daisy9DaisySeed6GetPinEh
                0x2400ecec       0x2c ./libdaisy/build\libdaisy.a(daisy_seed.o)
                0x2400ecec                daisy::DaisySeed::GetPin(unsigned char)
 .text._ZN5daisy9DaisySeed10StartAudioEPFvPKPKfPPfjE
                0x2400ed18        0x8 ./libdaisy/build\libdaisy.a(daisy_seed.o)
                0x2400ed18                daisy::DaisySeed::StartAudio(void (*)(float const* const*, float**, unsigned int))
 .text._ZN5daisy9DaisySeed18SetAudioSampleRateENS_9SaiHandle6Config10SampleRateE
                0x2400ed20       0x38 ./libdaisy/build\libdaisy.a(daisy_seed.o)
                0x2400ed20                daisy::DaisySeed::SetAudioSampleRate(daisy::SaiHandle::Config::SampleRate)
 .text._ZN5daisy9DaisySeed17SetAudioBlockSizeEj
                0x2400ed58       0x38 ./libdaisy/build\libdaisy.a(daisy_seed.o)
                0x2400ed58                daisy::DaisySeed::SetAudioBlockSize(unsigned int)
 .text._ZN5daisy9DaisySeed6SetLedEb
                0x2400ed90        0x8 ./libdaisy/build\libdaisy.a(daisy_seed.o)
                0x2400ed90                daisy::DaisySeed::SetLed(bool)
 .text._ZN5daisy9DaisySeed17CheckBoardVersionEv
                0x2400ed98       0x6c ./libdaisy/build\libdaisy.a(daisy_seed.o)
                0x2400ed98                daisy::DaisySeed::CheckBoardVersion()
 .text._ZN5daisy9DaisySeed14ConfigureAudioEv
                0x2400ee04      0x108 ./libdaisy/build\libdaisy.a(daisy_seed.o)
                0x2400ee04                daisy::DaisySeed::ConfigureAudio()
 .text._ZN5daisy9DaisySeed4InitEb
                0x2400ef0c       0xf0 ./libdaisy/build\libdaisy.a(daisy_seed.o)
                0x2400ef0c                daisy::DaisySeed::Init(bool)
 .text._ZN5daisy6Ak45564InitENS_3PinE
                0x2400effc       0x44 ./libdaisy/build\libdaisy.a(codec_ak4556.o)
                0x2400effc                daisy::Ak4556::Init(daisy::Pin)
 .text._ZN5daisy6Wm873120WriteControlRegisterEht
                0x2400f040       0x3c ./libdaisy/build\libdaisy.a(codec_wm8731.o)
                0x2400f040                daisy::Wm8731::WriteControlRegister(unsigned char, unsigned short)
 .text._ZN5daisy6Wm87314InitERKNS0_6ConfigENS_9I2CHandleE
                0x2400f07c      0x1b4 ./libdaisy/build\libdaisy.a(codec_wm8731.o)
                0x2400f07c                daisy::Wm8731::Init(daisy::Wm8731::Config const&, daisy::I2CHandle)
 .text._ZN11SdramHandle10DeviceInitEv
                0x2400f230       0x8c ./libdaisy/build\libdaisy.a(sdram.o)
                0x2400f230                SdramHandle::DeviceInit()
 *fill*         0x2400f2bc        0x4 
 .text._ZN11SdramHandle4InitEv
                0x2400f2c0       0x88 ./libdaisy/build\libdaisy.a(sdram.o)
                0x2400f2c0                SdramHandle::Init()
 .text.HAL_SDRAM_MspInit
                0x2400f348      0x19c ./libdaisy/build\libdaisy.a(sdram.o)
                0x2400f348                HAL_SDRAM_MspInit
 .text._ZN5daisy11AudioHandle4Impl16InternalCallbackEPlS2_j
                0x2400f4e4      0xd50 ./libdaisy/build\libdaisy.a(audio.o)
                0x2400f4e4                daisy::AudioHandle::Impl::InternalCallback(long*, long*, unsigned int)
 .text._ZN5daisy11AudioHandle4InitERKNS0_6ConfigENS_9SaiHandleE
                0x24010234       0x70 ./libdaisy/build\libdaisy.a(audio.o)
                0x24010234                daisy::AudioHandle::Init(daisy::AudioHandle::Config const&, daisy::SaiHandle)
 .text._ZNK5daisy11AudioHandle9GetConfigEv
                0x240102a4        0x8 ./libdaisy/build\libdaisy.a(audio.o)
                0x240102a4                daisy::AudioHandle::GetConfig() const
 .text._ZN5daisy11AudioHandle12SetBlockSizeEj
                0x240102ac       0x1c ./libdaisy/build\libdaisy.a(audio.o)
                0x240102ac                daisy::AudioHandle::SetBlockSize(unsigned int)
 .text._ZN5daisy11AudioHandle13GetSampleRateEv
                0x240102c8        0x8 ./libdaisy/build\libdaisy.a(audio.o)
                0x240102c8                daisy::AudioHandle::GetSampleRate()
 .text._ZN5daisy11AudioHandle13SetSampleRateENS_9SaiHandle6Config10SampleRateE
                0x240102d0       0xa4 ./libdaisy/build\libdaisy.a(audio.o)
                0x240102d0                daisy::AudioHandle::SetSampleRate(daisy::SaiHandle::Config::SampleRate)
 .text._ZN5daisy11AudioHandle5StartEPFvPKPKfPPfjE
                0x24010374       0x44 ./libdaisy/build\libdaisy.a(audio.o)
                0x24010374                daisy::AudioHandle::Start(void (*)(float const* const*, float**, unsigned int))
 .text.startup._GLOBAL__sub_I__ZN5daisy11AudioHandle4Impl4InitENS0_6ConfigENS_9SaiHandleE
                0x240103b8       0x20 ./libdaisy/build\libdaisy.a(audio.o)
 .text._ZN5daisy9UsbHandleD2Ev
                0x240103d8        0x4 ./libdaisy/build\libdaisy.a(logger.o)
                0x240103d8                daisy::UsbHandle::~UsbHandle()
                0x240103d8                daisy::UsbHandle::~UsbHandle()
 .text._ZN5daisy6LoggerILNS_17LoggerDestinationE1EE9PrintLineEPKcz
                0x240103dc       0xc8 ./libdaisy/build\libdaisy.a(logger.o)
                0x240103dc                daisy::Logger<(daisy::LoggerDestination)1>::PrintLine(char const*, ...)
 .text.startup._GLOBAL__sub_I__ZN5daisy10LoggerImplILNS_17LoggerDestinationE1EE11usb_handle_E
                0x240104a4       0x30 ./libdaisy/build\libdaisy.a(logger.o)
 .text._ZN5daisy9UsbHandle16TransmitInternalEPhj
                0x240104d4       0x14 ./libdaisy/build\libdaisy.a(usb.o)
                0x240104d4                daisy::UsbHandle::TransmitInternal(unsigned char*, unsigned int)
 .text.OTG_FS_EP1_OUT_IRQHandler
                0x240104e8        0xc ./libdaisy/build\libdaisy.a(usb.o)
                0x240104e8                OTG_FS_EP1_OUT_IRQHandler
 .text.OTG_FS_EP1_IN_IRQHandler
                0x240104f4        0xc ./libdaisy/build\libdaisy.a(usb.o)
                0x240104f4                OTG_FS_EP1_IN_IRQHandler
 .text.OTG_FS_IRQHandler
                0x24010500        0xc ./libdaisy/build\libdaisy.a(usb.o)
                0x24010500                OTG_FS_IRQHandler
 .text._ZN5daisy4GPIO4InitERKNS0_6ConfigE
                0x2401050c      0x220 ./libdaisy/build\libdaisy.a(gpio.o)
                0x2401050c                daisy::GPIO::Init(daisy::GPIO::Config const&)
 .text._ZN5daisy4GPIO4InitENS_3PinENS0_4ModeENS0_4PullENS0_5SpeedE
                0x2401072c      0x21c ./libdaisy/build\libdaisy.a(gpio.o)
                0x2401072c                daisy::GPIO::Init(daisy::Pin, daisy::GPIO::Mode, daisy::GPIO::Pull, daisy::GPIO::Speed)
 .text._ZN5daisy4GPIO4ReadEv
                0x24010948       0x18 ./libdaisy/build\libdaisy.a(gpio.o)
                0x24010948                daisy::GPIO::Read()
 .text._ZN5daisy4GPIO5WriteEb
                0x24010960       0x14 ./libdaisy/build\libdaisy.a(gpio.o)
                0x24010960                daisy::GPIO::Write(bool)
 .text._ZN5daisy9I2CHandle4Impl8InitPinsEv
                0x24010974       0x6c ./libdaisy/build\libdaisy.a(i2c.o)
                0x24010974                daisy::I2CHandle::Impl::InitPins()
 .text.HAL_I2C_MspInit
                0x240109e0      0x1b4 ./libdaisy/build\libdaisy.a(i2c.o)
                0x240109e0                HAL_I2C_MspInit
 .text.dsy_i2c_global_init
                0x24010b94       0x70 ./libdaisy/build\libdaisy.a(i2c.o)
                0x24010b94                dsy_i2c_global_init
 .text.DMA1_Stream6_IRQHandler
                0x24010c04       0x34 ./libdaisy/build\libdaisy.a(i2c.o)
                0x24010c04                DMA1_Stream6_IRQHandler
 .text.I2C1_EV_IRQHandler
                0x24010c38        0xc ./libdaisy/build\libdaisy.a(i2c.o)
                0x24010c38                I2C1_EV_IRQHandler
 .text.I2C2_EV_IRQHandler
                0x24010c44        0xc ./libdaisy/build\libdaisy.a(i2c.o)
                0x24010c44                I2C2_EV_IRQHandler
 .text.I2C3_EV_IRQHandler
                0x24010c50        0xc ./libdaisy/build\libdaisy.a(i2c.o)
                0x24010c50                I2C3_EV_IRQHandler
 .text._ZN5daisy9I2CHandle4InitERKNS0_6ConfigE
                0x24010c5c      0x128 ./libdaisy/build\libdaisy.a(i2c.o)
                0x24010c5c                daisy::I2CHandle::Init(daisy::I2CHandle::Config const&)
 .text._ZN5daisy9I2CHandle16TransmitBlockingEtPhtm
                0x24010d84       0x50 ./libdaisy/build\libdaisy.a(i2c.o)
                0x24010d84                daisy::I2CHandle::TransmitBlocking(unsigned short, unsigned char*, unsigned short, unsigned long)
 .text.startup._GLOBAL__sub_I__ZN5daisy9I2CHandle4Impl10GlobalInitEv
                0x24010dd4       0x2c ./libdaisy/build\libdaisy.a(i2c.o)
 .text._ZN5daisy10QSPIHandle4Impl11WriteEnableEv
                0x24010e00       0x88 ./libdaisy/build\libdaisy.a(qspi.o)
                0x24010e00                daisy::QSPIHandle::Impl::WriteEnable()
 .text._ZN5daisy10QSPIHandle4Impl17DummyCyclesConfigENS0_6Config6DeviceE
                0x24010e88      0x108 ./libdaisy/build\libdaisy.a(qspi.o)
                0x24010e88                daisy::QSPIHandle::Impl::DummyCyclesConfig(daisy::QSPIHandle::Config::Device)
 .text._ZN5daisy10QSPIHandle4Impl10QuadEnableEv
                0x24010f90      0x148 ./libdaisy/build\libdaisy.a(qspi.o)
                0x24010f90                daisy::QSPIHandle::Impl::QuadEnable()
 .text._ZN5daisy10QSPIHandle4Impl21DefaultStatusRegisterEv
                0x240110d8      0x148 ./libdaisy/build\libdaisy.a(qspi.o)
                0x240110d8                daisy::QSPIHandle::Impl::DefaultStatusRegister()
 .text._ZN5daisy10QSPIHandle4Impl7PreInitEm
                0x24011220      0x190 ./libdaisy/build\libdaisy.a(qspi.o)
                0x24011220                daisy::QSPIHandle::Impl::PreInit(unsigned long)
 .text._ZN5daisy10QSPIHandle4InitERKNS0_6ConfigE
                0x240113b0      0x1b4 ./libdaisy/build\libdaisy.a(qspi.o)
                0x240113b0                daisy::QSPIHandle::Init(daisy::QSPIHandle::Config const&)
 .text.HAL_QSPI_MspInit
                0x24011564      0x190 ./libdaisy/build\libdaisy.a(qspi.o)
                0x24011564                HAL_QSPI_MspInit
 .text.HAL_QSPI_MspDeInit
                0x240116f4      0x148 ./libdaisy/build\libdaisy.a(qspi.o)
                0x240116f4                HAL_QSPI_MspDeInit
 .text.QUADSPI_IRQHandler
                0x2401183c        0xc ./libdaisy/build\libdaisy.a(qspi.o)
                0x2401183c                QUADSPI_IRQHandler
 .text.startup._GLOBAL__sub_I__ZN5daisy10QSPIHandle4Impl7PreInitEm
                0x24011848       0x40 ./libdaisy/build\libdaisy.a(qspi.o)
 .text._ZN5daisy9SaiHandle4Impl8InitPinsEv
                0x24011888       0xcc ./libdaisy/build\libdaisy.a(sai.o)
                0x24011888                daisy::SaiHandle::Impl::InitPins()
 .text.HAL_SAI_MspInit
                0x24011954      0x2a8 ./libdaisy/build\libdaisy.a(sai.o)
                0x24011954                HAL_SAI_MspInit
 .text.DMA1_Stream0_IRQHandler
                0x24011bfc        0xc ./libdaisy/build\libdaisy.a(sai.o)
                0x24011bfc                DMA1_Stream0_IRQHandler
 .text.DMA1_Stream1_IRQHandler
                0x24011c08        0xc ./libdaisy/build\libdaisy.a(sai.o)
                0x24011c08                DMA1_Stream1_IRQHandler
 .text.DMA1_Stream3_IRQHandler
                0x24011c14        0xc ./libdaisy/build\libdaisy.a(sai.o)
                0x24011c14                DMA1_Stream3_IRQHandler
 .text.DMA1_Stream4_IRQHandler
                0x24011c20        0xc ./libdaisy/build\libdaisy.a(sai.o)
                0x24011c20                DMA1_Stream4_IRQHandler
 .text.HAL_SAI_RxHalfCpltCallback
                0x24011c2c       0x78 ./libdaisy/build\libdaisy.a(sai.o)
                0x24011c2c                HAL_SAI_RxHalfCpltCallback
 .text.HAL_SAI_RxCpltCallback
                0x24011ca4       0x70 ./libdaisy/build\libdaisy.a(sai.o)
                0x24011ca4                HAL_SAI_RxCpltCallback
 *fill*         0x24011d14        0x4 
 .text._ZN5daisy9SaiHandle4InitERKNS0_6ConfigE
                0x24011d18      0x204 ./libdaisy/build\libdaisy.a(sai.o)
                0x24011d18                daisy::SaiHandle::Init(daisy::SaiHandle::Config const&)
 .text._ZNK5daisy9SaiHandle9GetConfigEv
                0x24011f1c        0x4 ./libdaisy/build\libdaisy.a(sai.o)
                0x24011f1c                daisy::SaiHandle::GetConfig() const
 .text._ZN5daisy9SaiHandle8StartDmaEPlS1_jPFvS1_S1_jE
                0x24011f20       0xac ./libdaisy/build\libdaisy.a(sai.o)
                0x24011f20                daisy::SaiHandle::StartDma(long*, long*, unsigned int, void (*)(long*, long*, unsigned int))
 .text._ZN5daisy9SaiHandle13GetSampleRateEv
                0x24011fcc       0x24 ./libdaisy/build\libdaisy.a(sai.o)
                0x24011fcc                daisy::SaiHandle::GetSampleRate()
 .text._ZNK5daisy9SaiHandle9GetOffsetEv
                0x24011ff0        0x8 ./libdaisy/build\libdaisy.a(sai.o)
                0x24011ff0                daisy::SaiHandle::GetOffset() const
 .text.startup._GLOBAL__sub_I__ZN5daisy9SaiHandle4Impl4InitERKNS0_6ConfigE
                0x24011ff8       0x20 ./libdaisy/build\libdaisy.a(sai.o)
 .text._ZL20UART_CheckRxListenerPN5daisy11UartHandler4ImplE
                0x24012018       0x84 ./libdaisy/build\libdaisy.a(uart.o)
 .text._ZN5daisy11UartHandler4Impl10StartDmaTxEPhjPFvPvEPFvS3_NS0_6ResultEES3_
                0x2401209c      0x174 ./libdaisy/build\libdaisy.a(uart.o)
                0x2401209c                daisy::UartHandler::Impl::StartDmaTx(unsigned char*, unsigned int, void (*)(void*), void (*)(void*, daisy::UartHandler::Result), void*)
 .text._ZN5daisy11UartHandler4Impl10StartDmaRxEPhjPFvPvEPFvS3_NS0_6ResultEES3_
                0x24012210      0x174 ./libdaisy/build\libdaisy.a(uart.o)
                0x24012210                daisy::UartHandler::Impl::StartDmaRx(unsigned char*, unsigned int, void (*)(void*), void (*)(void*, daisy::UartHandler::Result), void*)
 .text._ZN5daisy11UartHandler4Impl19DmaTransferFinishedEP20__UART_HandleTypeDefNS0_6ResultE
                0x24012384       0xc0 ./libdaisy/build\libdaisy.a(uart.o)
                0x24012384                daisy::UartHandler::Impl::DmaTransferFinished(__UART_HandleTypeDef*, daisy::UartHandler::Result)
 .text._ZN5daisy11UartHandler4Impl8InitPinsEv
                0x24012444      0x14c ./libdaisy/build\libdaisy.a(uart.o)
                0x24012444                daisy::UartHandler::Impl::InitPins()
 .text.HAL_UART_MspInit
                0x24012590      0x4b4 ./libdaisy/build\libdaisy.a(uart.o)
                0x24012590                HAL_UART_MspInit
 .text.dsy_uart_global_init
                0x24012a44       0xfc ./libdaisy/build\libdaisy.a(uart.o)
                0x24012a44                dsy_uart_global_init
 .text.USART1_IRQHandler
                0x24012b40       0x30 ./libdaisy/build\libdaisy.a(uart.o)
                0x24012b40                USART1_IRQHandler
 .text.USART2_IRQHandler
                0x24012b70       0x38 ./libdaisy/build\libdaisy.a(uart.o)
                0x24012b70                USART2_IRQHandler
 .text.USART3_IRQHandler
                0x24012ba8       0x38 ./libdaisy/build\libdaisy.a(uart.o)
                0x24012ba8                USART3_IRQHandler
 .text.UART4_IRQHandler
                0x24012be0       0x38 ./libdaisy/build\libdaisy.a(uart.o)
                0x24012be0                UART4_IRQHandler
 .text.UART5_IRQHandler
                0x24012c18       0x38 ./libdaisy/build\libdaisy.a(uart.o)
                0x24012c18                UART5_IRQHandler
 .text.USART6_IRQHandler
                0x24012c50       0x38 ./libdaisy/build\libdaisy.a(uart.o)
                0x24012c50                USART6_IRQHandler
 .text.UART7_IRQHandler
                0x24012c88       0x38 ./libdaisy/build\libdaisy.a(uart.o)
                0x24012c88                UART7_IRQHandler
 .text.UART8_IRQHandler
                0x24012cc0       0x38 ./libdaisy/build\libdaisy.a(uart.o)
                0x24012cc0                UART8_IRQHandler
 .text.LPUART1_IRQHandler
                0x24012cf8       0x38 ./libdaisy/build\libdaisy.a(uart.o)
                0x24012cf8                LPUART1_IRQHandler
 .text.DMA1_Stream5_IRQHandler
                0x24012d30       0x34 ./libdaisy/build\libdaisy.a(uart.o)
                0x24012d30                DMA1_Stream5_IRQHandler
 .text.DMA2_Stream4_IRQHandler
                0x24012d64       0x34 ./libdaisy/build\libdaisy.a(uart.o)
                0x24012d64                DMA2_Stream4_IRQHandler
 .text.HAL_UART_TxCpltCallback
                0x24012d98        0x8 ./libdaisy/build\libdaisy.a(uart.o)
                0x24012d98                HAL_UART_TxCpltCallback
 .text.HAL_UART_RxCpltCallback
                0x24012da0       0x94 ./libdaisy/build\libdaisy.a(uart.o)
                0x24012da0                HAL_UART_RxCpltCallback
 .text.HAL_UART_RxHalfCpltCallback
                0x24012e34       0x90 ./libdaisy/build\libdaisy.a(uart.o)
                0x24012e34                HAL_UART_RxHalfCpltCallback
 .text.HAL_UART_ErrorCallback
                0x24012ec4       0x94 ./libdaisy/build\libdaisy.a(uart.o)
                0x24012ec4                HAL_UART_ErrorCallback
 .text._ZN5daisy11UartHandler4InitERKNS0_6ConfigE
                0x24012f58       0xd8 ./libdaisy/build\libdaisy.a(uart.o)
                0x24012f58                daisy::UartHandler::Init(daisy::UartHandler::Config const&)
 .text._ZN5daisy11UartHandler11DmaTransmitEPhjPFvPvEPFvS2_NS0_6ResultEES2_
                0x24013030       0x6c ./libdaisy/build\libdaisy.a(uart.o)
                0x24013030                daisy::UartHandler::DmaTransmit(unsigned char*, unsigned int, void (*)(void*), void (*)(void*, daisy::UartHandler::Result), void*)
 .text._ZN5daisy11UartHandler10DmaReceiveEPhjPFvPvEPFvS2_NS0_6ResultEES2_
                0x2401309c       0x64 ./libdaisy/build\libdaisy.a(uart.o)
                0x2401309c                daisy::UartHandler::DmaReceive(unsigned char*, unsigned int, void (*)(void*), void (*)(void*, daisy::UartHandler::Result), void*)
 .text.startup._GLOBAL__sub_I__Z19MapInstanceToHandleP13USART_TypeDef
                0x24013100      0x1b0 ./libdaisy/build\libdaisy.a(uart.o)
 .text.dsy_dma_init
                0x240132b0      0x100 ./libdaisy/build\libdaisy.a(dma.o)
                0x240132b0                dsy_dma_init
 .text.dsy_dma_invalidate_cache_for_buffer
                0x240133b0       0x2c ./libdaisy/build\libdaisy.a(dma.o)
                0x240133b0                dsy_dma_invalidate_cache_for_buffer
 .text.get_fattime
                0x240133dc        0x4 ./libdaisy/build\libdaisy.a(fatfs.o)
                0x240133dc                get_fattime
 .text._ZN5daisy11TimerHandleD2Ev
                0x240133e0        0x4 ./libdaisy/build\libdaisy.a(system.o)
                0x240133e0                daisy::TimerHandle::~TimerHandle()
                0x240133e0                daisy::TimerHandle::~TimerHandle()
 .text.SysTick_Handler
                0x240133e4       0x10 ./libdaisy/build\libdaisy.a(system.o)
                0x240133e4                SysTick_Handler
 .text.OTG_HS_EP1_OUT_IRQHandler
                0x240133f4       0x24 ./libdaisy/build\libdaisy.a(system.o)
                0x240133f4                OTG_HS_EP1_OUT_IRQHandler
 .text.OTG_HS_EP1_IN_IRQHandler
                0x24013418       0x24 ./libdaisy/build\libdaisy.a(system.o)
                0x24013418                OTG_HS_EP1_IN_IRQHandler
 .text.OTG_HS_IRQHandler
                0x2401343c       0x24 ./libdaisy/build\libdaisy.a(system.o)
                0x2401343c                OTG_HS_IRQHandler
 .text.HardFault_Handler
                0x24013460       0xe0 ./libdaisy/build\libdaisy.a(system.o)
                0x24013460                HardFault_Handler
 .text._ZN5daisy6System6GetNowEv
                0x24013540        0x4 ./libdaisy/build\libdaisy.a(system.o)
                0x24013540                daisy::System::GetNow()
 .text._ZN5daisy6System5DelayEm
                0x24013544        0x4 ./libdaisy/build\libdaisy.a(system.o)
                0x24013544                daisy::System::Delay(unsigned long)
 .text._ZN5daisy6System20GetBootloaderVersionEv
                0x24013548       0x34 ./libdaisy/build\libdaisy.a(system.o)
                0x24013548                daisy::System::GetBootloaderVersion()
 *fill*         0x2401357c        0x4 
 .text._ZN5daisy6System15ConfigureClocksEv
                0x24013580      0x19c ./libdaisy/build\libdaisy.a(system.o)
                0x24013580                daisy::System::ConfigureClocks()
 .text._ZN5daisy6System12ConfigureMpuEv
                0x2401371c       0x7c ./libdaisy/build\libdaisy.a(system.o)
                0x2401371c                daisy::System::ConfigureMpu()
 .text._ZN5daisy6System4InitERKNS0_6ConfigE
                0x24013798       0xf8 ./libdaisy/build\libdaisy.a(system.o)
                0x24013798                daisy::System::Init(daisy::System::Config const&)
 .text._ZN5daisy6System12GetPClk1FreqEv
                0x24013890        0x4 ./libdaisy/build\libdaisy.a(system.o)
                0x24013890                daisy::System::GetPClk1Freq()
 .text._ZN5daisy6System22GetProgramMemoryRegionEv
                0x24013894       0x78 ./libdaisy/build\libdaisy.a(system.o)
                0x24013894                daisy::System::GetProgramMemoryRegion()
 .text.startup._GLOBAL__sub_I__ZN5daisy9boot_infoE
                0x2401390c       0x1c ./libdaisy/build\libdaisy.a(system.o)
 .text.CDC_Transmit_FS
                0x24013928       0x2c ./libdaisy/build\libdaisy.a(usbd_cdc_if.o)
                0x24013928                CDC_Transmit_FS
 .text.HAL_PCD_SetupStageCallback
                0x24013954        0xc ./libdaisy/build\libdaisy.a(usbd_conf.o)
                0x24013954                HAL_PCD_SetupStageCallback
 .text.HAL_PCD_DataOutStageCallback
                0x24013960       0x14 ./libdaisy/build\libdaisy.a(usbd_conf.o)
                0x24013960                HAL_PCD_DataOutStageCallback
 .text.HAL_PCD_DataInStageCallback
                0x24013974       0x14 ./libdaisy/build\libdaisy.a(usbd_conf.o)
                0x24013974                HAL_PCD_DataInStageCallback
 .text.HAL_PCD_SOFCallback
                0x24013988        0x8 ./libdaisy/build\libdaisy.a(usbd_conf.o)
                0x24013988                HAL_PCD_SOFCallback
 .text.HAL_PCD_ResetCallback
                0x24013990       0x24 ./libdaisy/build\libdaisy.a(usbd_conf.o)
                0x24013990                HAL_PCD_ResetCallback
 .text.HAL_PCD_SuspendCallback
                0x240139b4       0x30 ./libdaisy/build\libdaisy.a(usbd_conf.o)
                0x240139b4                HAL_PCD_SuspendCallback
 .text.HAL_PCD_ResumeCallback
                0x240139e4        0x8 ./libdaisy/build\libdaisy.a(usbd_conf.o)
                0x240139e4                HAL_PCD_ResumeCallback
 .text.HAL_PCD_ISOOUTIncompleteCallback
                0x240139ec        0x8 ./libdaisy/build\libdaisy.a(usbd_conf.o)
                0x240139ec                HAL_PCD_ISOOUTIncompleteCallback
 .text.HAL_PCD_ISOINIncompleteCallback
                0x240139f4        0x8 ./libdaisy/build\libdaisy.a(usbd_conf.o)
                0x240139f4                HAL_PCD_ISOINIncompleteCallback
 .text.HAL_PCD_ConnectCallback
                0x240139fc        0x8 ./libdaisy/build\libdaisy.a(usbd_conf.o)
                0x240139fc                HAL_PCD_ConnectCallback
 .text.HAL_PCD_DisconnectCallback
                0x24013a04        0x8 ./libdaisy/build\libdaisy.a(usbd_conf.o)
                0x24013a04                HAL_PCD_DisconnectCallback
 .text.USBD_LL_OpenEP
                0x24013a0c       0x1c ./libdaisy/build\libdaisy.a(usbd_conf.o)
                0x24013a0c                USBD_LL_OpenEP
 .text.USBD_LL_StallEP
                0x24013a28       0x18 ./libdaisy/build\libdaisy.a(usbd_conf.o)
                0x24013a28                USBD_LL_StallEP
 .text.USBD_LL_ClearStallEP
                0x24013a40       0x18 ./libdaisy/build\libdaisy.a(usbd_conf.o)
                0x24013a40                USBD_LL_ClearStallEP
 .text.USBD_LL_IsStallEP
                0x24013a58       0x28 ./libdaisy/build\libdaisy.a(usbd_conf.o)
                0x24013a58                USBD_LL_IsStallEP
 .text.USBD_LL_SetUSBAddress
                0x24013a80       0x18 ./libdaisy/build\libdaisy.a(usbd_conf.o)
                0x24013a80                USBD_LL_SetUSBAddress
 .text.USBD_LL_Transmit
                0x24013a98       0x18 ./libdaisy/build\libdaisy.a(usbd_conf.o)
                0x24013a98                USBD_LL_Transmit
 .text.USBD_LL_PrepareReceive
                0x24013ab0       0x18 ./libdaisy/build\libdaisy.a(usbd_conf.o)
                0x24013ab0                USBD_LL_PrepareReceive
 .text.HAL_HCD_SOF_Callback
                0x24013ac8        0x8 ./libdaisy/build\libdaisy.a(usbh_conf.o)
                0x24013ac8                HAL_HCD_SOF_Callback
 .text.HAL_HCD_Connect_Callback
                0x24013ad0        0x8 ./libdaisy/build\libdaisy.a(usbh_conf.o)
                0x24013ad0                HAL_HCD_Connect_Callback
 .text.HAL_HCD_Disconnect_Callback
                0x24013ad8        0x8 ./libdaisy/build\libdaisy.a(usbh_conf.o)
                0x24013ad8                HAL_HCD_Disconnect_Callback
 .text.HAL_HCD_HC_NotifyURBChange_Callback
                0x24013ae0        0x4 ./libdaisy/build\libdaisy.a(usbh_conf.o)
                0x24013ae0                HAL_HCD_HC_NotifyURBChange_Callback
 .text.HAL_HCD_PortEnabled_Callback
                0x24013ae4        0x8 ./libdaisy/build\libdaisy.a(usbh_conf.o)
                0x24013ae4                HAL_HCD_PortEnabled_Callback
 .text.HAL_HCD_PortDisabled_Callback
                0x24013aec        0x8 ./libdaisy/build\libdaisy.a(usbh_conf.o)
                0x24013aec                HAL_HCD_PortDisabled_Callback
 .text.USBH_LL_Stop
                0x24013af4       0x18 ./libdaisy/build\libdaisy.a(usbh_conf.o)
                0x24013af4                USBH_LL_Stop
 .text.BSP_SD_WriteCpltCallback
                0x24013b0c        0xc ./libdaisy/build\libdaisy.a(sd_diskio.o)
                0x24013b0c                BSP_SD_WriteCpltCallback
 .text.BSP_SD_ReadCpltCallback
                0x24013b18        0xc ./libdaisy/build\libdaisy.a(sd_diskio.o)
                0x24013b18                BSP_SD_ReadCpltCallback
 .text.BSP_SD_ErrorCallback
                0x24013b24        0xc ./libdaisy/build\libdaisy.a(sd_diskio.o)
                0x24013b24                BSP_SD_ErrorCallback
 .text.HAL_MspInit
                0x24013b30        0x4 ./libdaisy/build\libdaisy.a(stm32h7xx_hal.o)
                0x24013b30                HAL_MspInit
 .text.HAL_InitTick
                0x24013b34       0x4c ./libdaisy/build\libdaisy.a(stm32h7xx_hal.o)
                0x24013b34                HAL_InitTick
 .text.HAL_Init
                0x24013b80       0x60 ./libdaisy/build\libdaisy.a(stm32h7xx_hal.o)
                0x24013b80                HAL_Init
 .text.HAL_IncTick
                0x24013be0       0x18 ./libdaisy/build\libdaisy.a(stm32h7xx_hal.o)
                0x24013be0                HAL_IncTick
 .text.HAL_GetTick
                0x24013bf8        0xc ./libdaisy/build\libdaisy.a(stm32h7xx_hal.o)
                0x24013bf8                HAL_GetTick
 .text.HAL_Delay
                0x24013c04       0x24 ./libdaisy/build\libdaisy.a(stm32h7xx_hal.o)
                0x24013c04                HAL_Delay
 .text.HAL_GetREVID
                0x24013c28        0xc ./libdaisy/build\libdaisy.a(stm32h7xx_hal.o)
                0x24013c28                HAL_GetREVID
 .text.HAL_NVIC_SetPriorityGrouping
                0x24013c34       0x24 ./libdaisy/build\libdaisy.a(stm32h7xx_hal_cortex.o)
                0x24013c34                HAL_NVIC_SetPriorityGrouping
 .text.HAL_NVIC_SetPriority
                0x24013c58       0x78 ./libdaisy/build\libdaisy.a(stm32h7xx_hal_cortex.o)
                0x24013c58                HAL_NVIC_SetPriority
 .text.HAL_NVIC_EnableIRQ
                0x24013cd0       0x1c ./libdaisy/build\libdaisy.a(stm32h7xx_hal_cortex.o)
                0x24013cd0                HAL_NVIC_EnableIRQ
 .text.HAL_NVIC_DisableIRQ
                0x24013cec       0x24 ./libdaisy/build\libdaisy.a(stm32h7xx_hal_cortex.o)
                0x24013cec                HAL_NVIC_DisableIRQ
 .text.HAL_SYSTICK_Config
                0x24013d10       0x2c ./libdaisy/build\libdaisy.a(stm32h7xx_hal_cortex.o)
                0x24013d10                HAL_SYSTICK_Config
 .text.HAL_MPU_Disable
                0x24013d3c       0x1c ./libdaisy/build\libdaisy.a(stm32h7xx_hal_cortex.o)
                0x24013d3c                HAL_MPU_Disable
 .text.HAL_MPU_Enable
                0x24013d58       0x20 ./libdaisy/build\libdaisy.a(stm32h7xx_hal_cortex.o)
                0x24013d58                HAL_MPU_Enable
 .text.HAL_MPU_ConfigRegion
                0x24013d78       0x64 ./libdaisy/build\libdaisy.a(stm32h7xx_hal_cortex.o)
                0x24013d78                HAL_MPU_ConfigRegion
 .text.HAL_SYSTICK_Callback
                0x24013ddc        0x4 ./libdaisy/build\libdaisy.a(stm32h7xx_hal_cortex.o)
                0x24013ddc                HAL_SYSTICK_Callback
 .text.HAL_SYSTICK_IRQHandler
                0x24013de0        0x8 ./libdaisy/build\libdaisy.a(stm32h7xx_hal_cortex.o)
                0x24013de0                HAL_SYSTICK_IRQHandler
 .text.DMA_CalcBaseAndBitshift
                0x24013de8      0x100 ./libdaisy/build\libdaisy.a(stm32h7xx_hal_dma.o)
 .text.DMA_CalcDMAMUXChannelBaseAndMask
                0x24013ee8       0xd4 ./libdaisy/build\libdaisy.a(stm32h7xx_hal_dma.o)
 .text.HAL_DMA_Init
                0x24013fbc      0x520 ./libdaisy/build\libdaisy.a(stm32h7xx_hal_dma.o)
                0x24013fbc                HAL_DMA_Init
 .text.HAL_DMA_Start_IT
                0x240144dc      0x668 ./libdaisy/build\libdaisy.a(stm32h7xx_hal_dma.o)
                0x240144dc                HAL_DMA_Start_IT
 .text.HAL_DMA_Abort
                0x24014b44      0x36c ./libdaisy/build\libdaisy.a(stm32h7xx_hal_dma.o)
                0x24014b44                HAL_DMA_Abort
 .text.HAL_DMA_Abort_IT
                0x24014eb0      0x194 ./libdaisy/build\libdaisy.a(stm32h7xx_hal_dma.o)
                0x24014eb0                HAL_DMA_Abort_IT
 .text.HAL_DMA_IRQHandler
                0x24015044      0x424 ./libdaisy/build\libdaisy.a(stm32h7xx_hal_dma.o)
                0x24015044                HAL_DMA_IRQHandler
 .text.HAL_DMA_GetError
                0x24015468        0x4 ./libdaisy/build\libdaisy.a(stm32h7xx_hal_dma.o)
                0x24015468                HAL_DMA_GetError
 .text.HAL_GPIO_Init
                0x2401546c      0x40c ./libdaisy/build\libdaisy.a(stm32h7xx_hal_gpio.o)
                0x2401546c                HAL_GPIO_Init
 .text.HAL_GPIO_DeInit
                0x24015878      0x260 ./libdaisy/build\libdaisy.a(stm32h7xx_hal_gpio.o)
                0x24015878                HAL_GPIO_DeInit
 .text.HAL_GPIO_ReadPin
                0x24015ad8        0xc ./libdaisy/build\libdaisy.a(stm32h7xx_hal_gpio.o)
                0x24015ad8                HAL_GPIO_ReadPin
 .text.HAL_GPIO_WritePin
                0x24015ae4        0x8 ./libdaisy/build\libdaisy.a(stm32h7xx_hal_gpio.o)
                0x24015ae4                HAL_GPIO_WritePin
 .text.HAL_HCD_IRQHandler
                0x24015aec      0x974 ./libdaisy/build\libdaisy.a(stm32h7xx_hal_hcd.o)
                0x24015aec                HAL_HCD_IRQHandler
 .text.HAL_HCD_Stop
                0x24016460       0x28 ./libdaisy/build\libdaisy.a(stm32h7xx_hal_hcd.o)
                0x24016460                HAL_HCD_Stop
 .text.I2C_WaitOnTXISFlagUntilTimeout
                0x24016488      0x16c ./libdaisy/build\libdaisy.a(stm32h7xx_hal_i2c.o)
 .text.I2C_WaitOnSTOPFlagUntilTimeout
                0x240165f4      0x16c ./libdaisy/build\libdaisy.a(stm32h7xx_hal_i2c.o)
 .text.HAL_I2C_Init
                0x24016760       0xac ./libdaisy/build\libdaisy.a(stm32h7xx_hal_i2c.o)
                0x24016760                HAL_I2C_Init
 .text.HAL_I2C_Master_Transmit
                0x2401680c      0x384 ./libdaisy/build\libdaisy.a(stm32h7xx_hal_i2c.o)
                0x2401680c                HAL_I2C_Master_Transmit
 .text.HAL_I2C_Slave_Transmit
                0x24016b90      0x274 ./libdaisy/build\libdaisy.a(stm32h7xx_hal_i2c.o)
                0x24016b90                HAL_I2C_Slave_Transmit
 .text.HAL_I2C_EV_IRQHandler
                0x24016e04       0x10 ./libdaisy/build\libdaisy.a(stm32h7xx_hal_i2c.o)
                0x24016e04                HAL_I2C_EV_IRQHandler
 .text.HAL_I2C_GetState
                0x24016e14        0x8 ./libdaisy/build\libdaisy.a(stm32h7xx_hal_i2c.o)
                0x24016e14                HAL_I2C_GetState
 .text.HAL_I2CEx_ConfigAnalogFilter
                0x24016e1c       0x54 ./libdaisy/build\libdaisy.a(stm32h7xx_hal_i2c_ex.o)
                0x24016e1c                HAL_I2CEx_ConfigAnalogFilter
 .text.HAL_I2CEx_ConfigDigitalFilter
                0x24016e70       0x58 ./libdaisy/build\libdaisy.a(stm32h7xx_hal_i2c_ex.o)
                0x24016e70                HAL_I2CEx_ConfigDigitalFilter
 .text.HAL_PCD_IRQHandler
                0x24016ec8      0xb54 ./libdaisy/build\libdaisy.a(stm32h7xx_hal_pcd.o)
                0x24016ec8                HAL_PCD_IRQHandler
 .text.HAL_PCD_SetAddress
                0x24017a1c       0x2c ./libdaisy/build\libdaisy.a(stm32h7xx_hal_pcd.o)
                0x24017a1c                HAL_PCD_SetAddress
 .text.HAL_PCD_EP_Open
                0x24017a48       0x7c ./libdaisy/build\libdaisy.a(stm32h7xx_hal_pcd.o)
                0x24017a48                HAL_PCD_EP_Open
 .text.HAL_PCD_EP_Receive
                0x24017ac4       0x44 ./libdaisy/build\libdaisy.a(stm32h7xx_hal_pcd.o)
                0x24017ac4                HAL_PCD_EP_Receive
 .text.HAL_PCD_EP_Transmit
                0x24017b08       0x44 ./libdaisy/build\libdaisy.a(stm32h7xx_hal_pcd.o)
                0x24017b08                HAL_PCD_EP_Transmit
 .text.HAL_PCD_EP_SetStall
                0x24017b4c       0x88 ./libdaisy/build\libdaisy.a(stm32h7xx_hal_pcd.o)
                0x24017b4c                HAL_PCD_EP_SetStall
 .text.HAL_PCD_EP_ClrStall
                0x24017bd4       0x78 ./libdaisy/build\libdaisy.a(stm32h7xx_hal_pcd.o)
                0x24017bd4                HAL_PCD_EP_ClrStall
 .text.HAL_PCDEx_LPM_Callback
                0x24017c4c        0x4 ./libdaisy/build\libdaisy.a(stm32h7xx_hal_pcd_ex.o)
                0x24017c4c                HAL_PCDEx_LPM_Callback
 .text.HAL_PWREx_ConfigSupply
                0x24017c50       0x48 ./libdaisy/build\libdaisy.a(stm32h7xx_hal_pwr_ex.o)
                0x24017c50                HAL_PWREx_ConfigSupply
 .text.HAL_PWREx_EnableUSBVoltageDetector
                0x24017c98       0x10 ./libdaisy/build\libdaisy.a(stm32h7xx_hal_pwr_ex.o)
                0x24017c98                HAL_PWREx_EnableUSBVoltageDetector
 .text.QSPI_Config
                0x24017ca8      0x188 ./libdaisy/build\libdaisy.a(stm32h7xx_hal_qspi.o)
 .text.HAL_QSPI_Init
                0x24017e30       0xbc ./libdaisy/build\libdaisy.a(stm32h7xx_hal_qspi.o)
                0x24017e30                HAL_QSPI_Init
 .text.HAL_QSPI_DeInit
                0x24017eec       0x24 ./libdaisy/build\libdaisy.a(stm32h7xx_hal_qspi.o)
                0x24017eec                HAL_QSPI_DeInit
 .text.HAL_QSPI_Command
                0x24017f10       0xdc ./libdaisy/build\libdaisy.a(stm32h7xx_hal_qspi.o)
                0x24017f10                HAL_QSPI_Command
 .text.HAL_QSPI_Transmit
                0x24017fec      0x11c ./libdaisy/build\libdaisy.a(stm32h7xx_hal_qspi.o)
                0x24017fec                HAL_QSPI_Transmit
 .text.HAL_QSPI_Receive
                0x24018108      0x128 ./libdaisy/build\libdaisy.a(stm32h7xx_hal_qspi.o)
                0x24018108                HAL_QSPI_Receive
 .text.HAL_QSPI_AutoPolling
                0x24018230      0x11c ./libdaisy/build\libdaisy.a(stm32h7xx_hal_qspi.o)
                0x24018230                HAL_QSPI_AutoPolling
 .text.HAL_QSPI_MemoryMapped
                0x2401834c       0xc4 ./libdaisy/build\libdaisy.a(stm32h7xx_hal_qspi.o)
                0x2401834c                HAL_QSPI_MemoryMapped
 .text.HAL_QSPI_ErrorCallback
                0x24018410        0x4 ./libdaisy/build\libdaisy.a(stm32h7xx_hal_qspi.o)
                0x24018410                HAL_QSPI_ErrorCallback
 .text.QSPI_DMAAbortCplt
                0x24018414       0x38 ./libdaisy/build\libdaisy.a(stm32h7xx_hal_qspi.o)
 .text.HAL_QSPI_AbortCpltCallback
                0x2401844c        0x4 ./libdaisy/build\libdaisy.a(stm32h7xx_hal_qspi.o)
                0x2401844c                HAL_QSPI_AbortCpltCallback
 .text.HAL_QSPI_CmdCpltCallback
                0x24018450        0x4 ./libdaisy/build\libdaisy.a(stm32h7xx_hal_qspi.o)
                0x24018450                HAL_QSPI_CmdCpltCallback
 .text.HAL_QSPI_RxCpltCallback
                0x24018454        0x4 ./libdaisy/build\libdaisy.a(stm32h7xx_hal_qspi.o)
                0x24018454                HAL_QSPI_RxCpltCallback
 .text.HAL_QSPI_TxCpltCallback
                0x24018458        0x4 ./libdaisy/build\libdaisy.a(stm32h7xx_hal_qspi.o)
                0x24018458                HAL_QSPI_TxCpltCallback
 .text.HAL_QSPI_FifoThresholdCallback
                0x2401845c        0x4 ./libdaisy/build\libdaisy.a(stm32h7xx_hal_qspi.o)
                0x2401845c                HAL_QSPI_FifoThresholdCallback
 .text.HAL_QSPI_StatusMatchCallback
                0x24018460        0x4 ./libdaisy/build\libdaisy.a(stm32h7xx_hal_qspi.o)
                0x24018460                HAL_QSPI_StatusMatchCallback
 .text.HAL_QSPI_TimeOutCallback
                0x24018464        0x4 ./libdaisy/build\libdaisy.a(stm32h7xx_hal_qspi.o)
                0x24018464                HAL_QSPI_TimeOutCallback
 .text.HAL_QSPI_IRQHandler
                0x24018468      0x210 ./libdaisy/build\libdaisy.a(stm32h7xx_hal_qspi.o)
                0x24018468                HAL_QSPI_IRQHandler
 .text.HAL_RCC_GetSysClockFreq.part.0
                0x24018678       0xe4 ./libdaisy/build\libdaisy.a(stm32h7xx_hal_rcc.o)
 .text.HAL_RCC_OscConfig
                0x2401875c      0x5e8 ./libdaisy/build\libdaisy.a(stm32h7xx_hal_rcc.o)
                0x2401875c                HAL_RCC_OscConfig
 .text.HAL_RCC_GetSysClockFreq
                0x24018d44      0x11c ./libdaisy/build\libdaisy.a(stm32h7xx_hal_rcc.o)
                0x24018d44                HAL_RCC_GetSysClockFreq
 .text.HAL_RCC_ClockConfig
                0x24018e60      0x254 ./libdaisy/build\libdaisy.a(stm32h7xx_hal_rcc.o)
                0x24018e60                HAL_RCC_ClockConfig
 .text.HAL_RCC_GetHCLKFreq
                0x240190b4       0x80 ./libdaisy/build\libdaisy.a(stm32h7xx_hal_rcc.o)
                0x240190b4                HAL_RCC_GetHCLKFreq
 .text.HAL_RCC_GetPCLK1Freq
                0x24019134       0x90 ./libdaisy/build\libdaisy.a(stm32h7xx_hal_rcc.o)
                0x24019134                HAL_RCC_GetPCLK1Freq
 .text.HAL_RCC_GetPCLK2Freq
                0x240191c4       0x90 ./libdaisy/build\libdaisy.a(stm32h7xx_hal_rcc.o)
                0x240191c4                HAL_RCC_GetPCLK2Freq
 .text.RCCEx_PLL2_Config.part.0
                0x24019254       0xe0 ./libdaisy/build\libdaisy.a(stm32h7xx_hal_rcc_ex.o)
 .text.RCCEx_PLL3_Config.part.0
                0x24019334       0xe0 ./libdaisy/build\libdaisy.a(stm32h7xx_hal_rcc_ex.o)
 .text.HAL_RCCEx_PeriphCLKConfig
                0x24019414      0xe88 ./libdaisy/build\libdaisy.a(stm32h7xx_hal_rcc_ex.o)
                0x24019414                HAL_RCCEx_PeriphCLKConfig
 .text.HAL_RCCEx_GetD3PCLK1Freq
                0x2401a29c       0x24 ./libdaisy/build\libdaisy.a(stm32h7xx_hal_rcc_ex.o)
                0x2401a29c                HAL_RCCEx_GetD3PCLK1Freq
 .text.HAL_RCCEx_GetPLL2ClockFreq
                0x2401a2c0      0x134 ./libdaisy/build\libdaisy.a(stm32h7xx_hal_rcc_ex.o)
                0x2401a2c0                HAL_RCCEx_GetPLL2ClockFreq
 .text.HAL_RCCEx_GetPLL3ClockFreq
                0x2401a3f4      0x134 ./libdaisy/build\libdaisy.a(stm32h7xx_hal_rcc_ex.o)
                0x2401a3f4                HAL_RCCEx_GetPLL3ClockFreq
 .text.HAL_RCCEx_GetPLL1ClockFreq
                0x2401a528      0x134 ./libdaisy/build\libdaisy.a(stm32h7xx_hal_rcc_ex.o)
                0x2401a528                HAL_RCCEx_GetPLL1ClockFreq
 .text.HAL_RCCEx_GetPeriphCLKFreq
                0x2401a65c      0x340 ./libdaisy/build\libdaisy.a(stm32h7xx_hal_rcc_ex.o)
                0x2401a65c                HAL_RCCEx_GetPeriphCLKFreq
 .text.HAL_SAI_Init
                0x2401a99c      0x3b8 ./libdaisy/build\libdaisy.a(stm32h7xx_hal_sai.o)
                0x2401a99c                HAL_SAI_Init
 .text.HAL_SAI_InitProtocol
                0x2401ad54      0x134 ./libdaisy/build\libdaisy.a(stm32h7xx_hal_sai.o)
                0x2401ad54                HAL_SAI_InitProtocol
 .text.HAL_SAI_Transmit_DMA
                0x2401ae88      0x114 ./libdaisy/build\libdaisy.a(stm32h7xx_hal_sai.o)
                0x2401ae88                HAL_SAI_Transmit_DMA
 .text.HAL_SAI_Receive_DMA
                0x2401af9c       0xc8 ./libdaisy/build\libdaisy.a(stm32h7xx_hal_sai.o)
                0x2401af9c                HAL_SAI_Receive_DMA
 .text.HAL_SAI_TxCpltCallback
                0x2401b064        0x4 ./libdaisy/build\libdaisy.a(stm32h7xx_hal_sai.o)
                0x2401b064                HAL_SAI_TxCpltCallback
 .text.SAI_DMATxCplt
                0x2401b068       0x64 ./libdaisy/build\libdaisy.a(stm32h7xx_hal_sai.o)
 .text.HAL_SAI_TxHalfCpltCallback
                0x2401b0cc        0x4 ./libdaisy/build\libdaisy.a(stm32h7xx_hal_sai.o)
                0x2401b0cc                HAL_SAI_TxHalfCpltCallback
 .text.SAI_DMATxHalfCplt
                0x2401b0d0        0xc ./libdaisy/build\libdaisy.a(stm32h7xx_hal_sai.o)
 .text.SAI_DMARxCplt
                0x2401b0dc       0x64 ./libdaisy/build\libdaisy.a(stm32h7xx_hal_sai.o)
 .text.SAI_DMARxHalfCplt
                0x2401b140        0xc ./libdaisy/build\libdaisy.a(stm32h7xx_hal_sai.o)
 .text.HAL_SAI_ErrorCallback
                0x2401b14c        0x4 ./libdaisy/build\libdaisy.a(stm32h7xx_hal_sai.o)
                0x2401b14c                HAL_SAI_ErrorCallback
 .text.SAI_DMAError
                0x2401b150       0x6c ./libdaisy/build\libdaisy.a(stm32h7xx_hal_sai.o)
 .text.HAL_SDRAM_Init
                0x2401b1bc       0x54 ./libdaisy/build\libdaisy.a(stm32h7xx_hal_sdram.o)
                0x2401b1bc                HAL_SDRAM_Init
 .text.HAL_SDRAM_SendCommand
                0x2401b210       0x40 ./libdaisy/build\libdaisy.a(stm32h7xx_hal_sdram.o)
                0x2401b210                HAL_SDRAM_SendCommand
 .text.HAL_SDRAM_ProgramRefreshRate
                0x2401b250       0x30 ./libdaisy/build\libdaisy.a(stm32h7xx_hal_sdram.o)
                0x2401b250                HAL_SDRAM_ProgramRefreshRate
 .text.HAL_UART_Transmit_DMA
                0x2401b280       0x8c ./libdaisy/build\libdaisy.a(stm32h7xx_hal_uart.o)
                0x2401b280                HAL_UART_Transmit_DMA
 .text.UART_DMATransmitCplt
                0x2401b30c       0x44 ./libdaisy/build\libdaisy.a(stm32h7xx_hal_uart.o)
 .text.HAL_UART_TxHalfCpltCallback
                0x2401b350        0x4 ./libdaisy/build\libdaisy.a(stm32h7xx_hal_uart.o)
                0x2401b350                HAL_UART_TxHalfCpltCallback
 .text.UART_DMATxHalfCplt
                0x2401b354        0xc ./libdaisy/build\libdaisy.a(stm32h7xx_hal_uart.o)
 .text.UART_DMAError
                0x2401b360       0xd4 ./libdaisy/build\libdaisy.a(stm32h7xx_hal_uart.o)
 .text.UART_DMAAbortOnError
                0x2401b434       0x14 ./libdaisy/build\libdaisy.a(stm32h7xx_hal_uart.o)
 .text.HAL_UARTEx_RxEventCallback
                0x2401b448        0x4 ./libdaisy/build\libdaisy.a(stm32h7xx_hal_uart.o)
                0x2401b448                HAL_UARTEx_RxEventCallback
 .text.HAL_UART_IRQHandler
                0x2401b44c      0x39c ./libdaisy/build\libdaisy.a(stm32h7xx_hal_uart.o)
                0x2401b44c                HAL_UART_IRQHandler
 .text.UART_DMARxHalfCplt
                0x2401b7e8       0x20 ./libdaisy/build\libdaisy.a(stm32h7xx_hal_uart.o)
 .text.UART_DMAReceiveCplt
                0x2401b808       0x9c ./libdaisy/build\libdaisy.a(stm32h7xx_hal_uart.o)
 .text.HAL_UART_GetState
                0x2401b8a4        0xc ./libdaisy/build\libdaisy.a(stm32h7xx_hal_uart.o)
                0x2401b8a4                HAL_UART_GetState
 .text.UART_SetConfig
                0x2401b8b0      0x37c ./libdaisy/build\libdaisy.a(stm32h7xx_hal_uart.o)
                0x2401b8b0                UART_SetConfig
 .text.UART_AdvFeatureConfig
                0x2401bc2c       0xb0 ./libdaisy/build\libdaisy.a(stm32h7xx_hal_uart.o)
                0x2401bc2c                UART_AdvFeatureConfig
 .text.UART_CheckIdleState
                0x2401bcdc      0x258 ./libdaisy/build\libdaisy.a(stm32h7xx_hal_uart.o)
                0x2401bcdc                UART_CheckIdleState
 .text.HAL_UART_Init
                0x2401bf34       0x68 ./libdaisy/build\libdaisy.a(stm32h7xx_hal_uart.o)
                0x2401bf34                HAL_UART_Init
 .text.UART_Start_Receive_DMA
                0x2401bf9c       0xa0 ./libdaisy/build\libdaisy.a(stm32h7xx_hal_uart.o)
                0x2401bf9c                UART_Start_Receive_DMA
 .text.HAL_UART_Receive_DMA
                0x2401c03c       0x48 ./libdaisy/build\libdaisy.a(stm32h7xx_hal_uart.o)
                0x2401c03c                HAL_UART_Receive_DMA
 .text.HAL_UARTEx_WakeupCallback
                0x2401c084        0x4 ./libdaisy/build\libdaisy.a(stm32h7xx_hal_uart_ex.o)
                0x2401c084                HAL_UARTEx_WakeupCallback
 .text.HAL_UARTEx_RxFifoFullCallback
                0x2401c088        0x4 ./libdaisy/build\libdaisy.a(stm32h7xx_hal_uart_ex.o)
                0x2401c088                HAL_UARTEx_RxFifoFullCallback
 .text.HAL_UARTEx_TxFifoEmptyCallback
                0x2401c08c        0x4 ./libdaisy/build\libdaisy.a(stm32h7xx_hal_uart_ex.o)
                0x2401c08c                HAL_UARTEx_TxFifoEmptyCallback
 .text.HAL_UARTEx_DisableFifoMode
                0x2401c090       0x3c ./libdaisy/build\libdaisy.a(stm32h7xx_hal_uart_ex.o)
                0x2401c090                HAL_UARTEx_DisableFifoMode
 .text.HAL_UARTEx_SetTxFifoThreshold
                0x2401c0cc       0x84 ./libdaisy/build\libdaisy.a(stm32h7xx_hal_uart_ex.o)
                0x2401c0cc                HAL_UARTEx_SetTxFifoThreshold
 .text.HAL_UARTEx_SetRxFifoThreshold
                0x2401c150       0x84 ./libdaisy/build\libdaisy.a(stm32h7xx_hal_uart_ex.o)
                0x2401c150                HAL_UARTEx_SetRxFifoThreshold
 .text.FMC_SDRAM_Init
                0x2401c1d4       0x6c ./libdaisy/build\libdaisy.a(stm32h7xx_ll_fmc.o)
                0x2401c1d4                FMC_SDRAM_Init
 .text.FMC_SDRAM_Timing_Init
                0x2401c240       0x7c ./libdaisy/build\libdaisy.a(stm32h7xx_ll_fmc.o)
                0x2401c240                FMC_SDRAM_Timing_Init
 .text.FMC_SDRAM_SendCommand
                0x2401c2bc       0x34 ./libdaisy/build\libdaisy.a(stm32h7xx_ll_fmc.o)
                0x2401c2bc                FMC_SDRAM_SendCommand
 .text.FMC_SDRAM_ProgramRefreshRate
                0x2401c2f0       0x14 ./libdaisy/build\libdaisy.a(stm32h7xx_ll_fmc.o)
                0x2401c2f0                FMC_SDRAM_ProgramRefreshRate
 .text.USB_SetTurnaroundTime
                0x2401c304       0xf4 ./libdaisy/build\libdaisy.a(stm32h7xx_ll_usb.o)
                0x2401c304                USB_SetTurnaroundTime
 .text.USB_FlushTxFifo
                0x2401c3f8       0x54 ./libdaisy/build\libdaisy.a(stm32h7xx_ll_usb.o)
                0x2401c3f8                USB_FlushTxFifo
 .text.USB_FlushRxFifo
                0x2401c44c       0x50 ./libdaisy/build\libdaisy.a(stm32h7xx_ll_usb.o)
                0x2401c44c                USB_FlushRxFifo
 .text.USB_GetDevSpeed
                0x2401c49c       0x18 ./libdaisy/build\libdaisy.a(stm32h7xx_ll_usb.o)
                0x2401c49c                USB_GetDevSpeed
 .text.USB_ActivateEndpoint
                0x2401c4b4       0x8c ./libdaisy/build\libdaisy.a(stm32h7xx_ll_usb.o)
                0x2401c4b4                USB_ActivateEndpoint
 .text.USB_EPStartXfer
                0x2401c540      0x238 ./libdaisy/build\libdaisy.a(stm32h7xx_ll_usb.o)
                0x2401c540                USB_EPStartXfer
 .text.USB_EPStopXfer
                0x2401c778       0x94 ./libdaisy/build\libdaisy.a(stm32h7xx_ll_usb.o)
                0x2401c778                USB_EPStopXfer
 .text.USB_WritePacket
                0x2401c80c       0x2c ./libdaisy/build\libdaisy.a(stm32h7xx_ll_usb.o)
                0x2401c80c                USB_WritePacket
 .text.USB_ReadPacket
                0x2401c838       0x48 ./libdaisy/build\libdaisy.a(stm32h7xx_ll_usb.o)
                0x2401c838                USB_ReadPacket
 .text.USB_EPSetStall
                0x2401c880       0x70 ./libdaisy/build\libdaisy.a(stm32h7xx_ll_usb.o)
                0x2401c880                USB_EPSetStall
 .text.USB_EPClearStall
                0x2401c8f0       0x58 ./libdaisy/build\libdaisy.a(stm32h7xx_ll_usb.o)
                0x2401c8f0                USB_EPClearStall
 .text.USB_SetDevAddress
                0x2401c948       0x24 ./libdaisy/build\libdaisy.a(stm32h7xx_ll_usb.o)
                0x2401c948                USB_SetDevAddress
 .text.USB_ReadInterrupts
                0x2401c96c        0x8 ./libdaisy/build\libdaisy.a(stm32h7xx_ll_usb.o)
                0x2401c96c                USB_ReadInterrupts
 .text.USB_ReadChInterrupts
                0x2401c974       0x10 ./libdaisy/build\libdaisy.a(stm32h7xx_ll_usb.o)
                0x2401c974                USB_ReadChInterrupts
 .text.USB_ReadDevAllOutEpInterrupt
                0x2401c984       0x10 ./libdaisy/build\libdaisy.a(stm32h7xx_ll_usb.o)
                0x2401c984                USB_ReadDevAllOutEpInterrupt
 .text.USB_ReadDevAllInEpInterrupt
                0x2401c994       0x10 ./libdaisy/build\libdaisy.a(stm32h7xx_ll_usb.o)
                0x2401c994                USB_ReadDevAllInEpInterrupt
 .text.USB_ReadDevOutEPInterrupt
                0x2401c9a4       0x14 ./libdaisy/build\libdaisy.a(stm32h7xx_ll_usb.o)
                0x2401c9a4                USB_ReadDevOutEPInterrupt
 .text.USB_ReadDevInEPInterrupt
                0x2401c9b8       0x20 ./libdaisy/build\libdaisy.a(stm32h7xx_ll_usb.o)
                0x2401c9b8                USB_ReadDevInEPInterrupt
 .text.USB_GetMode
                0x2401c9d8        0x8 ./libdaisy/build\libdaisy.a(stm32h7xx_ll_usb.o)
                0x2401c9d8                USB_GetMode
 .text.USB_ActivateSetup
                0x2401c9e0       0x20 ./libdaisy/build\libdaisy.a(stm32h7xx_ll_usb.o)
                0x2401c9e0                USB_ActivateSetup
 .text.USB_EP0_OutStart
                0x2401ca00       0x50 ./libdaisy/build\libdaisy.a(stm32h7xx_ll_usb.o)
                0x2401ca00                USB_EP0_OutStart
 .text.USB_InitFSLSPClkSel
                0x2401ca50       0x44 ./libdaisy/build\libdaisy.a(stm32h7xx_ll_usb.o)
                0x2401ca50                USB_InitFSLSPClkSel
 .text.USB_HC_ReadInterrupt
                0x2401ca94        0x8 ./libdaisy/build\libdaisy.a(stm32h7xx_ll_usb.o)
                0x2401ca94                USB_HC_ReadInterrupt
 .text.USB_HC_Halt
                0x2401ca9c       0xd4 ./libdaisy/build\libdaisy.a(stm32h7xx_ll_usb.o)
                0x2401ca9c                USB_HC_Halt
 .text.USB_StopHost
                0x2401cb70      0x1e4 ./libdaisy/build\libdaisy.a(stm32h7xx_ll_usb.o)
                0x2401cb70                USB_StopHost
 .text.USBD_CDC_SetTxBuffer
                0x2401cd54       0x1c ./libdaisy/build\libdaisy.a(usbd_cdc.o)
                0x2401cd54                USBD_CDC_SetTxBuffer
 .text.USBD_CDC_TransmitPacket
                0x2401cd70       0x38 ./libdaisy/build\libdaisy.a(usbd_cdc.o)
                0x2401cd70                USBD_CDC_TransmitPacket
 .text.USBD_SetClassConfig
                0x2401cda8       0x10 ./libdaisy/build\libdaisy.a(usbd_core.o)
                0x2401cda8                USBD_SetClassConfig
 .text.USBD_ClrClassConfig
                0x2401cdb8       0x14 ./libdaisy/build\libdaisy.a(usbd_core.o)
                0x2401cdb8                USBD_ClrClassConfig
 .text.USBD_LL_SetupStage
                0x2401cdcc       0x60 ./libdaisy/build\libdaisy.a(usbd_core.o)
                0x2401cdcc                USBD_LL_SetupStage
 .text.USBD_LL_DataOutStage
                0x2401ce2c       0x74 ./libdaisy/build\libdaisy.a(usbd_core.o)
                0x2401ce2c                USBD_LL_DataOutStage
 .text.USBD_LL_DataInStage
                0x2401cea0       0xc0 ./libdaisy/build\libdaisy.a(usbd_core.o)
                0x2401cea0                USBD_LL_DataInStage
 .text.USBD_LL_Reset
                0x2401cf60       0x5c ./libdaisy/build\libdaisy.a(usbd_core.o)
                0x2401cf60                USBD_LL_Reset
 .text.USBD_LL_SetSpeed
                0x2401cfbc        0x8 ./libdaisy/build\libdaisy.a(usbd_core.o)
                0x2401cfbc                USBD_LL_SetSpeed
 .text.USBD_LL_Suspend
                0x2401cfc4       0x20 ./libdaisy/build\libdaisy.a(usbd_core.o)
                0x2401cfc4                USBD_LL_Suspend
 .text.USBD_LL_Resume
                0x2401cfe4       0x18 ./libdaisy/build\libdaisy.a(usbd_core.o)
                0x2401cfe4                USBD_LL_Resume
 .text.USBD_LL_SOF
                0x2401cffc       0x20 ./libdaisy/build\libdaisy.a(usbd_core.o)
                0x2401cffc                USBD_LL_SOF
 .text.USBD_LL_IsoINIncomplete
                0x2401d01c       0x2c ./libdaisy/build\libdaisy.a(usbd_core.o)
                0x2401d01c                USBD_LL_IsoINIncomplete
 .text.USBD_LL_IsoOUTIncomplete
                0x2401d048       0x2c ./libdaisy/build\libdaisy.a(usbd_core.o)
                0x2401d048                USBD_LL_IsoOUTIncomplete
 .text.USBD_LL_DevConnected
                0x2401d074        0x4 ./libdaisy/build\libdaisy.a(usbd_core.o)
                0x2401d074                USBD_LL_DevConnected
 .text.USBD_LL_DevDisconnected
                0x2401d078       0x24 ./libdaisy/build\libdaisy.a(usbd_core.o)
                0x2401d078                USBD_LL_DevDisconnected
 .text.USBD_CoreFindIF
                0x2401d09c        0x4 ./libdaisy/build\libdaisy.a(usbd_core.o)
                0x2401d09c                USBD_CoreFindIF
 .text.USBD_CoreFindEP
                0x2401d0a0        0x4 ./libdaisy/build\libdaisy.a(usbd_core.o)
                0x2401d0a0                USBD_CoreFindEP
 .text.USBD_StdDevReq
                0x2401d0a4      0x350 ./libdaisy/build\libdaisy.a(usbd_ctlreq.o)
                0x2401d0a4                USBD_StdDevReq
 .text.USBD_StdItfReq
                0x2401d3f4       0x80 ./libdaisy/build\libdaisy.a(usbd_ctlreq.o)
                0x2401d3f4                USBD_StdItfReq
 .text.USBD_StdEPReq
                0x2401d474      0x15c ./libdaisy/build\libdaisy.a(usbd_ctlreq.o)
                0x2401d474                USBD_StdEPReq
 .text.USBD_ParseSetupRequest
                0x2401d5d0       0x18 ./libdaisy/build\libdaisy.a(usbd_ctlreq.o)
                0x2401d5d0                USBD_ParseSetupRequest
 .text.USBD_CtlSendData
                0x2401d5e8       0x1c ./libdaisy/build\libdaisy.a(usbd_ioreq.o)
                0x2401d5e8                USBD_CtlSendData
 .text.USBD_CtlContinueSendData
                0x2401d604       0x14 ./libdaisy/build\libdaisy.a(usbd_ioreq.o)
                0x2401d604                USBD_CtlContinueSendData
 .text.USBD_CtlContinueRx
                0x2401d618       0x14 ./libdaisy/build\libdaisy.a(usbd_ioreq.o)
                0x2401d618                USBD_CtlContinueRx
 .text.USBD_CtlSendStatus
                0x2401d62c       0x18 ./libdaisy/build\libdaisy.a(usbd_ioreq.o)
                0x2401d62c                USBD_CtlSendStatus
 .text.USBD_CtlReceiveStatus
                0x2401d644       0x18 ./libdaisy/build\libdaisy.a(usbd_ioreq.o)
                0x2401d644                USBD_CtlReceiveStatus
 .text.USBH_LL_IncTimer
                0x2401d65c       0x20 ./libdaisy/build\libdaisy.a(usbh_core.o)
                0x2401d65c                USBH_LL_IncTimer
 .text.USBH_LL_PortEnabled
                0x2401d67c        0x8 ./libdaisy/build\libdaisy.a(usbh_core.o)
                0x2401d67c                USBH_LL_PortEnabled
 .text.USBH_LL_PortDisabled
                0x2401d684        0x8 ./libdaisy/build\libdaisy.a(usbh_core.o)
                0x2401d684                USBH_LL_PortDisabled
 .text.USBH_LL_Connect
                0x2401d68c       0x18 ./libdaisy/build\libdaisy.a(usbh_core.o)
                0x2401d68c                USBH_LL_Connect
 .text.USBH_LL_Disconnect
                0x2401d6a4       0x2c ./libdaisy/build\libdaisy.a(usbh_core.o)
                0x2401d6a4                USBH_LL_Disconnect
 .text.USBH_FreePipe
                0x2401d6d0       0x18 ./libdaisy/build\libdaisy.a(usbh_pipes.o)
                0x2401d6d0                USBH_FreePipe
 .text.disk_status
                0x2401d6e8       0x14 ./libdaisy/build\libdaisy.a(diskio.o)
                0x2401d6e8                disk_status
 .text.disk_initialize
                0x2401d6fc       0x24 ./libdaisy/build\libdaisy.a(diskio.o)
                0x2401d6fc                disk_initialize
 .text.disk_read
                0x2401d720       0x1c ./libdaisy/build\libdaisy.a(diskio.o)
                0x2401d720                disk_read
 .text.disk_write
                0x2401d73c       0x1c ./libdaisy/build\libdaisy.a(diskio.o)
                0x2401d73c                disk_write
 .text.disk_ioctl
                0x2401d758       0x18 ./libdaisy/build\libdaisy.a(diskio.o)
                0x2401d758                disk_ioctl
 .text._ZN5daisy13USBHostHandle4ImplD2Ev
                0x2401d770        0x4 ./libdaisy/build\libdaisy.a(usb_host.o)
                0x2401d770                daisy::USBHostHandle::Impl::~Impl()
                0x2401d770                daisy::USBHostHandle::Impl::~Impl()
 *fill*         0x2401d774        0x4 
 .text.startup._GLOBAL__sub_I_hUsbHostHS
                0x2401d778       0x48 ./libdaisy/build\libdaisy.a(usb_host.o)
 .text._ZN5daisy6Random4InitEv
                0x2401d7c0       0x3c ./libdaisy/build\libdaisy.a(rng.o)
                0x2401d7c0                daisy::Random::Init()
 .text._ZN5daisy9SpiHandle4Impl7InitDmaEv
                0x2401d7fc       0xec ./libdaisy/build\libdaisy.a(spi.o)
                0x2401d7fc                daisy::SpiHandle::Impl::InitDma()
 .text._ZN5daisy9SpiHandle4Impl10StartDmaTxEPhjPFvPvEPFvS3_NS0_6ResultEES3_
                0x2401d8e8       0xbc ./libdaisy/build\libdaisy.a(spi.o)
                0x2401d8e8                daisy::SpiHandle::Impl::StartDmaTx(unsigned char*, unsigned int, void (*)(void*), void (*)(void*, daisy::SpiHandle::Result), void*)
 .text._ZN5daisy9SpiHandle4Impl10StartDmaRxEPhjPFvPvEPFvS3_NS0_6ResultEES3_
                0x2401d9a4       0xbc ./libdaisy/build\libdaisy.a(spi.o)
                0x2401d9a4                daisy::SpiHandle::Impl::StartDmaRx(unsigned char*, unsigned int, void (*)(void*), void (*)(void*, daisy::SpiHandle::Result), void*)
 .text._ZN5daisy9SpiHandle4Impl12StartDmaRxTxEPhS2_jPFvPvEPFvS3_NS0_6ResultEES3_
                0x2401da60       0xbc ./libdaisy/build\libdaisy.a(spi.o)
                0x2401da60                daisy::SpiHandle::Impl::StartDmaRxTx(unsigned char*, unsigned char*, unsigned int, void (*)(void*), void (*)(void*, daisy::SpiHandle::Result), void*)
 .text._ZN5daisy9SpiHandle4Impl8InitPinsEv
                0x2401db1c      0x20c ./libdaisy/build\libdaisy.a(spi.o)
                0x2401db1c                daisy::SpiHandle::Impl::InitPins()
 .text.HAL_SPI_MspInit
                0x2401dd28      0x6e8 ./libdaisy/build\libdaisy.a(spi.o)
                0x2401dd28                HAL_SPI_MspInit
 .text.dsy_spi_global_init
                0x2401e410       0x80 ./libdaisy/build\libdaisy.a(spi.o)
                0x2401e410                dsy_spi_global_init
 .text.SPI1_IRQHandler
                0x2401e490        0xc ./libdaisy/build\libdaisy.a(spi.o)
                0x2401e490                SPI1_IRQHandler
 .text.SPI2_IRQHandler
                0x2401e49c        0xc ./libdaisy/build\libdaisy.a(spi.o)
                0x2401e49c                SPI2_IRQHandler
 .text.SPI3_IRQHandler
                0x2401e4a8        0xc ./libdaisy/build\libdaisy.a(spi.o)
                0x2401e4a8                SPI3_IRQHandler
 .text.SPI4_IRQHandler
                0x2401e4b4        0xc ./libdaisy/build\libdaisy.a(spi.o)
                0x2401e4b4                SPI4_IRQHandler
 .text.SPI5_IRQHandler
                0x2401e4c0        0xc ./libdaisy/build\libdaisy.a(spi.o)
                0x2401e4c0                SPI5_IRQHandler
 .text.DMA2_Stream2_IRQHandler
                0x2401e4cc       0x34 ./libdaisy/build\libdaisy.a(spi.o)
                0x2401e4cc                DMA2_Stream2_IRQHandler
 .text.DMA2_Stream3_IRQHandler
                0x2401e500       0x34 ./libdaisy/build\libdaisy.a(spi.o)
                0x2401e500                DMA2_Stream3_IRQHandler
 .text.HAL_SPI_TxCpltCallback
                0x2401e534       0xc0 ./libdaisy/build\libdaisy.a(spi.o)
                0x2401e534                HAL_SPI_TxCpltCallback
 .text.HAL_SPI_RxCpltCallback
                0x2401e5f4       0xc0 ./libdaisy/build\libdaisy.a(spi.o)
                0x2401e5f4                HAL_SPI_RxCpltCallback
 .text.HAL_SPI_TxRxCpltCallback
                0x2401e6b4       0xc0 ./libdaisy/build\libdaisy.a(spi.o)
                0x2401e6b4                HAL_SPI_TxRxCpltCallback
 .text.HAL_SPI_ErrorCallback
                0x2401e774       0xc4 ./libdaisy/build\libdaisy.a(spi.o)
                0x2401e774                HAL_SPI_ErrorCallback
 .text.startup._GLOBAL__sub_I__Z19MapInstanceToHandleP11SPI_TypeDef
                0x2401e838      0x1d8 ./libdaisy/build\libdaisy.a(spi.o)
 .text.HAL_TIM_Base_MspInit
                0x2401ea10      0x19c ./libdaisy/build\libdaisy.a(tim.o)
                0x2401ea10                HAL_TIM_Base_MspInit
 .text.HAL_TIM_PeriodElapsedCallback
                0x2401ebac       0x44 ./libdaisy/build\libdaisy.a(tim.o)
                0x2401ebac                HAL_TIM_PeriodElapsedCallback
 .text.TIM2_IRQHandler
                0x2401ebf0        0xc ./libdaisy/build\libdaisy.a(tim.o)
                0x2401ebf0                TIM2_IRQHandler
 .text.TIM3_IRQHandler
                0x2401ebfc        0xc ./libdaisy/build\libdaisy.a(tim.o)
                0x2401ebfc                TIM3_IRQHandler
 .text.TIM4_IRQHandler
                0x2401ec08        0xc ./libdaisy/build\libdaisy.a(tim.o)
                0x2401ec08                TIM4_IRQHandler
 .text.TIM5_IRQHandler
                0x2401ec14        0xc ./libdaisy/build\libdaisy.a(tim.o)
                0x2401ec14                TIM5_IRQHandler
 .text._ZN5daisy11TimerHandle4InitERKNS0_6ConfigE
                0x2401ec20       0xd0 ./libdaisy/build\libdaisy.a(tim.o)
                0x2401ec20                daisy::TimerHandle::Init(daisy::TimerHandle::Config const&)
 .text._ZN5daisy11TimerHandle5StartEv
                0x2401ecf0       0x24 ./libdaisy/build\libdaisy.a(tim.o)
                0x2401ecf0                daisy::TimerHandle::Start()
 *fill*         0x2401ed14        0x4 
 .text.startup._GLOBAL__sub_I__ZN5daisy11TimerHandle4Impl4InitERKNS0_6ConfigE
                0x2401ed18       0x44 ./libdaisy/build\libdaisy.a(tim.o)
 .text.HAL_SD_TxCpltCallback
                0x2401ed5c        0x8 ./libdaisy/build\libdaisy.a(bsp_sd_diskio.o)
                0x2401ed5c                HAL_SD_TxCpltCallback
 .text.HAL_SD_RxCpltCallback
                0x2401ed64        0x8 ./libdaisy/build\libdaisy.a(bsp_sd_diskio.o)
                0x2401ed64                HAL_SD_RxCpltCallback
 .text.HAL_SD_ErrorCallback
                0x2401ed6c        0x8 ./libdaisy/build\libdaisy.a(bsp_sd_diskio.o)
                0x2401ed6c                HAL_SD_ErrorCallback
 .text.HAL_MDMA_Abort_IT
                0x2401ed74       0x28 ./libdaisy/build\libdaisy.a(stm32h7xx_hal_mdma.o)
                0x2401ed74                HAL_MDMA_Abort_IT
 .text.HAL_SDEx_Read_DMADoubleBuf0CpltCallback
                0x2401ed9c        0x4 ./libdaisy/build\libdaisy.a(stm32h7xx_hal_sd.o)
                0x2401ed9c                HAL_SDEx_Read_DMADoubleBuf0CpltCallback
 .text.HAL_SDEx_Read_DMADoubleBuf1CpltCallback
                0x2401eda0        0x4 ./libdaisy/build\libdaisy.a(stm32h7xx_hal_sd.o)
                0x2401eda0                HAL_SDEx_Read_DMADoubleBuf1CpltCallback
 .text.HAL_SDEx_Write_DMADoubleBuf0CpltCallback
                0x2401eda4        0x4 ./libdaisy/build\libdaisy.a(stm32h7xx_hal_sd.o)
                0x2401eda4                HAL_SDEx_Write_DMADoubleBuf0CpltCallback
 .text.HAL_SDEx_Write_DMADoubleBuf1CpltCallback
                0x2401eda8        0x4 ./libdaisy/build\libdaisy.a(stm32h7xx_hal_sd.o)
                0x2401eda8                HAL_SDEx_Write_DMADoubleBuf1CpltCallback
 .text.HAL_SD_IRQHandler
                0x2401edac      0x27c ./libdaisy/build\libdaisy.a(stm32h7xx_hal_sd.o)
                0x2401edac                HAL_SD_IRQHandler
 .text.SPI_CloseTransfer
                0x2401f028       0xb8 ./libdaisy/build\libdaisy.a(stm32h7xx_hal_spi.o)
 .text.HAL_SPI_Init
                0x2401f0e0      0x1ac ./libdaisy/build\libdaisy.a(stm32h7xx_hal_spi.o)
                0x2401f0e0                HAL_SPI_Init
 .text.HAL_SPI_Transmit_DMA
                0x2401f28c      0x170 ./libdaisy/build\libdaisy.a(stm32h7xx_hal_spi.o)
                0x2401f28c                HAL_SPI_Transmit_DMA
 .text.HAL_SPI_Receive_DMA
                0x2401f3fc      0x180 ./libdaisy/build\libdaisy.a(stm32h7xx_hal_spi.o)
                0x2401f3fc                HAL_SPI_Receive_DMA
 .text.HAL_SPI_TransmitReceive_DMA
                0x2401f57c      0x1f8 ./libdaisy/build\libdaisy.a(stm32h7xx_hal_spi.o)
                0x2401f57c                HAL_SPI_TransmitReceive_DMA
 .text.SPI_DMATransmitCplt
                0x2401f774       0x28 ./libdaisy/build\libdaisy.a(stm32h7xx_hal_spi.o)
 .text.SPI_DMAReceiveCplt
                0x2401f79c       0x28 ./libdaisy/build\libdaisy.a(stm32h7xx_hal_spi.o)
 .text.SPI_DMATransmitReceiveCplt
                0x2401f7c4       0x28 ./libdaisy/build\libdaisy.a(stm32h7xx_hal_spi.o)
 .text.HAL_SPI_TxHalfCpltCallback
                0x2401f7ec        0x4 ./libdaisy/build\libdaisy.a(stm32h7xx_hal_spi.o)
                0x2401f7ec                HAL_SPI_TxHalfCpltCallback
 .text.SPI_DMAHalfTransmitCplt
                0x2401f7f0        0xc ./libdaisy/build\libdaisy.a(stm32h7xx_hal_spi.o)
 .text.HAL_SPI_RxHalfCpltCallback
                0x2401f7fc        0x4 ./libdaisy/build\libdaisy.a(stm32h7xx_hal_spi.o)
                0x2401f7fc                HAL_SPI_RxHalfCpltCallback
 .text.SPI_DMAHalfReceiveCplt
                0x2401f800        0xc ./libdaisy/build\libdaisy.a(stm32h7xx_hal_spi.o)
 .text.HAL_SPI_TxRxHalfCpltCallback
                0x2401f80c        0x4 ./libdaisy/build\libdaisy.a(stm32h7xx_hal_spi.o)
                0x2401f80c                HAL_SPI_TxRxHalfCpltCallback
 .text.SPI_DMAHalfTransmitReceiveCplt
                0x2401f810        0xc ./libdaisy/build\libdaisy.a(stm32h7xx_hal_spi.o)
 .text.SPI_DMAError
                0x2401f81c       0xd8 ./libdaisy/build\libdaisy.a(stm32h7xx_hal_spi.o)
 .text.SPI_DMAAbortOnError
                0x2401f8f4       0x1c ./libdaisy/build\libdaisy.a(stm32h7xx_hal_spi.o)
 .text.HAL_SPI_SuspendCallback
                0x2401f910        0x4 ./libdaisy/build\libdaisy.a(stm32h7xx_hal_spi.o)
                0x2401f910                HAL_SPI_SuspendCallback
 .text.HAL_SPI_IRQHandler
                0x2401f914      0x208 ./libdaisy/build\libdaisy.a(stm32h7xx_hal_spi.o)
                0x2401f914                HAL_SPI_IRQHandler
 .text.HAL_SPI_GetState
                0x2401fb1c        0x8 ./libdaisy/build\libdaisy.a(stm32h7xx_hal_spi.o)
                0x2401fb1c                HAL_SPI_GetState
 .text.HAL_TIM_Base_Init
                0x2401fb24      0x144 ./libdaisy/build\libdaisy.a(stm32h7xx_hal_tim.o)
                0x2401fb24                HAL_TIM_Base_Init
 .text.HAL_TIM_Base_Start
                0x2401fc68       0x9c ./libdaisy/build\libdaisy.a(stm32h7xx_hal_tim.o)
                0x2401fc68                HAL_TIM_Base_Start
 .text.HAL_TIM_Base_Start_IT
                0x2401fd04       0xa4 ./libdaisy/build\libdaisy.a(stm32h7xx_hal_tim.o)
                0x2401fd04                HAL_TIM_Base_Start_IT
 .text.HAL_TIM_ConfigClockSource
                0x2401fda8      0x190 ./libdaisy/build\libdaisy.a(stm32h7xx_hal_tim.o)
                0x2401fda8                HAL_TIM_ConfigClockSource
 .text.HAL_TIM_OC_DelayElapsedCallback
                0x2401ff38        0x4 ./libdaisy/build\libdaisy.a(stm32h7xx_hal_tim.o)
                0x2401ff38                HAL_TIM_OC_DelayElapsedCallback
 .text.HAL_TIM_IC_CaptureCallback
                0x2401ff3c        0x4 ./libdaisy/build\libdaisy.a(stm32h7xx_hal_tim.o)
                0x2401ff3c                HAL_TIM_IC_CaptureCallback
 .text.HAL_TIM_PWM_PulseFinishedCallback
                0x2401ff40        0x4 ./libdaisy/build\libdaisy.a(stm32h7xx_hal_tim.o)
                0x2401ff40                HAL_TIM_PWM_PulseFinishedCallback
 .text.HAL_TIM_TriggerCallback
                0x2401ff44        0x4 ./libdaisy/build\libdaisy.a(stm32h7xx_hal_tim.o)
                0x2401ff44                HAL_TIM_TriggerCallback
 .text.HAL_TIM_IRQHandler
                0x2401ff48      0x154 ./libdaisy/build\libdaisy.a(stm32h7xx_hal_tim.o)
                0x2401ff48                HAL_TIM_IRQHandler
 .text.HAL_TIMEx_MasterConfigSynchronization