Archive member included to satisfy reference by file (symbol)

C:/Users/cesco/AppData/Roaming/xPacks/@xpack-dev-tools/arm-none-eabi-gcc/14.2.1-1.1.1/.content/bin/../lib/gcc/arm-none-eabi/14.2.1/../../../../arm-none-eabi/lib/thumb/v7e-m+fp/hard\libc_nano.a(libc_a-atexit.o)
                              C:/Users/cesco/AppData/Roaming/xPacks/@xpack-dev-tools/arm-none-eabi-gcc/14.2.1-1.1.1/.content/bin/../lib/gcc/arm-none-eabi/14.2.1/../../../../arm-none-eabi/lib/thumb/v7e-m+fp/hard/crt0.o (atexit)
C:/Users/cesco/AppData/Roaming/xPacks/@xpack-dev-tools/arm-none-eabi-gcc/14.2.1-1.1.1/.content/bin/../lib/gcc/arm-none-eabi/14.2.1/../../../../arm-none-eabi/lib/thumb/v7e-m+fp/hard\libc_nano.a(libc_a-exit.o)
                              C:/Users/cesco/AppData/Roaming/xPacks/@xpack-dev-tools/arm-none-eabi-gcc/14.2.1-1.1.1/.content/bin/../lib/gcc/arm-none-eabi/14.2.1/../../../../arm-none-eabi/lib/thumb/v7e-m+fp/hard/crt0.o (exit)
C:/Users/cesco/AppData/Roaming/xPacks/@xpack-dev-tools/arm-none-eabi-gcc/14.2.1-1.1.1/.content/bin/../lib/gcc/arm-none-eabi/14.2.1/../../../../arm-none-eabi/lib/thumb/v7e-m+fp/hard\libc_nano.a(libc_a-findfp.o)
                              C:/Users/cesco/AppData/Roaming/xPacks/@xpack-dev-tools/arm-none-eabi-gcc/14.2.1-1.1.1/.content/bin/../lib/gcc/arm-none-eabi/14.2.1/../../../../arm-none-eabi/lib/thumb/v7e-m+fp/hard\libc_nano.a(libc_a-exit.o) (__stdio_exit_handler)
C:/Users/cesco/AppData/Roaming/xPacks/@xpack-dev-tools/arm-none-eabi-gcc/14.2.1-1.1.1/.content/bin/../lib/gcc/arm-none-eabi/14.2.1/../../../../arm-none-eabi/lib/thumb/v7e-m+fp/hard\libc_nano.a(libc_a-fwalk.o)
                              C:/Users/cesco/AppData/Roaming/xPacks/@xpack-dev-tools/arm-none-eabi-gcc/14.2.1-1.1.1/.content/bin/../lib/gcc/arm-none-eabi/14.2.1/../../../../arm-none-eabi/lib/thumb/v7e-m+fp/hard\libc_nano.a(libc_a-findfp.o) (_fwalk_sglue)
C:/Users/cesco/AppData/Roaming/xPacks/@xpack-dev-tools/arm-none-eabi-gcc/14.2.1-1.1.1/.content/bin/../lib/gcc/arm-none-eabi/14.2.1/../../../../arm-none-eabi/lib/thumb/v7e-m+fp/hard\libc_nano.a(libc_a-stdio.o)
                              C:/Users/cesco/AppData/Roaming/xPacks/@xpack-dev-tools/arm-none-eabi-gcc/14.2.1-1.1.1/.content/bin/../lib/gcc/arm-none-eabi/14.2.1/../../../../arm-none-eabi/lib/thumb/v7e-m+fp/hard\libc_nano.a(libc_a-findfp.o) (__sread)
C:/Users/cesco/AppData/Roaming/xPacks/@xpack-dev-tools/arm-none-eabi-gcc/14.2.1-1.1.1/.content/bin/../lib/gcc/arm-none-eabi/14.2.1/../../../../arm-none-eabi/lib/thumb/v7e-m+fp/hard\libc_nano.a(libc_a-memcmp.o)
                              build/main.o (memcmp)
C:/Users/cesco/AppData/Roaming/xPacks/@xpack-dev-tools/arm-none-eabi-gcc/14.2.1-1.1.1/.content/bin/../lib/gcc/arm-none-eabi/14.2.1/../../../../arm-none-eabi/lib/thumb/v7e-m+fp/hard\libc_nano.a(libc_a-memset.o)
                              C:/Users/cesco/AppData/Roaming/xPacks/@xpack-dev-tools/arm-none-eabi-gcc/14.2.1-1.1.1/.content/bin/../lib/gcc/arm-none-eabi/14.2.1/../../../../arm-none-eabi/lib/thumb/v7e-m+fp/hard/crt0.o (memset)
C:/Users/cesco/AppData/Roaming/xPacks/@xpack-dev-tools/arm-none-eabi-gcc/14.2.1-1.1.1/.content/bin/../lib/gcc/arm-none-eabi/14.2.1/../../../../arm-none-eabi/lib/thumb/v7e-m+fp/hard\libc_nano.a(libc_a-closer.o)
                              C:/Users/cesco/AppData/Roaming/xPacks/@xpack-dev-tools/arm-none-eabi-gcc/14.2.1-1.1.1/.content/bin/../lib/gcc/arm-none-eabi/14.2.1/../../../../arm-none-eabi/lib/thumb/v7e-m+fp/hard\libc_nano.a(libc_a-stdio.o) (_close_r)
C:/Users/cesco/AppData/Roaming/xPacks/@xpack-dev-tools/arm-none-eabi-gcc/14.2.1-1.1.1/.content/bin/../lib/gcc/arm-none-eabi/14.2.1/../../../../arm-none-eabi/lib/thumb/v7e-m+fp/hard\libc_nano.a(libc_a-reent.o)
                              C:/Users/cesco/AppData/Roaming/xPacks/@xpack-dev-tools/arm-none-eabi-gcc/14.2.1-1.1.1/.content/bin/../lib/gcc/arm-none-eabi/14.2.1/../../../../arm-none-eabi/lib/thumb/v7e-m+fp/hard\libc_nano.a(libc_a-closer.o) (errno)
C:/Users/cesco/AppData/Roaming/xPacks/@xpack-dev-tools/arm-none-eabi-gcc/14.2.1-1.1.1/.content/bin/../lib/gcc/arm-none-eabi/14.2.1/../../../../arm-none-eabi/lib/thumb/v7e-m+fp/hard\libc_nano.a(libc_a-impure.o)
                              C:/Users/cesco/AppData/Roaming/xPacks/@xpack-dev-tools/arm-none-eabi-gcc/14.2.1-1.1.1/.content/bin/../lib/gcc/arm-none-eabi/14.2.1/../../../../arm-none-eabi/lib/thumb/v7e-m+fp/hard\libc_nano.a(libc_a-reent.o) (_impure_ptr)
C:/Users/cesco/AppData/Roaming/xPacks/@xpack-dev-tools/arm-none-eabi-gcc/14.2.1-1.1.1/.content/bin/../lib/gcc/arm-none-eabi/14.2.1/../../../../arm-none-eabi/lib/thumb/v7e-m+fp/hard\libc_nano.a(libc_a-lseekr.o)
                              C:/Users/cesco/AppData/Roaming/xPacks/@xpack-dev-tools/arm-none-eabi-gcc/14.2.1-1.1.1/.content/bin/../lib/gcc/arm-none-eabi/14.2.1/../../../../arm-none-eabi/lib/thumb/v7e-m+fp/hard\libc_nano.a(libc_a-stdio.o) (_lseek_r)
[...]
Memory Configuration

Name             Origin             Length             Attributes
RAM              0x20000000         0x00020000         xrw
CCMRAM           0x10000000         0x00010000         xrw
FLASH            0x08000000         0x00080000         xr
*default*        0x00000000         0xffffffff

Linker script and memory map

LOAD C:/Users/cesco/AppData/Roaming/xPacks/@xpack-dev-tools/arm-none-eabi-gcc/14.2.1-1.1.1/.content/bin/../lib/gcc/arm-none-eabi/14.2.1/thumb/v7e-m+fp/hard/crti.o
LOAD C:/Users/cesco/AppData/Roaming/xPacks/@xpack-dev-tools/arm-none-eabi-gcc/14.2.1-1.1.1/.content/bin/../lib/gcc/arm-none-eabi/14.2.1/thumb/v7e-m+fp/hard/crtbegin.o
LOAD C:/Users/cesco/AppData/Roaming/xPacks/@xpack-dev-tools/arm-none-eabi-gcc/14.2.1-1.1.1/.content/bin/../lib/gcc/arm-none-eabi/14.2.1/../../../../arm-none-eabi/lib/thumb/v7e-m+fp/hard/crt0.o
LOAD build/main.o
LOAD build/stm32f4xx_it.o
LOAD build/stm32f4xx_hal_msp.o
LOAD build/system_stm32f4xx.o
LOAD build/stm32f4xx_hal.o
LOAD build/stm32f4xx_hal_cortex.o
LOAD build/stm32f4xx_hal_dma.o
LOAD build/stm32f4xx_hal_dma_ex.o
LOAD build/stm32f4xx_hal_exti.o
LOAD build/stm32f4xx_hal_flash.o
LOAD build/stm32f4xx_hal_flash_ex.o
LOAD build/stm32f4xx_hal_flash_ramfunc.o
LOAD build/stm32f4xx_hal_gpio.o
LOAD build/stm32f4xx_hal_spi.o
LOAD build/stm32f4xx_hal_i2s.o
LOAD build/stm32f4xx_hal_i2s_ex.o
LOAD build/stm32f4xx_hal_sd.o
LOAD build/stm32f4xx_ll_sdmmc.o
LOAD build/stm32f4xx_hal_pwr.o
LOAD build/stm32f4xx_hal_pwr_ex.o
LOAD build/stm32f4xx_hal_rcc.o
LOAD build/stm32f4xx_hal_rcc_ex.o
LOAD build/startup_stm32f407xx.o
LOAD C:/Users/cesco/AppData/Roaming/xPacks/@xpack-dev-tools/arm-none-eabi-gcc/14.2.1-1.1.1/.content/bin/../lib/gcc/arm-none-eabi/14.2.1/../../../../arm-none-eabi/lib/thumb/v7e-m+fp/hard\libc_nano.a
LOAD C:/Users/cesco/AppData/Roaming/xPacks/@xpack-dev-tools/arm-none-eabi-gcc/14.2.1-1.1.1/.content/bin/../lib/gcc/arm-none-eabi/14.2.1/../../../../arm-none-eabi/lib/thumb/v7e-m+fp/hard\libm.a
LOAD C:/Users/cesco/AppData/Roaming/xPacks/@xpack-dev-tools/arm-none-eabi-gcc/14.2.1-1.1.1/.content/bin/../lib/gcc/arm-none-eabi/14.2.1/../../../../arm-none-eabi/lib/thumb/v7e-m+fp/hard\libnosys.a
START GROUP
LOAD C:/Users/cesco/AppData/Roaming/xPacks/@xpack-dev-tools/arm-none-eabi-gcc/14.2.1-1.1.1/.content/bin/../lib/gcc/arm-none-eabi/14.2.1/thumb/v7e-m+fp/hard\libgcc.a
LOAD C:/Users/cesco/AppData/Roaming/xPacks/@xpack-dev-tools/arm-none-eabi-gcc/14.2.1-1.1.1/.content/bin/../lib/gcc/arm-none-eabi/14.2.1/../../../../arm-none-eabi/lib/thumb/v7e-m+fp/hard\libc_nano.a
END GROUP
START GROUP
LOAD C:/Users/cesco/AppData/Roaming/xPacks/@xpack-dev-tools/arm-none-eabi-gcc/14.2.1-1.1.1/.content/bin/../lib/gcc/arm-none-eabi/14.2.1/thumb/v7e-m+fp/hard\libgcc.a
LOAD C:/Users/cesco/AppData/Roaming/xPacks/@xpack-dev-tools/arm-none-eabi-gcc/14.2.1-1.1.1/.content/bin/../lib/gcc/arm-none-eabi/14.2.1/../../../../arm-none-eabi/lib/thumb/v7e-m+fp/hard\libc_nano.a
END GROUP
LOAD C:/Users/cesco/AppData/Roaming/xPacks/@xpack-dev-tools/arm-none-eabi-gcc/14.2.1-1.1.1/.content/bin/../lib/gcc/arm-none-eabi/14.2.1/thumb/v7e-m+fp/hard/crtend.o
LOAD C:/Users/cesco/AppData/Roaming/xPacks/@xpack-dev-tools/arm-none-eabi-gcc/14.2.1-1.1.1/.content/bin/../lib/gcc/arm-none-eabi/14.2.1/thumb/v7e-m+fp/hard/crtn.o
                0x20020000                        _estack = (ORIGIN (RAM) + LENGTH (RAM))
                0x00000200                        _Min_Heap_Size = 0x200
                0x00000400                        _Min_Stack_Size = 0x400

.isr_vector     0x08000000      0x188
                0x08000000                        . = ALIGN (0x4)
 *(.isr_vector)
 .isr_vector    0x08000000      0x188 build/startup_stm32f407xx.o
                0x08000000                g_pfnVectors
                0x08000188                        . = ALIGN (0x4)

.text           0x08000188     0x779c
                0x08000188                        . = ALIGN (0x4)
 *(.text)
 .text          0x08000188       0x30 C:/Users/cesco/AppData/Roaming/xPacks/@xpack-dev-tools/arm-none-eabi-gcc/14.2.1-1.1.1/.content/bin/../lib/gcc/arm-none-eabi/14.2.1/thumb/v7e-m+fp/hard\libgcc.a(_aeabi_uldivmod.o)
                0x08000188                __aeabi_uldivmod
 .text          0x080001b8        0x4 C:/Users/cesco/AppData/Roaming/xPacks/@xpack-dev-tools/arm-none-eabi-gcc/14.2.1-1.1.1/.content/bin/../lib/gcc/arm-none-eabi/14.2.1/thumb/v7e-m+fp/hard\libgcc.a(_dvmd_tls.o)
                0x080001b8                __aeabi_idiv0
                0x080001b8                __aeabi_ldiv0
 *(.text*)
 .text.__do_global_dtors_aux
                0x080001bc       0x24 C:/Users/cesco/AppData/Roaming/xPacks/@xpack-dev-tools/arm-none-eabi-gcc/14.2.1-1.1.1/.content/bin/../lib/gcc/arm-none-eabi/14.2.1/thumb/v7e-m+fp/hard/crtbegin.o
 .text.frame_dummy
                0x080001e0       0x1c C:/Users/cesco/AppData/Roaming/xPacks/@xpack-dev-tools/arm-none-eabi-gcc/14.2.1-1.1.1/.content/bin/../lib/gcc/arm-none-eabi/14.2.1/thumb/v7e-m+fp/hard/crtbegin.o
 .text.le16     0x080001fc        0xa build/main.o
 .text.le32     0x08000206       0x16 build/main.o
 .text.ApplySoftDist
                0x0800021c       0x28 build/main.o
 .text.CutoffHzToQ8
                0x08000244       0x5c build/main.o
 .text.ResonanceToQ8
                0x080002a0       0x5c build/main.o
 .text.ApplyGlobalDistMode
                0x080002fc       0x80 build/main.o
 .text.FastRandU32
                0x0800037c       0x1c build/main.o
 .text.FAT32_ClusterToLba
                0x08000398        0xc build/main.o
 .text.EntryCluster
                0x080003a4       0x1a build/main.o
 .text.IsWavEntry
                0x080003be       0x4c build/main.o
 *fill*         0x0800040a        0x2 
 .text.ClipS16  0x0800040c       0x20 build/main.o
 .text.ApplyBitCrush
                0x0800042c       0x1c build/main.o
 .text.ApplyOnePoleFilter
                0x08000448       0x3c build/main.o
 .text.TriggerVoice
                0x08000484       0x88 build/main.o
 .text.ProcessSpiTriggers
                0x0800050c       0xb4 build/main.o
 .text.SpiCrc16
                0x080005c0       0x42 build/main.o
 *fill*         0x08000602        0x2 
 .text.SpiTxEnqueue
                0x08000604       0x68 build/main.o
 .text.SpiTxPopByte
                0x0800066c       0x50 build/main.o
 .text.SpiQueueTrigger
                0x080006bc       0x44 build/main.o
 .text.SpiEnqueueResponse
                0x08000700       0x56 build/main.o
 *fill*         0x08000756        0x2 
 .text.ActiveVoicesCount
                0x08000758       0x24 build/main.o
 .text.StopInstrumentVoices
                0x0800077c       0x30 build/main.o
 .text.StopAllVoices
                0x080007ac       0x18 build/main.o
 .text.ProcessSequencerStep
                0x080007c4      0x3f8 build/main.o
 .text.RenderDemoBuffer
                0x08000bbc      0xb94 build/main.o
 .text.MX_GPIO_Init
                0x08001750       0x88 build/main.o
 .text.SpiHandleCommand
                0x080017d8     0x1854 build/main.o
 .text.SpiParseIncomingByte
                0x0800302c      0x158 build/main.o
 .text.Debug_LED_Init
                0x08003184       0x8c build/main.o
 .text.MX_DMA_Init
                0x08003210       0x34 build/main.o
 .text.Debug_LED_Blink
                0x08003244       0x74 build/main.o
 .text.SD_ReadSectors
                0x080032b8       0x34 build/main.o
 .text.FAT32_Init
                0x080032ec       0xc2 build/main.o
 .text.FAT32_NextCluster
                0x080033ae       0x3e build/main.o
 .text.File_AdvanceSector
                0x080033ec       0x48 build/main.o
 .text.FAT32_OpenWavInDirByIndex
                0x08003434       0xe8 build/main.o
 .text.File_Read
                0x0800351c       0xc6 build/main.o
 .text.File_Skip
                0x080035e2       0x40 build/main.o
 *fill*         0x08003622        0x2 
 .text.FAT32_FindRootDirCluster
                0x08003624       0xf8 build/main.o
 .text.WAV_ReadHeader
                0x0800371c      0x160 build/main.o
 .text.LoadInstrumentFromFolder
                0x0800387c      0x164 build/main.o
 .text.HAL_SPI_TxRxCpltCallback
                0x080039e0       0x38 build/main.o
                0x080039e0                HAL_SPI_TxRxCpltCallback
 .text.HAL_SPI_RxCpltCallback
                0x08003a18       0x38 build/main.o
                0x08003a18                HAL_SPI_RxCpltCallback
 .text.Error_Handler
                0x08003a50       0x1c build/main.o
                0x08003a50                Error_Handler
 .text.MX_SPI1_Init
                0x08003a6c       0x34 build/main.o
 .text.MX_SDIO_SD_Init
                0x08003aa0       0x3c build/main.o
 .text.MX_I2S2_Init
                0x08003adc       0x38 build/main.o
 .text.SystemClock_Config
                0x08003b14       0xc4 build/main.o
                0x08003b14                SystemClock_Config
 .text.main     0x08003bd8      0x188 build/main.o
                0x08003bd8                main
 .text.NMI_Handler
                0x08003d60        0x2 build/stm32f4xx_it.o
                0x08003d60                NMI_Handler
 .text.HardFault_Handler
                0x08003d62        0x2 build/stm32f4xx_it.o
                0x08003d62                HardFault_Handler
 .text.MemManage_Handler
                0x08003d64        0x2 build/stm32f4xx_it.o
                0x08003d64                MemManage_Handler
 .text.BusFault_Handler
                0x08003d66        0x2 build/stm32f4xx_it.o
                0x08003d66                BusFault_Handler
 .text.UsageFault_Handler
                0x08003d68        0x2 build/stm32f4xx_it.o
                0x08003d68                UsageFault_Handler
 .text.SVC_Handler
                0x08003d6a        0x2 build/stm32f4xx_it.o
                0x08003d6a                SVC_Handler
 .text.DebugMon_Handler
                0x08003d6c        0x2 build/stm32f4xx_it.o
                0x08003d6c                DebugMon_Handler
 .text.PendSV_Handler
                0x08003d6e        0x2 build/stm32f4xx_it.o
                0x08003d6e                PendSV_Handler
 .text.SysTick_Handler
                0x08003d70        0x8 build/stm32f4xx_it.o
                0x08003d70                SysTick_Handler
 .text.DMA1_Stream4_IRQHandler
                0x08003d78       0x10 build/stm32f4xx_it.o
                0x08003d78                DMA1_Stream4_IRQHandler
 .text.DMA1_Stream5_IRQHandler
                0x08003d88        0x2 build/stm32f4xx_it.o
                0x08003d88                DMA1_Stream5_IRQHandler
 *fill*         0x08003d8a        0x2 
 .text.SPI1_IRQHandler
                0x08003d8c       0x10 build/stm32f4xx_it.o
                0x08003d8c                SPI1_IRQHandler
 .text.HAL_MspInit
                0x08003d9c       0x38 build/stm32f4xx_hal_msp.o
                0x08003d9c                HAL_MspInit
 .text.HAL_I2S_MspInit
                0x08003dd4       0xdc build/stm32f4xx_hal_msp.o
                0x08003dd4                HAL_I2S_MspInit
 .text.HAL_SPI_MspInit
                0x08003eb0       0x7c build/stm32f4xx_hal_msp.o
                0x08003eb0                HAL_SPI_MspInit
 .text.HAL_SD_MspInit
                0x08003f2c       0xac build/stm32f4xx_hal_msp.o
                0x08003f2c                HAL_SD_MspInit
 .text.SystemInit
                0x08003fd8       0x14 build/system_stm32f4xx.o
                0x08003fd8                SystemInit
 .text.HAL_InitTick
                0x08003fec       0x4c build/stm32f4xx_hal.o
                0x08003fec                HAL_InitTick
 .text.HAL_Init
                0x08004038       0x34 build/stm32f4xx_hal.o
                0x08004038                HAL_Init
 .text.HAL_IncTick
                0x0800406c       0x18 build/stm32f4xx_hal.o
                0x0800406c                HAL_IncTick
 .text.HAL_GetTick
                0x08004084        0xc build/stm32f4xx_hal.o
                0x08004084                HAL_GetTick
 .text.HAL_Delay
                0x08004090       0x28 build/stm32f4xx_hal.o
                0x08004090                HAL_Delay
 .text.__NVIC_EnableIRQ
                0x080040b8       0x1c build/stm32f4xx_hal_cortex.o
 .text.__NVIC_SetPriority
                0x080040d4       0x28 build/stm32f4xx_hal_cortex.o
 .text.NVIC_EncodePriority
                0x080040fc       0x3e build/stm32f4xx_hal_cortex.o
 *fill*         0x0800413a        0x2 
 .text.HAL_NVIC_SetPriorityGrouping
                0x0800413c       0x24 build/stm32f4xx_hal_cortex.o
                0x0800413c                HAL_NVIC_SetPriorityGrouping
 .text.HAL_NVIC_SetPriority
                0x08004160       0x20 build/stm32f4xx_hal_cortex.o
                0x08004160                HAL_NVIC_SetPriority
 .text.HAL_NVIC_EnableIRQ
                0x08004180        0x8 build/stm32f4xx_hal_cortex.o
                0x08004180                HAL_NVIC_EnableIRQ
 .text.HAL_SYSTICK_Config
                0x08004188       0x28 build/stm32f4xx_hal_cortex.o
                0x08004188                HAL_SYSTICK_Config
 .text.DMA_SetConfig
                0x080041b0       0x2c build/stm32f4xx_hal_dma.o
 .text.DMA_CalcBaseAndBitshift
                0x080041dc       0x3c build/stm32f4xx_hal_dma.o
 .text.DMA_CheckFifoParam
                0x08004218       0x8e build/stm32f4xx_hal_dma.o
 *fill*         0x080042a6        0x2 
 .text.HAL_DMA_Init
                0x080042a8       0xcc build/stm32f4xx_hal_dma.o
                0x080042a8                HAL_DMA_Init
 .text.HAL_DMA_Start_IT
                0x08004374       0x68 build/stm32f4xx_hal_dma.o
                0x08004374                HAL_DMA_Start_IT
 .text.HAL_DMA_Abort_IT
                0x080043dc       0x24 build/stm32f4xx_hal_dma.o
                0x080043dc                HAL_DMA_Abort_IT
 .text.HAL_DMA_IRQHandler
                0x08004400      0x1dc build/stm32f4xx_hal_dma.o
                0x08004400                HAL_DMA_IRQHandler
 .text.HAL_GPIO_Init
                0x080045dc      0x1ec build/stm32f4xx_hal_gpio.o
                0x080045dc                HAL_GPIO_Init
 .text.HAL_GPIO_WritePin
                0x080047c8        0xc build/stm32f4xx_hal_gpio.o
                0x080047c8                HAL_GPIO_WritePin
 .text.HAL_GPIO_TogglePin
                0x080047d4       0x12 build/stm32f4xx_hal_gpio.o
                0x080047d4                HAL_GPIO_TogglePin
 *fill*         0x080047e6        0x2 
 .text.SPI_WaitFlagStateUntilTimeout
                0x080047e8       0xc8 build/stm32f4xx_hal_spi.o
 .text.SPI_EndRxTxTransaction
                0x080048b0       0x80 build/stm32f4xx_hal_spi.o
 .text.HAL_SPI_Init
                0x08004930       0xbe build/stm32f4xx_hal_spi.o
                0x08004930                HAL_SPI_Init
 *fill*         0x080049ee        0x2 
 .text.HAL_SPI_TransmitReceive_IT
                0x080049f0       0xc4 build/stm32f4xx_hal_spi.o
                0x080049f0                HAL_SPI_TransmitReceive_IT
 .text.HAL_SPI_ErrorCallback
                0x08004ab4        0x2 build/stm32f4xx_hal_spi.o
                0x08004ab4                HAL_SPI_ErrorCallback
 *fill*         0x08004ab6        0x2 
 .text.SPI_CloseRxTx_ISR
                0x08004ab8       0xac build/stm32f4xx_hal_spi.o
 .text.SPI_2linesTxISR_8BIT
                0x08004b64       0x38 build/stm32f4xx_hal_spi.o
 .text.SPI_2linesRxISR_8BIT
                0x08004b9c       0x38 build/stm32f4xx_hal_spi.o
 .text.SPI_2linesTxISR_16BIT
                0x08004bd4       0x38 build/stm32f4xx_hal_spi.o
 .text.SPI_2linesRxISR_16BIT
                0x08004c0c       0x38 build/stm32f4xx_hal_spi.o
 .text.HAL_SPI_IRQHandler
                0x08004c44      0x124 build/stm32f4xx_hal_spi.o
                0x08004c44                HAL_SPI_IRQHandler
 .text.SPI_DMAAbortOnError
                0x08004d68       0x10 build/stm32f4xx_hal_spi.o
 .text.HAL_I2S_Init
                0x08004d78      0x19c build/stm32f4xx_hal_i2s.o
                0x08004d78                HAL_I2S_Init
 .text.HAL_I2S_Transmit_DMA
                0x08004f14       0xd4 build/stm32f4xx_hal_i2s.o
                0x08004f14                HAL_I2S_Transmit_DMA
 .text.HAL_I2S_TxHalfCpltCallback
                0x08004fe8        0x2 build/stm32f4xx_hal_i2s.o
                0x08004fe8                HAL_I2S_TxHalfCpltCallback
 .text.I2S_DMATxHalfCplt
                0x08004fea        0xa build/stm32f4xx_hal_i2s.o
 .text.HAL_I2S_TxCpltCallback
                0x08004ff4        0x2 build/stm32f4xx_hal_i2s.o
                0x08004ff4                HAL_I2S_TxCpltCallback
 .text.I2S_Transmit_IT
                0x08004ff6       0x38 build/stm32f4xx_hal_i2s.o
 .text.I2S_DMATxCplt
                0x0800502e       0x24 build/stm32f4xx_hal_i2s.o
 .text.HAL_I2S_RxCpltCallback
                0x08005052        0x2 build/stm32f4xx_hal_i2s.o
                0x08005052                HAL_I2S_RxCpltCallback
 .text.I2S_Receive_IT
                0x08005054       0x38 build/stm32f4xx_hal_i2s.o
 .text.HAL_I2S_ErrorCallback
                0x0800508c        0x2 build/stm32f4xx_hal_i2s.o
                0x0800508c                HAL_I2S_ErrorCallback
 .text.I2S_IRQHandler
                0x0800508e       0xcc build/stm32f4xx_hal_i2s.o
 .text.I2S_DMAError
                0x0800515a       0x28 build/stm32f4xx_hal_i2s.o
 .text.HAL_I2S_GetState
                0x08005182        0x6 build/stm32f4xx_hal_i2s.o
                0x08005182                HAL_I2S_GetState
 .text.HAL_I2SEx_TxRxCpltCallback
                0x08005188        0x2 build/stm32f4xx_hal_i2s_ex.o
                0x08005188                HAL_I2SEx_TxRxCpltCallback
 .text.I2SEx_TxISR_I2S
                0x0800518a       0x3c build/stm32f4xx_hal_i2s_ex.o
 *fill*         0x080051c6        0x2 
 .text.I2SEx_RxISR_I2SExt
                0x080051c8       0x64 build/stm32f4xx_hal_i2s_ex.o
 .text.I2SEx_TxISR_I2SExt
                0x0800522c       0x64 build/stm32f4xx_hal_i2s_ex.o
 .text.I2SEx_RxISR_I2S
                0x08005290       0x3c build/stm32f4xx_hal_i2s_ex.o
 .text.HAL_I2SEx_FullDuplex_IRQHandler
                0x080052cc      0x1d8 build/stm32f4xx_hal_i2s_ex.o
                0x080052cc                HAL_I2SEx_FullDuplex_IRQHandler
 .text.SD_PowerON
                0x080054a4       0xc0 build/stm32f4xx_hal_sd.o
 .text.SD_FindSCR
                0x08005564      0x108 build/stm32f4xx_hal_sd.o
 .text.SD_WideBus_Enable
                0x0800566c       0x4e build/stm32f4xx_hal_sd.o
 .text.SD_WideBus_Disable
                0x080056ba       0x4e build/stm32f4xx_hal_sd.o
 .text.SD_SendStatus
                0x08005708       0x2c build/stm32f4xx_hal_sd.o
 .text.HAL_SD_ReadBlocks
                0x08005734      0x250 build/stm32f4xx_hal_sd.o
                0x08005734                HAL_SD_ReadBlocks
 .text.HAL_SD_GetCardCSD
                0x08005984      0x1b8 build/stm32f4xx_hal_sd.o
                0x08005984                HAL_SD_GetCardCSD
 .text.SD_InitCard
                0x08005b3c      0x100 build/stm32f4xx_hal_sd.o
 .text.HAL_SD_InitCard
                0x08005c3c       0xa0 build/stm32f4xx_hal_sd.o
                0x08005c3c                HAL_SD_InitCard
 .text.HAL_SD_Init
                0x08005cdc       0x36 build/stm32f4xx_hal_sd.o
                0x08005cdc                HAL_SD_Init
 *fill*         0x08005d12        0x2 
 .text.HAL_SD_ConfigWideBusOperation
                0x08005d14       0xc0 build/stm32f4xx_hal_sd.o
                0x08005d14                HAL_SD_ConfigWideBusOperation
 .text.HAL_SD_GetCardState
                0x08005dd4       0x22 build/stm32f4xx_hal_sd.o
                0x08005dd4                HAL_SD_GetCardState
 *fill*         0x08005df6        0x2 
 .text.SDMMC_GetCmdError
                0x08005df8       0x38 build/stm32f4xx_ll_sdmmc.o
 .text.SDIO_Init
                0x08005e30       0x32 build/stm32f4xx_ll_sdmmc.o
                0x08005e30                SDIO_Init
 .text.SDIO_ReadFIFO
                0x08005e62        0x6 build/stm32f4xx_ll_sdmmc.o
                0x08005e62                SDIO_ReadFIFO
 .text.SDIO_PowerState_ON
                0x08005e68        0x8 build/stm32f4xx_ll_sdmmc.o
                0x08005e68                SDIO_PowerState_ON
 .text.SDIO_GetPowerState
                0x08005e70        0x8 build/stm32f4xx_ll_sdmmc.o
                0x08005e70                SDIO_GetPowerState
 .text.SDIO_SendCommand
                0x08005e78       0x20 build/stm32f4xx_ll_sdmmc.o
                0x08005e78                SDIO_SendCommand
 .text.SDIO_GetCommandResponse
                0x08005e98        0x6 build/stm32f4xx_ll_sdmmc.o
                0x08005e98                SDIO_GetCommandResponse
 .text.SDIO_GetResponse
                0x08005e9e        0x6 build/stm32f4xx_ll_sdmmc.o
                0x08005e9e                SDIO_GetResponse
 .text.SDIO_ConfigData
                0x08005ea4       0x24 build/stm32f4xx_ll_sdmmc.o
                0x08005ea4                SDIO_ConfigData
 .text.SDMMC_CmdGoIdleState
                0x08005ec8       0x26 build/stm32f4xx_ll_sdmmc.o
                0x08005ec8                SDMMC_CmdGoIdleState
 *fill*         0x08005eee        0x2 
 .text.SDMMC_GetCmdResp1
                0x08005ef0      0x154 build/stm32f4xx_ll_sdmmc.o
                0x08005ef0                SDMMC_GetCmdResp1
 .text.SDMMC_CmdBlockLength
                0x08006044       0x30 build/stm32f4xx_ll_sdmmc.o
                0x08006044                SDMMC_CmdBlockLength
 .text.SDMMC_CmdReadSingleBlock
                0x08006074       0x30 build/stm32f4xx_ll_sdmmc.o
                0x08006074                SDMMC_CmdReadSingleBlock
 .text.SDMMC_CmdReadMultiBlock
                0x080060a4       0x30 build/stm32f4xx_ll_sdmmc.o
                0x080060a4                SDMMC_CmdReadMultiBlock
 .text.SDMMC_CmdStopTransfer
                0x080060d4       0x34 build/stm32f4xx_ll_sdmmc.o
                0x080060d4                SDMMC_CmdStopTransfer
 .text.SDMMC_CmdSelDesel
                0x08006108       0x30 build/stm32f4xx_ll_sdmmc.o
                0x08006108                SDMMC_CmdSelDesel
 .text.SDMMC_CmdAppCommand
                0x08006138       0x30 build/stm32f4xx_ll_sdmmc.o
                0x08006138                SDMMC_CmdAppCommand
 .text.SDMMC_CmdBusWidth
                0x08006168       0x30 build/stm32f4xx_ll_sdmmc.o
                0x08006168                SDMMC_CmdBusWidth
 .text.SDMMC_CmdSendSCR
                0x08006198       0x30 build/stm32f4xx_ll_sdmmc.o
                0x08006198                SDMMC_CmdSendSCR
 .text.SDMMC_CmdSendStatus
                0x080061c8       0x30 build/stm32f4xx_ll_sdmmc.o
                0x080061c8                SDMMC_CmdSendStatus
 .text.SDMMC_GetCmdResp2
                0x080061f8       0x5c build/stm32f4xx_ll_sdmmc.o
                0x080061f8                SDMMC_GetCmdResp2
 .text.SDMMC_CmdSendCID
                0x08006254       0x2a build/stm32f4xx_ll_sdmmc.o
                0x08006254                SDMMC_CmdSendCID
 .text.SDMMC_CmdSendCSD
                0x0800627e       0x2a build/stm32f4xx_ll_sdmmc.o
                0x0800627e                SDMMC_CmdSendCSD
 .text.SDMMC_GetCmdResp3
                0x080062a8       0x4c build/stm32f4xx_ll_sdmmc.o
                0x080062a8                SDMMC_GetCmdResp3
 .text.SDMMC_CmdAppOperCommand
                0x080062f4       0x32 build/stm32f4xx_ll_sdmmc.o
                0x080062f4                SDMMC_CmdAppOperCommand
 *fill*         0x08006326        0x2 
 .text.SDMMC_GetCmdResp6
                0x08006328       0xa0 build/stm32f4xx_ll_sdmmc.o
                0x08006328                SDMMC_GetCmdResp6
 .text.SDMMC_CmdSetRelAdd
                0x080063c8       0x30 build/stm32f4xx_ll_sdmmc.o
                0x080063c8                SDMMC_CmdSetRelAdd
 .text.SDMMC_GetCmdResp7
                0x080063f8       0x64 build/stm32f4xx_ll_sdmmc.o
                0x080063f8                SDMMC_GetCmdResp7
 .text.SDMMC_CmdOperCond
                0x0800645c       0x2e build/stm32f4xx_ll_sdmmc.o
                0x0800645c                SDMMC_CmdOperCond
 *fill*         0x0800648a        0x2 
 .text.HAL_RCC_OscConfig
                0x0800648c      0x3f8 build/stm32f4xx_hal_rcc.o
                0x0800648c                HAL_RCC_OscConfig
 .text.HAL_RCC_GetSysClockFreq
                0x08006884       0xa8 build/stm32f4xx_hal_rcc.o
                0x08006884                HAL_RCC_GetSysClockFreq
 .text.HAL_RCC_ClockConfig
                0x0800692c      0x160 build/stm32f4xx_hal_rcc.o
                0x0800692c                HAL_RCC_ClockConfig
 .text.HAL_RCCEx_PeriphCLKConfig
                0x08006a8c      0x154 build/stm32f4xx_hal_rcc_ex.o
                0x08006a8c                HAL_RCCEx_PeriphCLKConfig
 .text.HAL_RCCEx_GetPeriphCLKFreq
                0x08006be0       0x70 build/stm32f4xx_hal_rcc_ex.o
                0x08006be0                HAL_RCCEx_GetPeriphCLKFreq
 .text.Reset_Handler
                0x08006c50       0x50 build/startup_stm32f407xx.o
                0x08006c50                Reset_Handler
 .text.Default_Handler
                0x08006ca0        0x2 build/startup_stm32f407xx.o
                0x08006ca0                RTC_Alarm_IRQHandler
                0x08006ca0                HASH_RNG_IRQHandler
                0x08006ca0                EXTI2_IRQHandler
                0x08006ca0                TIM8_CC_IRQHandler
                0x08006ca0                TIM1_CC_IRQHandler
                0x08006ca0                DMA2_Stream5_IRQHandler
                0x08006ca0                PVD_IRQHandler
                0x08006ca0                SDIO_IRQHandler
                0x08006ca0                TAMP_STAMP_IRQHandler
                0x08006ca0                CAN2_RX1_IRQHandler
                0x08006ca0                EXTI3_IRQHandler
                0x08006ca0                TIM8_TRG_COM_TIM14_IRQHandler
                0x08006ca0                TIM1_UP_TIM10_IRQHandler
                0x08006ca0                TIM8_UP_TIM13_IRQHandler
                0x08006ca0                I2C3_ER_IRQHandler
                0x08006ca0                EXTI0_IRQHandler
                0x08006ca0                I2C2_EV_IRQHandler
                0x08006ca0                DMA1_Stream2_IRQHandler
                0x08006ca0                CAN1_RX0_IRQHandler
                0x08006ca0                FPU_IRQHandler
                0x08006ca0                OTG_HS_WKUP_IRQHandler
                0x08006ca0                CAN2_SCE_IRQHandler
                0x08006ca0                DMA2_Stream2_IRQHandler
                0x08006ca0                TIM6_DAC_IRQHandler
                0x08006ca0                TIM1_BRK_TIM9_IRQHandler
                0x08006ca0                DCMI_IRQHandler
                0x08006ca0                CAN2_RX0_IRQHandler
                0x08006ca0                DMA2_Stream3_IRQHandler
                0x08006ca0                USART6_IRQHandler
                0x08006ca0                USART3_IRQHandler
                0x08006ca0                CAN1_RX1_IRQHandler
                0x08006ca0                UART5_IRQHandler
                0x08006ca0                DMA2_Stream0_IRQHandler
                0x08006ca0                TIM4_IRQHandler
                0x08006ca0                I2C1_EV_IRQHandler
                0x08006ca0                DMA1_Stream6_IRQHandler
                0x08006ca0                DMA1_Stream1_IRQHandler
                0x08006ca0                UART4_IRQHandler
                0x08006ca0                TIM3_IRQHandler
                0x08006ca0                RCC_IRQHandler
                0x08006ca0                TIM8_BRK_TIM12_IRQHandler
                0x08006ca0                Default_Handler
                0x08006ca0                EXTI15_10_IRQHandler
                0x08006ca0                ADC_IRQHandler
                0x08006ca0                DMA1_Stream7_IRQHandler
                0x08006ca0                TIM7_IRQHandler
                0x08006ca0                CAN2_TX_IRQHandler
                0x08006ca0                TIM5_IRQHandler
                0x08006ca0                DMA2_Stream7_IRQHandler
                0x08006ca0                I2C3_EV_IRQHandler
                0x08006ca0                EXTI9_5_IRQHandler
                0x08006ca0                RTC_WKUP_IRQHandler
                0x08006ca0                ETH_WKUP_IRQHandler
                0x08006ca0                SPI2_IRQHandler
                0x08006ca0                OTG_HS_EP1_IN_IRQHandler
                0x08006ca0                DMA1_Stream0_IRQHandler
                0x08006ca0                CAN1_TX_IRQHandler
                0x08006ca0                EXTI4_IRQHandler
                0x08006ca0                FSMC_IRQHandler
                0x08006ca0                ETH_IRQHandler
                0x08006ca0                OTG_HS_EP1_OUT_IRQHandler
                0x08006ca0                WWDG_IRQHandler
                0x08006ca0                TIM2_IRQHandler
                0x08006ca0                OTG_FS_WKUP_IRQHandler
                0x08006ca0                TIM1_TRG_COM_TIM11_IRQHandler
                0x08006ca0                OTG_HS_IRQHandler
                0x08006ca0                EXTI1_IRQHandler
                0x08006ca0                USART2_IRQHandler
                0x08006ca0                I2C2_ER_IRQHandler
                0x08006ca0                DMA2_Stream1_IRQHandler
                0x08006ca0                CAN1_SCE_IRQHandler
                0x08006ca0                FLASH_IRQHandler
                0x08006ca0                DMA2_Stream4_IRQHandler
                0x08006ca0                USART1_IRQHandler
                0x08006ca0                OTG_FS_IRQHandler
                0x08006ca0                SPI3_IRQHandler
                0x08006ca0                I2C1_ER_IRQHandler
                0x08006ca0                DMA2_Stream6_IRQHandler
                0x08006ca0                DMA1_Stream3_IRQHandler
 .text.memcmp   0x08006ca2       0x20 C:/Users/cesco/AppData/Roaming/xPacks/@xpack-dev-tools/arm-none-eabi-gcc/14.2.1-1.1.1/.content/bin/../lib/gcc/arm-none-eabi/14.2.1/../../../../arm-none-eabi/lib/thumb/v7e-m+fp/hard\libc_nano.a(libc_a-memcmp.o)
                0x08006ca2                memcmp
 .text.memset   0x08006cc2       0x10 C:/Users/cesco/AppData/Roaming/xPacks/@xpack-dev-tools/arm-none-eabi-gcc/14.2.1-1.1.1/.content/bin/../lib/gcc/arm-none-eabi/14.2.1/../../../../arm-none-eabi/lib/thumb/v7e-m+fp/hard\libc_nano.a(libc_a-memset.o)
                0x08006cc2                memset
 *fill*         0x08006cd2        0x2 
 .text.__libc_init_array
                0x08006cd4       0x48 C:/Users/cesco/AppData/Roaming/xPacks/@xpack-dev-tools/arm-none-eabi-gcc/14.2.1-1.1.1/.content/bin/../lib/gcc/arm-none-eabi/14.2.1/../../../../arm-none-eabi/lib/thumb/v7e-m+fp/hard\libc_nano.a(libc_a-init.o)
                0x08006cd4                __libc_init_array
 .text.memcpy   0x08006d1c       0x1c C:/Users/cesco/AppData/Roaming/xPacks/@xpack-dev-tools/arm-none-eabi-gcc/14.2.1-1.1.1/.content/bin/../lib/gcc/arm-none-eabi/14.2.1/../../../../arm-none-eabi/lib/thumb/v7e-m+fp/hard\libc_nano.a(libc_a-memcpy-stub.o)
                0x08006d1c                memcpy
 .text.powf     0x08006d38       0xbc C:/Users/cesco/AppData/Roaming/xPacks/@xpack-dev-tools/arm-none-eabi-gcc/14.2.1-1.1.1/.content/bin/../lib/gcc/arm-none-eabi/14.2.1/../../../../arm-none-eabi/lib/thumb/v7e-m+fp/hard\libm.a(libm_a-wf_pow.o)
                0x08006d38                powf
 .text.finitef  0x08006df4       0x14 C:/Users/cesco/AppData/Roaming/xPacks/@xpack-dev-tools/arm-none-eabi-gcc/14.2.1-1.1.1/.content/bin/../lib/gcc/arm-none-eabi/14.2.1/../../../../arm-none-eabi/lib/thumb/v7e-m+fp/hard\libm.a(libm_a-sf_finite.o)
                0x08006df4                finitef
 .text.__ieee754_powf
                0x08006e08      0x6b8 C:/Users/cesco/AppData/Roaming/xPacks/@xpack-dev-tools/arm-none-eabi-gcc/14.2.1-1.1.1/.content/bin/../lib/gcc/arm-none-eabi/14.2.1/../../../../arm-none-eabi/lib/thumb/v7e-m+fp/hard\libm.a(libm_a-ef_pow.o)
                0x08006e08                __ieee754_powf
 .text.fabsf    0x080074c0       0x10 C:/Users/cesco/AppData/Roaming/xPacks/@xpack-dev-tools/arm-none-eabi-gcc/14.2.1-1.1.1/.content/bin/../lib/gcc/arm-none-eabi/14.2.1/../../../../arm-none-eabi/lib/thumb/v7e-m+fp/hard\libm.a(libm_a-sf_fabs.o)
                0x080074c0                fabsf
 .text.scalbnf  0x080074d0       0xdc C:/Users/cesco/AppData/Roaming/xPacks/@xpack-dev-tools/arm-none-eabi-gcc/14.2.1-1.1.1/.content/bin/../lib/gcc/arm-none-eabi/14.2.1/../../../../arm-none-eabi/lib/thumb/v7e-m+fp/hard\libm.a(libm_a-sf_scalbn.o)
                0x080074d0                scalbnf
 .text.with_errnof
                0x080075ac       0x1c C:/Users/cesco/AppData/Roaming/xPacks/@xpack-dev-tools/arm-none-eabi-gcc/14.2.1-1.1.1/.content/bin/../lib/gcc/arm-none-eabi/14.2.1/../../../../arm-none-eabi/lib/thumb/v7e-m+fp/hard\libm.a(libm_a-math_errf.o)
 .text.xflowf   0x080075c8       0x20 C:/Users/cesco/AppData/Roaming/xPacks/@xpack-dev-tools/arm-none-eabi-gcc/14.2.1-1.1.1/.content/bin/../lib/gcc/arm-none-eabi/14.2.1/../../../../arm-none-eabi/lib/thumb/v7e-m+fp/hard\libm.a(libm_a-math_errf.o)
 .text.__math_uflowf
                0x080075e8        0xc C:/Users/cesco/AppData/Roaming/xPacks/@xpack-dev-tools/arm-none-eabi-gcc/14.2.1-1.1.1/.content/bin/../lib/gcc/arm-none-eabi/14.2.1/../../../../arm-none-eabi/lib/thumb/v7e-m+fp/hard\libm.a(libm_a-math_errf.o)
                0x080075e8                __math_uflowf
 .text.__math_oflowf
                0x080075f4        0xc C:/Users/cesco/AppData/Roaming/xPacks/@xpack-dev-tools/arm-none-eabi-gcc/14.2.1-1.1.1/.content/bin/../lib/gcc/arm-none-eabi/14.2.1/../../../../arm-none-eabi/lib/thumb/v7e-m+fp/hard\libm.a(libm_a-math_errf.o)
                0x080075f4                __math_oflowf
 .text.__ieee754_sqrtf
                0x08007600        0x8 C:/Users/cesco/AppData/Roaming/xPacks/@xpack-dev-tools/arm-none-eabi-gcc/14.2.1-1.1.1/.content/bin/../lib/gcc/arm-none-eabi/14.2.1/../../../../arm-none-eabi/lib/thumb/v7e-m+fp/hard\libm.a(libm_a-ef_sqrt.o)
                0x08007600                __ieee754_sqrtf
 .text.__udivmoddi4
                0x08007608      0x2f8 C:/Users/cesco/AppData/Roaming/xPacks/@xpack-dev-tools/arm-none-eabi-gcc/14.2.1-1.1.1/.content/bin/../lib/gcc/arm-none-eabi/14.2.1/thumb/v7e-m+fp/hard\libgcc.a(_udivmoddi4.o)
                0x08007608                __udivmoddi4
 .text.__errno  0x08007900        0xc C:/Users/cesco/AppData/Roaming/xPacks/@xpack-dev-tools/arm-none-eabi-gcc/14.2.1-1.1.1/.content/bin/../lib/gcc/arm-none-eabi/14.2.1/../../../../arm-none-eabi/lib/thumb/v7e-m+fp/hard\libc_nano.a(libc_a-errno.o)
                0x08007900                __errno
 *(.glue_7)
 .glue_7        0x0800790c        0x0 linker stubs
 *(.glue_7t)
 .glue_7t       0x0800790c        0x0 linker stubs
 *(.eh_frame)
 .eh_frame      0x0800790c        0x0 C:/Users/cesco/AppData/Roaming/xPacks/@xpack-dev-tools/arm-none-eabi-gcc/14.2.1-1.1.1/.content/bin/../lib/gcc/arm-none-eabi/14.2.1/thumb/v7e-m+fp/hard/crtbegin.o
 *(.init)
 .init          0x0800790c        0x4 C:/Users/cesco/AppData/Roaming/xPacks/@xpack-dev-tools/arm-none-eabi-gcc/14.2.1-1.1.1/.content/bin/../lib/gcc/arm-none-eabi/14.2.1/thumb/v7e-m+fp/hard/crti.o
                0x0800790c                _init
 .init          0x08007910        0x8 C:/Users/cesco/AppData/Roaming/xPacks/@xpack-dev-tools/arm-none-eabi-gcc/14.2.1-1.1.1/.content/bin/../lib/gcc/arm-none-eabi/14.2.1/thumb/v7e-m+fp/hard/crtn.o
 *(.fini)
 .fini          0x08007918        0x4 C:/Users/cesco/AppData/Roaming/xPacks/@xpack-dev-tools/arm-none-eabi-gcc/14.2.1-1.1.1/.content/bin/../lib/gcc/arm-none-eabi/14.2.1/thumb/v7e-m+fp/hard/crti.o
                0x08007918                _fini
 .fini          0x0800791c        0x8 C:/Users/cesco/AppData/Roaming/xPacks/@xpack-dev-tools/arm-none-eabi-gcc/14.2.1-1.1.1/.content/bin/../lib/gcc/arm-none-eabi/14.2.1/thumb/v7e-m+fp/hard/crtn.o
                0x08007924                        . = ALIGN (0x4)
                0x08007924                        _etext = .

.vfp11_veneer   0x08007924        0x0
 .vfp11_veneer  0x08007924        0x0 linker stubs

.v4_bx          0x08007924        0x0
 .v4_bx         0x08007924        0x0 linker stubs

.iplt           0x08007924        0x0
 .iplt          0x08007924        0x0 C:/Users/cesco/AppData/Roaming/xPacks/@xpack-dev-tools/arm-none-eabi-gcc/14.2.1-1.1.1/.content/bin/../lib/gcc/arm-none-eabi/14.2.1/thumb/v7e-m+fp/hard/crtbegin.o

.rodata         0x08007924       0x60
                0x08007924                        . = ALIGN (0x4)
 *(.rodata)
 .rodata        0x08007924        0x8 build/main.o
 *(.rodata*)
 .rodata.FAT32_FindRootDirCluster.str1.4
                0x0800792c       0x3f build/main.o
                                  0x9 (size before relaxing)
 .rodata.WAV_ReadHeader.str1.4
                0x0800796b       0x1d build/main.o
 .rodata.main.str1.4
                0x0800796b       0x13 build/main.o
 *fill*         0x0800796b        0x1 
 .rodata.AHBPrescTable
                0x0800796c       0x10 build/system_stm32f4xx.o
                0x0800796c                AHBPrescTable
 .rodata.flagBitshiftOffset.0
                0x0800797c        0x8 build/stm32f4xx_hal_dma.o
                0x08007984                        . = ALIGN (0x4)

.ARM.extab
 *(.ARM.extab* .gnu.linkonce.armextab.*)

.ARM            0x08007984        0x8
                0x08007984                        __exidx_start = .
 *(.ARM.exidx*)
 .ARM.exidx.text.__udivmoddi4
                0x08007984        0x8 C:/Users/cesco/AppData/Roaming/xPacks/@xpack-dev-tools/arm-none-eabi-gcc/14.2.1-1.1.1/.content/bin/../lib/gcc/arm-none-eabi/14.2.1/thumb/v7e-m+fp/hard\libgcc.a(_udivmoddi4.o)
                0x0800798c                        __exidx_end = .

.rel.dyn        0x0800798c        0x0
 .rel.iplt      0x0800798c        0x0 C:/Users/cesco/AppData/Roaming/xPacks/@xpack-dev-tools/arm-none-eabi-gcc/14.2.1-1.1.1/.content/bin/../lib/gcc/arm-none-eabi/14.2.1/thumb/v7e-m+fp/hard/crtbegin.o

.preinit_array  0x0800798c        0x0
                0x0800798c                        PROVIDE (__preinit_array_start = .)
 *(.preinit_array*)
                0x0800798c                        PROVIDE (__preinit_array_end = .)

.init_array     0x0800798c        0x4
                0x0800798c                        PROVIDE (__init_array_start = .)
 *(SORT_BY_NAME(.init_array.*))
 *(.init_array*)
 .init_array    0x0800798c        0x4 C:/Users/cesco/AppData/Roaming/xPacks/@xpack-dev-tools/arm-none-eabi-gcc/14.2.1-1.1.1/.content/bin/../lib/gcc/arm-none-eabi/14.2.1/thumb/v7e-m+fp/hard/crtbegin.o
                0x08007990                        PROVIDE (__init_array_end = .)

.fini_array     0x08007990        0x4
                0x08007990                        PROVIDE (__fini_array_start = .)
 *(SORT_BY_NAME(.fini_array.*))
 *(.fini_array*)
 .fini_array    0x08007990        0x4 C:/Users/cesco/AppData/Roaming/xPacks/@xpack-dev-tools/arm-none-eabi-gcc/14.2.1-1.1.1/.content/bin/../lib/gcc/arm-none-eabi/14.2.1/thumb/v7e-m+fp/hard/crtbegin.o
                0x08007994                        PROVIDE (__fini_array_end = .)
                0x08007994                        _sidata = LOADADDR (.data)

.data           0x20000000       0xec load address 0x08007994
                0x20000000                        . = ALIGN (0x4)
                0x20000000                        _sdata = .
 *(.data)
 *(.data*)
 .data.g_noiseState
                0x20000000        0x4 build/main.o
 .data.g_abMasterTrimQ8
                0x20000004        0x1 build/main.o
 .data.g_abLiveTrimQ8
                0x20000005        0x1 build/main.o
 .data.g_abSeqTrimQ8
                0x20000006        0x1 build/main.o
 *fill*         0x20000007        0x1 
 .data.g_padTurnBackspinMs
                0x20000008        0xa build/main.o
 *fill*         0x20000012        0x2 
 .data.g_padTurnBrakeMs
                0x20000014        0xa build/main.o
 *fill*         0x2000001e        0x2 
 .data.g_padScratchCutQ8
                0x20000020        0x5 build/main.o
 *fill*         0x20000025        0x3 
 .data.g_padBitDepth
                0x20000028        0x5 build/main.o
 *fill*         0x2000002d        0x3 
 .data.g_trackBitDepth
                0x20000030        0x5 build/main.o
 *fill*         0x20000035        0x3 
 .data.g_padFilterResQ8
                0x20000038        0x5 build/main.o
 *fill*         0x2000003d        0x3 
 .data.g_padFilterCutQ8
                0x20000040        0x5 build/main.o
 *fill*         0x20000045        0x3 
 .data.g_trackFilterResQ8
                0x20000048        0x5 build/main.o
 *fill*         0x2000004d        0x3 
 .data.g_trackFilterCutQ8
                0x20000050        0x5 build/main.o
 *fill*         0x20000055        0x3 
 .data.g_padStutterInterval
                0x20000058        0xa build/main.o
 *fill*         0x20000062        0x2 
 .data.g_instPitchQ12
                0x20000064        0xa build/main.o
 .data.g_cpuLoadPercent
                0x2000006e        0x1 build/main.o
 .data.g_masterCompMakeupQ8
                0x2000006f        0x1 build/main.o
 .data.g_masterCompReleaseK
                0x20000070        0x1 build/main.o
 .data.g_masterCompAttackK
                0x20000071        0x1 build/main.o
 .data.g_masterCompRatioQ8
                0x20000072        0x1 build/main.o
 *fill*         0x20000073        0x1 
 .data.g_masterCompThresholdQ15
                0x20000074        0x2 build/main.o
 .data.g_phaserRateStep
                0x20000076        0x1 build/main.o
 .data.g_phaserFeedbackQ8
                0x20000077        0x1 build/main.o
 .data.g_phaserDepthQ8
                0x20000078        0x1 build/main.o
 .data.g_flangerMixQ8
                0x20000079        0x1 build/main.o
 .data.g_flangerDepth
                0x2000007a        0x1 build/main.o
 .data.g_flangerEnabled
                0x2000007b        0x1 build/main.o
 .data.g_delayFbQ8
                0x2000007c        0x1 build/main.o
 .data.g_delayMixQ8
                0x2000007d        0x1 build/main.o
 .data.g_delayActive
                0x2000007e        0x1 build/main.o
 .data.g_globalSrReduce
                0x2000007f        0x1 build/main.o
 .data.g_globalBitDepth
                0x20000080        0x1 build/main.o
 .data.g_globalFilterResQ8
                0x20000081        0x1 build/main.o
 .data.g_globalFilterCutQ8
                0x20000082        0x1 build/main.o
 *fill*         0x20000083        0x1 
 .data.g_trackVolume
                0x20000084        0x5 build/main.o
 .data.g_liveVolume
                0x20000089        0x1 build/main.o
 .data.g_seqVolume
                0x2000008a        0x1 build/main.o
 .data.g_masterVolume
                0x2000008b        0x1 build/main.o
 .data.g_samplesToNextStep
                0x2000008c        0x4 build/main.o
 .data.SystemCoreClock
                0x20000090        0x4 build/system_stm32f4xx.o
                0x20000090                SystemCoreClock
 .data.uwTickFreq
                0x20000094        0x1 build/stm32f4xx_hal.o
                0x20000094                uwTickFreq
 *fill*         0x20000095        0x3 
 .data.uwTickPrio
                0x20000098        0x4 build/stm32f4xx_hal.o
                0x20000098                uwTickPrio
 .data._impure_ptr
                0x2000009c        0x4 C:/Users/cesco/AppData/Roaming/xPacks/@xpack-dev-tools/arm-none-eabi-gcc/14.2.1-1.1.1/.content/bin/../lib/gcc/arm-none-eabi/14.2.1/../../../../arm-none-eabi/lib/thumb/v7e-m+fp/hard\libc_nano.a(libc_a-impure.o)
                0x2000009c                _impure_ptr
 .data._impure_data
                0x200000a0       0x4c C:/Users/cesco/AppData/Roaming/xPacks/@xpack-dev-tools/arm-none-eabi-gcc/14.2.1-1.1.1/.content/bin/../lib/gcc/arm-none-eabi/14.2.1/../../../../arm-none-eabi/lib/thumb/v7e-m+fp/hard\libc_nano.a(libc_a-impure.o)
                0x200000a0                _impure_data
                0x200000ec                        . = ALIGN (0x4)
                0x200000ec                        _edata = .
                0x08007a80                        _siccmram = LOADADDR (.ccmram)

.igot.plt       0x200000ec        0x0 load address 0x08007a80
 .igot.plt      0x200000ec        0x0 C:/Users/cesco/AppData/Roaming/xPacks/@xpack-dev-tools/arm-none-eabi-gcc/14.2.1-1.1.1/.content/bin/../lib/gcc/arm-none-eabi/14.2.1/thumb/v7e-m+fp/hard/crtbegin.o

.ccmram         0x10000000        0x0 load address 0x08007a80
                0x10000000                        . = ALIGN (0x4)
                0x10000000                        _sccmram = .
 *(.ccmram)
 *(.ccmram*)
                0x10000000                        . = ALIGN (0x4)
                0x10000000                        _eccmram = .

.bss            0x200000ec    0x1cc34
                0x200000ec                        . = ALIGN (0x4)
                0x200000ec                        _sbss = .
                0x200000ec                        __bss_start__ = _sbss
 *(.bss)
 *(.bss*)
 .bss.completed.1
                0x200000ec        0x1 C:/Users/cesco/AppData/Roaming/xPacks/@xpack-dev-tools/arm-none-eabi-gcc/14.2.1-1.1.1/.content/bin/../lib/gcc/arm-none-eabi/14.2.1/thumb/v7e-m+fp/hard/crtbegin.o
 *fill*         0x200000ed        0x3 
 .bss.object.0  0x200000f0       0x18 C:/Users/cesco/AppData/Roaming/xPacks/@xpack-dev-tools/arm-none-eabi-gcc/14.2.1-1.1.1/.content/bin/../lib/gcc/arm-none-eabi/14.2.1/thumb/v7e-m+fp/hard/crtbegin.o
 .bss.g_trackFlangerBuf
                0x20000108     0x2800 build/main.o
 .bss.g_trackEchoBuf
                0x20002908     0x2800 build/main.o
 .bss.g_sidechain
                0x20005108        0xa build/main.o
 *fill*         0x20005112        0x2 
 .bss.g_trackComp
                0x20005114       0x28 build/main.o
 .bss.g_trackFlanger
                0x2000513c       0x28 build/main.o
 .bss.g_trackEcho
                0x20005164       0x28 build/main.o
 .bss.g_sampleUpload
                0x2000518c        0xc build/main.o
 .bss.g_padTurnCounter
                0x20005198        0xa build/main.o
 *fill*         0x200051a2        0x2 
 .bss.g_padTurnPhase
                0x200051a4        0xa build/main.o
 *fill*         0x200051ae        0x2 
 .bss.g_padTurnNoiseQ8
                0x200051b0        0x5 build/main.o
 *fill*         0x200051b5        0x3 
 .bss.g_padTurnRateQ8
                0x200051b8        0xa build/main.o
 *fill*         0x200051c2        0x2 
 .bss.g_padTurnMode
                0x200051c4        0x5 build/main.o
 *fill*         0x200051c9        0x3 
 .bss.g_padTurnAuto
                0x200051cc        0x5 build/main.o
 *fill*         0x200051d1        0x3 
 .bss.g_padTurnActive
                0x200051d4        0x5 build/main.o
 *fill*         0x200051d9        0x3 
 .bss.g_padScratchState
                0x200051dc       0x14 build/main.o
 .bss.g_padScratchPhase
                0x200051f0        0xa build/main.o
 *fill*         0x200051fa        0x2 
 .bss.g_padScratchCrackleQ8
                0x200051fc        0x5 build/main.o
 *fill*         0x20005201        0x3 
 .bss.g_padScratchDepthQ8
                0x20005204        0x5 build/main.o
 *fill*         0x20005209        0x3 
 .bss.g_padScratchRateQ8
                0x2000520c        0xa build/main.o
 *fill*         0x20005216        0x2 
 .bss.g_padScratchActive
                0x20005218        0x5 build/main.o
 *fill*         0x2000521d        0x3 
 .bss.g_padDistQ8
                0x20005220        0x5 build/main.o
 *fill*         0x20005225        0x3 
 .bss.g_trackDistQ8
                0x20005228        0x5 build/main.o
 *fill*         0x2000522d        0x3 
 .bss.g_padFilterState
                0x20005230       0x14 build/main.o
 .bss.g_padFilterType
                0x20005244        0x5 build/main.o
 *fill*         0x20005249        0x3 
 .bss.g_trackFilterState
                0x2000524c       0x14 build/main.o
 .bss.g_trackFilterType
                0x20005260        0x5 build/main.o
 *fill*         0x20005265        0x3 
 .bss.g_padStutterCount
                0x20005268        0xa build/main.o
 *fill*         0x20005272        0x2 
 .bss.g_padStutterEnabled
                0x20005274        0x5 build/main.o
 *fill*         0x20005279        0x3 
 .bss.g_padLoopEnabled
                0x2000527c        0x5 build/main.o
 *fill*         0x20005281        0x3 
 .bss.g_samplesLoadedMask
                0x20005284        0x4 build/main.o
 .bss.g_spiErrorCount
                0x20005288        0x2 build/main.o
 *fill*         0x2000528a        0x2 
 .bss.g_trackPeakQ15
                0x2000528c       0x20 build/main.o
 .bss.g_masterPeakQ15
                0x200052ac        0x2 build/main.o
 .bss.g_masterCompEnvQ15
                0x200052ae        0x2 build/main.o
 .bss.g_masterCompEnabled
                0x200052b0        0x1 build/main.o
 *fill*         0x200052b1        0x1 
 .bss.g_phaserPhase
                0x200052b2        0x2 build/main.o
 .bss.g_phaserLast
                0x200052b4        0x2 build/main.o
 .bss.g_phaserEnabled
                0x200052b6        0x1 build/main.o
 *fill*         0x200052b7        0x1 
 .bss.g_globalSrHoldR
                0x200052b8        0x4 build/main.o
 .bss.g_globalSrHoldL
                0x200052bc        0x4 build/main.o
 .bss.g_globalSrPhase
                0x200052c0        0x1 build/main.o
 *fill*         0x200052c1        0x3 
 .bss.g_globalFilterStateR
                0x200052c4        0x4 build/main.o
 .bss.g_globalFilterStateL
                0x200052c8        0x4 build/main.o
 .bss.g_globalDistMode
                0x200052cc        0x1 build/main.o
 .bss.g_globalDistQ8
                0x200052cd        0x1 build/main.o
 .bss.g_globalFilterType
                0x200052ce        0x1 build/main.o
 *fill*         0x200052cf        0x1 
 .bss.g_spiTxTail
                0x200052d0        0x2 build/main.o
 .bss.g_spiTxHead
                0x200052d2        0x2 build/main.o
 .bss.g_spiTxQ  0x200052d4      0x300 build/main.o
 .bss.g_spiTrigTail
                0x200055d4        0x1 build/main.o
 .bss.g_spiTrigHead
                0x200055d5        0x1 build/main.o
 *fill*         0x200055d6        0x2 
 .bss.g_spiTrigQ
                0x200055d8       0x20 build/main.o
 .bss.g_spiState
                0x200055f8        0x1 build/main.o
 *fill*         0x200055f9        0x1 
 .bss.g_spiChk  0x200055fa        0x2 build/main.o
 .bss.g_spiSeq  0x200055fc        0x2 build/main.o
 .bss.g_spiCmd  0x200055fe        0x1 build/main.o
 *fill*         0x200055ff        0x1 
 .bss.g_spiPayloadLen
                0x20005600        0x2 build/main.o
 .bss.g_spiPayloadIdx
                0x20005602        0x2 build/main.o
 .bss.g_spiPayloadBuf
                0x20005604      0x258 build/main.o
 .bss.g_spiHdrIdx
                0x2000585c        0x2 build/main.o
 *fill*         0x2000585e        0x2 
 .bss.g_spiHdrBuf
                0x20005860        0x8 build/main.o
 .bss.g_spiTxByte
                0x20005868        0x1 build/main.o
 .bss.g_spiRxByte
                0x20005869        0x1 build/main.o
 .bss.g_fxSparkleOn
                0x2000586a        0x1 build/main.o
 .bss.g_fxReverbBoost
                0x2000586b        0x1 build/main.o
 .bss.g_fxFlangerOn
                0x2000586c        0x1 build/main.o
 *fill*         0x2000586d        0x1 
 .bss.g_flangerPhase
                0x2000586e        0x2 build/main.o
 .bss.g_samplesPerStep
                0x20005870        0x4 build/main.o
 .bss.g_songStep
                0x20005874        0x4 build/main.o
 .bss.g_step    0x20005878        0x4 build/main.o
 .bss.g_lpR     0x2000587c        0x4 build/main.o
 .bss.g_lpL     0x20005880        0x4 build/main.o
 .bss.g_delayIdx
                0x20005884        0x4 build/main.o
 .bss.g_delayR  0x20005888     0x2ee0 build/main.o
 .bss.g_delayL  0x20008768     0x2ee0 build/main.o
 .bss.g_voices  0x2000b648       0xa0 build/main.o
 .bss.g_samples
                0x2000b6e8     0xc378 build/main.o
 .bss.i2sTxBufB
                0x20017a60     0x2000 build/main.o
 .bss.i2sTxBufA
                0x20019a60     0x2000 build/main.o
 .bss.sdReadBuf
                0x2001ba60     0x1000 build/main.o
 .bss.hspi1     0x2001ca60       0x58 build/main.o
                0x2001ca60                hspi1
 .bss.hsd       0x2001cab8       0x84 build/main.o
                0x2001cab8                hsd
 .bss.hdma_spi2_tx
                0x2001cb3c       0x60 build/main.o
                0x2001cb3c                hdma_spi2_tx
 .bss.hi2s2     0x2001cb9c       0x48 build/main.o
                0x2001cb9c                hi2s2
 .bss.uwTick    0x2001cbe4        0x4 build/stm32f4xx_hal.o
                0x2001cbe4                uwTick
 .bss.__sf      0x2001cbe8      0x138 C:/Users/cesco/AppData/Roaming/xPacks/@xpack-dev-tools/arm-none-eabi-gcc/14.2.1-1.1.1/.content/bin/../lib/gcc/arm-none-eabi/14.2.1/../../../../arm-none-eabi/lib/thumb/v7e-m+fp/hard\libc_nano.a(libc_a-findfp.o)
                0x2001cbe8                __sf
 *(COMMON)
                0x2001cd20                        . = ALIGN (0x4)
                0x2001cd20                        _ebss = .
                0x2001cd20                        __bss_end__ = _ebss

._user_heap_stack
                0x2001cd20      0x600
                0x2001cd20                        . = ALIGN (0x8)
                0x2001cd20                        PROVIDE (end = .)
                [!provide]                        PROVIDE (_end = .)
                0x2001cf20                        . = (. + _Min_Heap_Size)
 *fill*         0x2001cd20      0x200 
                0x2001d320                        . = (. + _Min_Stack_Size)
 *fill*         0x2001cf20      0x400 
                0x2001d320                        . = ALIGN (0x8)

/DISCARD/
 libc.a(*)
 libm.a(*)
 libgcc.a(*)

.ARM.attributes
                0x00000000       0x30
 *(.ARM.attributes)
 .ARM.attributes
                0x00000000       0x22 C:/Users/cesco/AppData/Roaming/xPacks/@xpack-dev-tools/arm-none-eabi-gcc/14.2.1-1.1.1/.content/bin/../lib/gcc/arm-none-eabi/14.2.1/thumb/v7e-m+fp/hard/crti.o
 .ARM.attributes
                0x00000022       0x34 C:/Users/cesco/AppData/Roaming/xPacks/@xpack-dev-tools/arm-none-eabi-gcc/14.2.1-1.1.1/.content/bin/../lib/gcc/arm-none-eabi/14.2.1/thumb/v7e-m+fp/hard/crtbegin.o
 .ARM.attributes
                0x00000056       0x34 build/main.o
 .ARM.attributes
                0x0000008a       0x34 build/stm32f4xx_it.o
 .ARM.attributes
                0x000000be       0x34 build/stm32f4xx_hal_msp.o
 .ARM.attributes
                0x000000f2       0x34 build/system_stm32f4xx.o
 .ARM.attributes
                0x00000126       0x34 build/stm32f4xx_hal.o
 .ARM.attributes
                0x0000015a       0x34 build/stm32f4xx_hal_cortex.o
 .ARM.attributes
                0x0000018e       0x34 build/stm32f4xx_hal_dma.o
 .ARM.attributes
                0x000001c2       0x34 build/stm32f4xx_hal_gpio.o
 .ARM.attributes
                0x000001f6       0x34 build/stm32f4xx_hal_spi.o
 .ARM.attributes
                0x0000022a       0x34 build/stm32f4xx_hal_i2s.o
 .ARM.attributes
                0x0000025e       0x34 build/stm32f4xx_hal_i2s_ex.o
 .ARM.attributes
                0x00000292       0x34 build/stm32f4xx_hal_sd.o
 .ARM.attributes
                0x000002c6       0x34 build/stm32f4xx_ll_sdmmc.o
 .ARM.attributes
                0x000002fa       0x34 build/stm32f4xx_hal_rcc.o
 .ARM.attributes
                0x0000032e       0x34 build/stm32f4xx_hal_rcc_ex.o
 .ARM.attributes
                0x00000362       0x21 build/startup_stm32f407xx.o
 .ARM.attributes
                0x00000383       0x34 C:/Users/cesco/AppData/Roaming/xPacks/@xpack-dev-tools/arm-none-eabi-gcc/14.2.1-1.1.1/.content/bin/../lib/gcc/arm-none-eabi/14.2.1/../../../../arm-none-eabi/lib/thumb/v7e-m+fp/hard\libc_nano.a(libc_a-findfp.o)
 .ARM.attributes
                0x000003b7       0x34 C:/Users/cesco/AppData/Roaming/xPacks/@xpack-dev-tools/arm-none-eabi-gcc/14.2.1-1.1.1/.content/bin/../lib/gcc/arm-none-eabi/14.2.1/../../../../arm-none-eabi/lib/thumb/v7e-m+fp/hard\libc_nano.a(libc_a-memcmp.o)
 .ARM.attributes
                0x000003eb       0x34 C:/Users/cesco/AppData/Roaming/xPacks/@xpack-dev-tools/arm-none-eabi-gcc/14.2.1-1.1.1/.content/bin/../lib/gcc/arm-none-eabi/14.2.1/../../../../arm-none-eabi/lib/thumb/v7e-m+fp/hard\libc_nano.a(libc_a-memset.o)
 .ARM.attributes
                0x0000041f       0x34 C:/Users/cesco/AppData/Roaming/xPacks/@xpack-dev-tools/arm-none-eabi-gcc/14.2.1-1.1.1/.content/bin/../lib/gcc/arm-none-eabi/14.2.1/../../../../arm-none-eabi/lib/thumb/v7e-m+fp/hard\libc_nano.a(libc_a-impure.o)
 .ARM.attributes
                0x00000453       0x34 C:/Users/cesco/AppData/Roaming/xPacks/@xpack-dev-tools/arm-none-eabi-gcc/14.2.1-1.1.1/.content/bin/../lib/gcc/arm-none-eabi/14.2.1/../../../../arm-none-eabi/lib/thumb/v7e-m+fp/hard\libc_nano.a(libc_a-init.o)
 .ARM.attributes
                0x00000487       0x34 C:/Users/cesco/AppData/Roaming/xPacks/@xpack-dev-tools/arm-none-eabi-gcc/14.2.1-1.1.1/.content/bin/../lib/gcc/arm-none-eabi/14.2.1/../../../../arm-none-eabi/lib/thumb/v7e-m+fp/hard\libc_nano.a(libc_a-memcpy-stub.o)
 .ARM.attributes
                0x000004bb       0x34 C:/Users/cesco/AppData/Roaming/xPacks/@xpack-dev-tools/arm-none-eabi-gcc/14.2.1-1.1.1/.content/bin/../lib/gcc/arm-none-eabi/14.2.1/../../../../arm-none-eabi/lib/thumb/v7e-m+fp/hard\libm.a(libm_a-wf_pow.o)
 .ARM.attributes
                0x000004ef       0x34 C:/Users/cesco/AppData/Roaming/xPacks/@xpack-dev-tools/arm-none-eabi-gcc/14.2.1-1.1.1/.content/bin/../lib/gcc/arm-none-eabi/14.2.1/../../../../arm-none-eabi/lib/thumb/v7e-m+fp/hard\libm.a(libm_a-sf_finite.o)
 .ARM.attributes
                0x00000523       0x34 C:/Users/cesco/AppData/Roaming/xPacks/@xpack-dev-tools/arm-none-eabi-gcc/14.2.1-1.1.1/.content/bin/../lib/gcc/arm-none-eabi/14.2.1/../../../../arm-none-eabi/lib/thumb/v7e-m+fp/hard\libm.a(libm_a-ef_pow.o)
 .ARM.attributes
                0x00000557       0x34 C:/Users/cesco/AppData/Roaming/xPacks/@xpack-dev-tools/arm-none-eabi-gcc/14.2.1-1.1.1/.content/bin/../lib/gcc/arm-none-eabi/14.2.1/../../../../arm-none-eabi/lib/thumb/v7e-m+fp/hard\libm.a(libm_a-sf_fabs.o)
 .ARM.attributes
                0x0000058b       0x34 C:/Users/cesco/AppData/Roaming/xPacks/@xpack-dev-tools/arm-none-eabi-gcc/14.2.1-1.1.1/.content/bin/../lib/gcc/arm-none-eabi/14.2.1/../../../../arm-none-eabi/lib/thumb/v7e-m+fp/hard\libm.a(libm_a-sf_scalbn.o)
 .ARM.attributes
                0x000005bf       0x34 C:/Users/cesco/AppData/Roaming/xPacks/@xpack-dev-tools/arm-none-eabi-gcc/14.2.1-1.1.1/.content/bin/../lib/gcc/arm-none-eabi/14.2.1/../../../../arm-none-eabi/lib/thumb/v7e-m+fp/hard\libm.a(libm_a-math_errf.o)
 .ARM.attributes
                0x000005f3       0x34 C:/Users/cesco/AppData/Roaming/xPacks/@xpack-dev-tools/arm-none-eabi-gcc/14.2.1-1.1.1/.content/bin/../lib/gcc/arm-none-eabi/14.2.1/../../../../arm-none-eabi/lib/thumb/v7e-m+fp/hard\libm.a(libm_a-ef_sqrt.o)
 .ARM.attributes
                0x00000627       0x22 C:/Users/cesco/AppData/Roaming/xPacks/@xpack-dev-tools/arm-none-eabi-gcc/14.2.1-1.1.1/.content/bin/../lib/gcc/arm-none-eabi/14.2.1/thumb/v7e-m+fp/hard\libgcc.a(_aeabi_uldivmod.o)
 .ARM.attributes
                0x00000649       0x34 C:/Users/cesco/AppData/Roaming/xPacks/@xpack-dev-tools/arm-none-eabi-gcc/14.2.1-1.1.1/.content/bin/../lib/gcc/arm-none-eabi/14.2.1/thumb/v7e-m+fp/hard\libgcc.a(_udivmoddi4.o)
 .ARM.attributes
                0x0000067d       0x22 C:/Users/cesco/AppData/Roaming/xPacks/@xpack-dev-tools/arm-none-eabi-gcc/14.2.1-1.1.1/.content/bin/../lib/gcc/arm-none-eabi/14.2.1/thumb/v7e-m+fp/hard\libgcc.a(_dvmd_tls.o)
 .ARM.attributes
                0x0000069f       0x34 C:/Users/cesco/AppData/Roaming/xPacks/@xpack-dev-tools/arm-none-eabi-gcc/14.2.1-1.1.1/.content/bin/../lib/gcc/arm-none-eabi/14.2.1/../../../../arm-none-eabi/lib/thumb/v7e-m+fp/hard\libc_nano.a(libc_a-errno.o)
 .ARM.attributes
                0x000006d3       0x22 C:/Users/cesco/AppData/Roaming/xPacks/@xpack-dev-tools/arm-none-eabi-gcc/14.2.1-1.1.1/.content/bin/../lib/gcc/arm-none-eabi/14.2.1/thumb/v7e-m+fp/hard/crtn.o
OUTPUT(build/smt32config.elf elf32-littlearm)
LOAD linker stubs
LOAD C:/Users/cesco/AppData/Roaming/xPacks/@xpack-dev-tools/arm-none-eabi-gcc/14.2.1-1.1.1/.content/bin/../lib/gcc/arm-none-eabi/14.2.1/../../../../arm-none-eabi/lib/thumb/v7e-m+fp/hard\libc.a
LOAD C:/Users/cesco/AppData/Roaming/xPacks/@xpack-dev-tools/arm-none-eabi-gcc/14.2.1-1.1.1/.content/bin/../lib/gcc/arm-none-eabi/14.2.1/../../../../arm-none-eabi/lib/thumb/v7e-m+fp/hard\libm.a
LOAD C:/Users/cesco/AppData/Roaming/xPacks/@xpack-dev-tools/arm-none-eabi-gcc/14.2.1-1.1.1/.content/bin/../lib/gcc/arm-none-eabi/14.2.1/thumb/v7e-m+fp/hard\libgcc.a

.comment        0x00000000       0x39
 .comment       0x00000000       0x39 C:/Users/cesco/AppData/Roaming/xPacks/@xpack-dev-tools/arm-none-eabi-gcc/14.2.1-1.1.1/.content/bin/../lib/gcc/arm-none-eabi/14.2.1/thumb/v7e-m+fp/hard/crtbegin.o
                                 0x3a (size before relaxing)
 .comment       0x00000039       0x3a build/main.o
 .comment       0x00000039       0x3a build/stm32f4xx_it.o
 .comment       0x00000039       0x3a build/stm32f4xx_hal_msp.o
 .comment       0x00000039       0x3a build/system_stm32f4xx.o
 .comment       0x00000039       0x3a build/stm32f4xx_hal.o
 .comment       0x00000039       0x3a build/stm32f4xx_hal_cortex.o
 .comment       0x00000039       0x3a build/stm32f4xx_hal_dma.o
 .comment       0x00000039       0x3a build/stm32f4xx_hal_gpio.o
 .comment       0x00000039       0x3a build/stm32f4xx_hal_spi.o
 .comment       0x00000039       0x3a build/stm32f4xx_hal_i2s.o
 .comment       0x00000039       0x3a build/stm32f4xx_hal_i2s_ex.o
 .comment       0x00000039       0x3a build/stm32f4xx_hal_sd.o
 .comment       0x00000039       0x3a build/stm32f4xx_ll_sdmmc.o
 .comment       0x00000039       0x3a build/stm32f4xx_hal_rcc.o
 .comment       0x00000039       0x3a build/stm32f4xx_hal_rcc_ex.o
 .comment       0x00000039       0x3a C:/Users/cesco/AppData/Roaming/xPacks/@xpack-dev-tools/arm-none-eabi-gcc/14.2.1-1.1.1/.content/bin/../lib/gcc/arm-none-eabi/14.2.1/../../../../arm-none-eabi/lib/thumb/v7e-m+fp/hard\libc_nano.a(libc_a-findfp.o)
 .comment       0x00000039       0x3a C:/Users/cesco/AppData/Roaming/xPacks/@xpack-dev-tools/arm-none-eabi-gcc/14.2.1-1.1.1/.content/bin/../lib/gcc/arm-none-eabi/14.2.1/../../../../arm-none-eabi/lib/thumb/v7e-m+fp/hard\libc_nano.a(libc_a-memcmp.o)
 .comment       0x00000039       0x3a C:/Users/cesco/AppData/Roaming/xPacks/@xpack-dev-tools/arm-none-eabi-gcc/14.2.1-1.1.1/.content/bin/../lib/gcc/arm-none-eabi/14.2.1/../../../../arm-none-eabi/lib/thumb/v7e-m+fp/hard\libc_nano.a(libc_a-memset.o)
 .comment       0x00000039       0x3a C:/Users/cesco/AppData/Roaming/xPacks/@xpack-dev-tools/arm-none-eabi-gcc/14.2.1-1.1.1/.content/bin/../lib/gcc/arm-none-eabi/14.2.1/../../../../arm-none-eabi/lib/thumb/v7e-m+fp/hard\libc_nano.a(libc_a-impure.o)
 .comment       0x00000039       0x3a C:/Users/cesco/AppData/Roaming/xPacks/@xpack-dev-tools/arm-none-eabi-gcc/14.2.1-1.1.1/.content/bin/../lib/gcc/arm-none-eabi/14.2.1/../../../../arm-none-eabi/lib/thumb/v7e-m+fp/hard\libc_nano.a(libc_a-init.o)
 .comment       0x00000039       0x3a C:/Users/cesco/AppData/Roaming/xPacks/@xpack-dev-tools/arm-none-eabi-gcc/14.2.1-1.1.1/.content/bin/../lib/gcc/arm-none-eabi/14.2.1/../../../../arm-none-eabi/lib/thumb/v7e-m+fp/hard\libc_nano.a(libc_a-memcpy-stub.o)
 .comment       0x00000039       0x3a C:/Users/cesco/AppData/Roaming/xPacks/@xpack-dev-tools/arm-none-eabi-gcc/14.2.1-1.1.1/.content/bin/../lib/gcc/arm-none-eabi/14.2.1/../../../../arm-none-eabi/lib/thumb/v7e-m+fp/hard\libm.a(libm_a-wf_pow.o)
 .comment       0x00000039       0x3a C:/Users/cesco/AppData/Roaming/xPacks/@xpack-dev-tools/arm-none-eabi-gcc/14.2.1-1.1.1/.content/bin/../lib/gcc/arm-none-eabi/14.2.1/../../../../arm-none-eabi/lib/thumb/v7e-m+fp/hard\libm.a(libm_a-sf_finite.o)
 .comment       0x00000039       0x3a C:/Users/cesco/AppData/Roaming/xPacks/@xpack-dev-tools/arm-none-eabi-gcc/14.2.1-1.1.1/.content/bin/../lib/gcc/arm-none-eabi/14.2.1/../../../../arm-none-eabi/lib/thumb/v7e-m+fp/hard\libm.a(libm_a-ef_pow.o)
 .comment       0x00000039       0x3a C:/Users/cesco/AppData/Roaming/xPacks/@xpack-dev-tools/arm-none-eabi-gcc/14.2.1-1.1.1/.content/bin/../lib/gcc/arm-none-eabi/14.2.1/../../../../arm-none-eabi/lib/thumb/v7e-m+fp/hard\libm.a(libm_a-sf_fabs.o)
 .comment       0x00000039       0x3a C:/Users/cesco/AppData/Roaming/xPacks/@xpack-dev-tools/arm-none-eabi-gcc/14.2.1-1.1.1/.content/bin/../lib/gcc/arm-none-eabi/14.2.1/../../../../arm-none-eabi/lib/thumb/v7e-m+fp/hard\libm.a(libm_a-sf_scalbn.o)
 .comment       0x00000039       0x3a C:/Users/cesco/AppData/Roaming/xPacks/@xpack-dev-tools/arm-none-eabi-gcc/14.2.1-1.1.1/.content/bin/../lib/gcc/arm-none-eabi/14.2.1/../../../../arm-none-eabi/lib/thumb/v7e-m+fp/hard\libm.a(libm_a-math_errf.o)
 .comment       0x00000039       0x3a C:/Users/cesco/AppData/Roaming/xPacks/@xpack-dev-tools/arm-none-eabi-gcc/14.2.1-1.1.1/.content/bin/../lib/gcc/arm-none-eabi/14.2.1/../../../../arm-none-eabi/lib/thumb/v7e-m+fp/hard\libm.a(libm_a-ef_sqrt.o)
 .comment       0x00000039       0x3a C:/Users/cesco/AppData/Roaming/xPacks/@xpack-dev-tools/arm-none-eabi-gcc/14.2.1-1.1.1/.content/bin/../lib/gcc/arm-none-eabi/14.2.1/thumb/v7e-m+fp/hard\libgcc.a(_udivmoddi4.o)
 .comment       0x00000039       0x3a C:/Users/cesco/AppData/Roaming/xPacks/@xpack-dev-tools/arm-none-eabi-gcc/14.2.1-1.1.1/.content/bin/../lib/gcc/arm-none-eabi/14.2.1/../../../../arm-none-eabi/lib/thumb/v7e-m+fp/hard\libc_nano.a(libc_a-errno.o)

.debug_info     0x00000000    0x15b11
 .debug_info    0x00000000     0x6437 build/main.o
 .debug_info    0x00006437      0x7f0 build/stm32f4xx_it.o
 .debug_info    0x00006c27     0x16fb build/stm32f4xx_hal_msp.o
 .debug_info    0x00008322      0x5b3 build/system_stm32f4xx.o
 .debug_info    0x000088d5      0xafa build/stm32f4xx_hal.o
 .debug_info    0x000093cf     0x11e0 build/stm32f4xx_hal_cortex.o
 .debug_info    0x0000a5af      0xbce build/stm32f4xx_hal_dma.o
 .debug_info    0x0000b17d      0x848 build/stm32f4xx_hal_gpio.o
 .debug_info    0x0000b9c5     0x1f80 build/stm32f4xx_hal_spi.o
 .debug_info    0x0000d945     0x1318 build/stm32f4xx_hal_i2s.o
 .debug_info    0x0000ec5d      0xecd build/stm32f4xx_hal_i2s_ex.o
 .debug_info    0x0000fb2a     0x2a5e build/stm32f4xx_hal_sd.o
 .debug_info    0x00012588     0x1b06 build/stm32f4xx_ll_sdmmc.o
 .debug_info    0x0001408e      0xc20 build/stm32f4xx_hal_rcc.o
 .debug_info    0x00014cae      0x700 build/stm32f4xx_hal_rcc_ex.o
 .debug_info    0x000153ae       0x24 C:/Users/cesco/AppData/Roaming/xPacks/@xpack-dev-tools/arm-none-eabi-gcc/14.2.1-1.1.1/.content/bin/../lib/gcc/arm-none-eabi/14.2.1/thumb/v7e-m+fp/hard\libgcc.a(_aeabi_uldivmod.o)
 .debug_info    0x000153d2      0x703 C:/Users/cesco/AppData/Roaming/xPacks/@xpack-dev-tools/arm-none-eabi-gcc/14.2.1-1.1.1/.content/bin/../lib/gcc/arm-none-eabi/14.2.1/thumb/v7e-m+fp/hard\libgcc.a(_udivmoddi4.o)
 .debug_info    0x00015ad5       0x3c C:/Users/cesco/AppData/Roaming/xPacks/@xpack-dev-tools/arm-none-eabi-gcc/14.2.1-1.1.1/.content/bin/../lib/gcc/arm-none-eabi/14.2.1/thumb/v7e-m+fp/hard\libgcc.a(_dvmd_tls.o)

.debug_abbrev   0x00000000     0x27cf
 .debug_abbrev  0x00000000      0x40d build/main.o
 .debug_abbrev  0x0000040d      0x183 build/stm32f4xx_it.o
 .debug_abbrev  0x00000590      0x23b build/stm32f4xx_hal_msp.o
 .debug_abbrev  0x000007cb      0x11b build/system_stm32f4xx.o
 .debug_abbrev  0x000008e6      0x244 build/stm32f4xx_hal.o
 .debug_abbrev  0x00000b2a      0x3ca build/stm32f4xx_hal_cortex.o
 .debug_abbrev  0x00000ef4      0x2fe build/stm32f4xx_hal_dma.o
 .debug_abbrev  0x000011f2      0x22b build/stm32f4xx_hal_gpio.o
 .debug_abbrev  0x0000141d      0x2be build/stm32f4xx_hal_spi.o
 .debug_abbrev  0x000016db      0x2b0 build/stm32f4xx_hal_i2s.o
 .debug_abbrev  0x0000198b      0x2aa build/stm32f4xx_hal_i2s_ex.o
 .debug_abbrev  0x00001c35      0x306 build/stm32f4xx_hal_sd.o
 .debug_abbrev  0x00001f3b      0x236 build/stm32f4xx_ll_sdmmc.o
 .debug_abbrev  0x00002171      0x2de build/stm32f4xx_hal_rcc.o
 .debug_abbrev  0x0000244f      0x1dc build/stm32f4xx_hal_rcc_ex.o
 .debug_abbrev  0x0000262b       0x14 C:/Users/cesco/AppData/Roaming/xPacks/@xpack-dev-tools/arm-none-eabi-gcc/14.2.1-1.1.1/.content/bin/../lib/gcc/arm-none-eabi/14.2.1/thumb/v7e-m+fp/hard\libgcc.a(_aeabi_uldivmod.o)
 .debug_abbrev  0x0000263f      0x16a C:/Users/cesco/AppData/Roaming/xPacks/@xpack-dev-tools/arm-none-eabi-gcc/14.2.1-1.1.1/.content/bin/../lib/gcc/arm-none-eabi/14.2.1/thumb/v7e-m+fp/hard\libgcc.a(_udivmoddi4.o)
 .debug_abbrev  0x000027a9       0x26 C:/Users/cesco/AppData/Roaming/xPacks/@xpack-dev-tools/arm-none-eabi-gcc/14.2.1-1.1.1/.content/bin/../lib/gcc/arm-none-eabi/14.2.1/thumb/v7e-m+fp/hard\libgcc.a(_dvmd_tls.o)

.debug_loc      0x00000000    0x102cf
 .debug_loc     0x00000000     0x4ba5 build/main.o
 .debug_loc     0x00004ba5       0x60 build/stm32f4xx_it.o
 .debug_loc     0x00004c05      0x30f build/stm32f4xx_hal_msp.o
 .debug_loc     0x00004f14       0xb0 build/system_stm32f4xx.o
 .debug_loc     0x00004fc4      0x1f9 build/stm32f4xx_hal.o
 .debug_loc     0x000051bd      0x8ff build/stm32f4xx_hal_cortex.o
 .debug_loc     0x00005abc      0xe9a build/stm32f4xx_hal_dma.o
 .debug_loc     0x00006956      0x60b build/stm32f4xx_hal_gpio.o
 .debug_loc     0x00006f61     0x2590 build/stm32f4xx_hal_spi.o
 .debug_loc     0x000094f1     0x13e5 build/stm32f4xx_hal_i2s.o
 .debug_loc     0x0000a8d6      0xc54 build/stm32f4xx_hal_i2s_ex.o
 .debug_loc     0x0000b52a     0x29e4 build/stm32f4xx_hal_sd.o
 .debug_loc     0x0000df0e     0x185c build/stm32f4xx_ll_sdmmc.o
 .debug_loc     0x0000f76a      0x712 build/stm32f4xx_hal_rcc.o
 .debug_loc     0x0000fe7c      0x453 build/stm32f4xx_hal_rcc_ex.o

.debug_aranges  0x00000000      0xce0
 .debug_aranges
                0x00000000      0x1a0 build/main.o
 .debug_aranges
                0x000001a0       0x78 build/stm32f4xx_it.o
 .debug_aranges
                0x00000218       0x50 build/stm32f4xx_hal_msp.o
 .debug_aranges
                0x00000268       0x28 build/system_stm32f4xx.o
 .debug_aranges
                0x00000290       0xf0 build/stm32f4xx_hal.o
 .debug_aranges
                0x00000380       0xf8 build/stm32f4xx_hal_cortex.o
 .debug_aranges
                0x00000478       0x90 build/stm32f4xx_hal_dma.o
 .debug_aranges
                0x00000508       0x58 build/stm32f4xx_hal_gpio.o
 .debug_aranges
                0x00000560      0x1d0 build/stm32f4xx_hal_spi.o
 .debug_aranges
                0x00000730      0x108 build/stm32f4xx_hal_i2s.o
 .debug_aranges
                0x00000838       0x88 build/stm32f4xx_hal_i2s_ex.o
 .debug_aranges
                0x000008c0      0x168 build/stm32f4xx_hal_sd.o
 .debug_aranges
                0x00000a28      0x188 build/stm32f4xx_ll_sdmmc.o
 .debug_aranges
                0x00000bb0       0x88 build/stm32f4xx_hal_rcc.o
 .debug_aranges
                0x00000c38       0x48 build/stm32f4xx_hal_rcc_ex.o
 .debug_aranges
                0x00000c80       0x20 C:/Users/cesco/AppData/Roaming/xPacks/@xpack-dev-tools/arm-none-eabi-gcc/14.2.1-1.1.1/.content/bin/../lib/gcc/arm-none-eabi/14.2.1/thumb/v7e-m+fp/hard\libgcc.a(_aeabi_uldivmod.o)
 .debug_aranges
                0x00000ca0       0x20 C:/Users/cesco/AppData/Roaming/xPacks/@xpack-dev-tools/arm-none-eabi-gcc/14.2.1-1.1.1/.content/bin/../lib/gcc/arm-none-eabi/14.2.1/thumb/v7e-m+fp/hard\libgcc.a(_udivmoddi4.o)
 .debug_aranges
                0x00000cc0       0x20 C:/Users/cesco/AppData/Roaming/xPacks/@xpack-dev-tools/arm-none-eabi-gcc/14.2.1-1.1.1/.content/bin/../lib/gcc/arm-none-eabi/14.2.1/thumb/v7e-m+fp/hard\libgcc.a(_dvmd_tls.o)

.debug_ranges   0x00000000     0x10e0
 .debug_ranges  0x00000000      0x680 build/main.o
 .debug_ranges  0x00000680       0x68 build/stm32f4xx_it.o
 .debug_ranges  0x000006e8       0x40 build/stm32f4xx_hal_msp.o
 .debug_ranges  0x00000728       0x18 build/system_stm32f4xx.o
 .debug_ranges  0x00000740       0xe0 build/stm32f4xx_hal.o
 .debug_ranges  0x00000820       0xe8 build/stm32f4xx_hal_cortex.o
 .debug_ranges  0x00000908       0x80 build/stm32f4xx_hal_dma.o
 .debug_ranges  0x00000988       0x48 build/stm32f4xx_hal_gpio.o
 .debug_ranges  0x000009d0      0x1c0 build/stm32f4xx_hal_spi.o
 .debug_ranges  0x00000b90      0x128 build/stm32f4xx_hal_i2s.o
 .debug_ranges  0x00000cb8       0x90 build/stm32f4xx_hal_i2s_ex.o
 .debug_ranges  0x00000d48      0x158 build/stm32f4xx_hal_sd.o
 .debug_ranges  0x00000ea0      0x178 build/stm32f4xx_ll_sdmmc.o
 .debug_ranges  0x00001018       0x90 build/stm32f4xx_hal_rcc.o
 .debug_ranges  0x000010a8       0x38 build/stm32f4xx_hal_rcc_ex.o

.debug_line     0x00000000    0x11243
 .debug_line    0x00000000     0x481e build/main.o
 .debug_line    0x0000481e      0x319 build/stm32f4xx_it.o
 .debug_line    0x00004b37      0x557 build/stm32f4xx_hal_msp.o
 .debug_line    0x0000508e      0x2a9 build/system_stm32f4xx.o
 .debug_line    0x00005337      0x5c3 build/stm32f4xx_hal.o
 .debug_line    0x000058fa      0x886 build/stm32f4xx_hal_cortex.o
 .debug_line    0x00006180      0xe7c build/stm32f4xx_hal_dma.o
 .debug_line    0x00006ffc      0x751 build/stm32f4xx_hal_gpio.o
 .debug_line    0x0000774d     0x2489 build/stm32f4xx_hal_spi.o
 .debug_line    0x00009bd6     0x13fc build/stm32f4xx_hal_i2s.o
 .debug_line    0x0000afd2     0x1049 build/stm32f4xx_hal_i2s_ex.o
 .debug_line    0x0000c01b     0x2779 build/stm32f4xx_hal_sd.o
 .debug_line    0x0000e794     0x112c build/stm32f4xx_ll_sdmmc.o
 .debug_line    0x0000f8c0      0xc25 build/stm32f4xx_hal_rcc.o
 .debug_line    0x000104e5      0x6a1 build/stm32f4xx_hal_rcc_ex.o
 .debug_line    0x00010b86       0x4e C:/Users/cesco/AppData/Roaming/xPacks/@xpack-dev-tools/arm-none-eabi-gcc/14.2.1-1.1.1/.content/bin/../lib/gcc/arm-none-eabi/14.2.1/thumb/v7e-m+fp/hard\libgcc.a(_aeabi_uldivmod.o)
 .debug_line    0x00010bd4      0x625 C:/Users/cesco/AppData/Roaming/xPacks/@xpack-dev-tools/arm-none-eabi-gcc/14.2.1-1.1.1/.content/bin/../lib/gcc/arm-none-eabi/14.2.1/thumb/v7e-m+fp/hard\libgcc.a(_udivmoddi4.o)
 .debug_line    0x000111f9       0x4a C:/Users/cesco/AppData/Roaming/xPacks/@xpack-dev-tools/arm-none-eabi-gcc/14.2.1-1.1.1/.content/bin/../lib/gcc/arm-none-eabi/14.2.1/thumb/v7e-m+fp/hard\libgcc.a(_dvmd_tls.o)

.debug_str      0x00000000     0x4e96
 .debug_str     0x00000000     0x4e96 build/main.o
                               0x23c5 (size before relaxing)
 .debug_str     0x00004e96      0x6df build/stm32f4xx_it.o
 .debug_str     0x00004e96     0x115e build/stm32f4xx_hal_msp.o
 .debug_str     0x00004e96      0x34a build/system_stm32f4xx.o
 .debug_str     0x00004e96      0xb39 build/stm32f4xx_hal.o
 .debug_str     0x00004e96      0xc4a build/stm32f4xx_hal_cortex.o
 .debug_str     0x00004e96      0x74b build/stm32f4xx_hal_dma.o
 .debug_str     0x00004e96      0x4b5 build/stm32f4xx_hal_gpio.o
 .debug_str     0x00004e96      0xbc9 build/stm32f4xx_hal_spi.o
 .debug_str     0x00004e96      0x925 build/stm32f4xx_hal_i2s.o
 .debug_str     0x00004e96      0x83d build/stm32f4xx_hal_i2s_ex.o
 .debug_str     0x00004e96     0x10c3 build/stm32f4xx_hal_sd.o
 .debug_str     0x00004e96      0x7d1 build/stm32f4xx_ll_sdmmc.o
 .debug_str     0x00004e96      0x6db build/stm32f4xx_hal_rcc.o
 .debug_str     0x00004e96      0x49c build/stm32f4xx_hal_rcc_ex.o
 .debug_str     0x00004e96      0x13a C:/Users/cesco/AppData/Roaming/xPacks/@xpack-dev-tools/arm-none-eabi-gcc/14.2.1-1.1.1/.content/bin/../lib/gcc/arm-none-eabi/14.2.1/thumb/v7e-m+fp/hard\libgcc.a(_aeabi_uldivmod.o)
 .debug_str     0x00004e96      0x753 C:/Users/cesco/AppData/Roaming/xPacks/@xpack-dev-tools/arm-none-eabi-gcc/14.2.1-1.1.1/.content/bin/../lib/gcc/arm-none-eabi/14.2.1/thumb/v7e-m+fp/hard\libgcc.a(_udivmoddi4.o)
 .debug_str     0x00004e96      0x15a C:/Users/cesco/AppData/Roaming/xPacks/@xpack-dev-tools/arm-none-eabi-gcc/14.2.1-1.1.1/.content/bin/../lib/gcc/arm-none-eabi/14.2.1/thumb/v7e-m+fp/hard\libgcc.a(_dvmd_tls.o)

.debug_frame    0x00000000     0x2410
 .debug_frame   0x00000000      0x584 build/main.o
 .debug_frame   0x00000584       0xe8 build/stm32f4xx_it.o
 .debug_frame   0x0000066c       0xdc build/stm32f4xx_hal_msp.o
 .debug_frame   0x00000748       0x30 build/system_stm32f4xx.o
 .debug_frame   0x00000778      0x1ec build/stm32f4xx_hal.o
 .debug_frame   0x00000964      0x214 build/stm32f4xx_hal_cortex.o
 .debug_frame   0x00000b78      0x188 build/stm32f4xx_hal_dma.o
 .debug_frame   0x00000d00       0xd8 build/stm32f4xx_hal_gpio.o
 .debug_frame   0x00000dd8      0x5b4 build/stm32f4xx_hal_spi.o
 .debug_frame   0x0000138c      0x304 build/stm32f4xx_hal_i2s.o
 .debug_frame   0x00001690      0x18c build/stm32f4xx_hal_i2s_ex.o
 .debug_frame   0x0000181c      0x4bc build/stm32f4xx_hal_sd.o
 .debug_frame   0x00001cd8      0x4c8 build/stm32f4xx_ll_sdmmc.o
 .debug_frame   0x000021a0      0x16c build/stm32f4xx_hal_rcc.o
 .debug_frame   0x0000230c       0xa4 build/stm32f4xx_hal_rcc_ex.o
 .debug_frame   0x000023b0       0x2c C:/Users/cesco/AppData/Roaming/xPacks/@xpack-dev-tools/arm-none-eabi-gcc/14.2.1-1.1.1/.content/bin/../lib/gcc/arm-none-eabi/14.2.1/thumb/v7e-m+fp/hard\libgcc.a(_aeabi_uldivmod.o)
 .debug_frame   0x000023dc       0x34 C:/Users/cesco/AppData/Roaming/xPacks/@xpack-dev-tools/arm-none-eabi-gcc/14.2.1-1.1.1/.content/bin/../lib/gcc/arm-none-eabi/14.2.1/thumb/v7e-m+fp/hard\libgcc.a(_udivmoddi4.o)

.debug_line_str
                0x00000000      0x138
 .debug_line_str
                0x00000000      0x138 C:/Users/cesco/AppData/Roaming/xPacks/@xpack-dev-tools/arm-none-eabi-gcc/14.2.1-1.1.1/.content/bin/../lib/gcc/arm-none-eabi/14.2.1/thumb/v7e-m+fp/hard\libgcc.a(_aeabi_uldivmod.o)
                                0x12c (size before relaxing)
 .debug_line_str
                0x00000138      0x130 C:/Users/cesco/AppData/Roaming/xPacks/@xpack-dev-tools/arm-none-eabi-gcc/14.2.1-1.1.1/.content/bin/../lib/gcc/arm-none-eabi/14.2.1/thumb/v7e-m+fp/hard\libgcc.a(_dvmd_tls.o)

.debug_loclists
                0x00000000      0xb15
 .debug_loclists
                0x00000000      0xb15 C:/Users/cesco/AppData/Roaming/xPacks/@xpack-dev-tools/arm-none-eabi-gcc/14.2.1-1.1.1/.content/bin/../lib/gcc/arm-none-eabi/14.2.1/thumb/v7e-m+fp/hard\libgcc.a(_udivmoddi4.o)

.debug_rnglists
                0x00000000       0x99
 .debug_rnglists
                0x00000000       0x99 C:/Users/cesco/AppData/Roaming/xPacks/@xpack-dev-tools/arm-none-eabi-gcc/14.2.1-1.1.1/.content/bin/../lib/gcc/arm-none-eabi/14.2.1/thumb/v7e-m+fp/hard\libgcc.a(_udivmoddi4.o)

Cross Reference Table

Symbol                                            File
ADC_IRQHandler                                    build/startup_stm32f407xx.o
AHBPrescTable                                     build/system_stm32f4xx.o
                                                  build/stm32f4xx_hal_rcc.o
APBPrescTable                                     build/system_stm32f4xx.o
                                                  build/stm32f4xx_hal_rcc.o
BusFault_Handler                                  build/stm32f4xx_it.o
CAN1_RX0_IRQHandler                               build/startup_stm32f407xx.o
CAN1_RX1_IRQHandler                               build/startup_stm32f407xx.o
CAN1_SCE_IRQHandler                               build/startup_stm32f407xx.o
CAN1_TX_IRQHandler                                build/startup_stm32f407xx.o
CAN2_RX0_IRQHandler                               build/startup_stm32f407xx.o
CAN2_RX1_IRQHandler                               build/startup_stm32f407xx.o
CAN2_SCE_IRQHandler                               build/startup_stm32f407xx.o
CAN2_TX_IRQHandler                                build/startup_stm32f407xx.o
DCMI_IRQHandler                                   build/startup_stm32f407xx.o
DMA1_Stream0_IRQHandler                           build/startup_stm32f407xx.o
DMA1_Stream1_IRQHandler                           build/startup_stm32f407xx.o
DMA1_Stream2_IRQHandler                           build/startup_stm32f407xx.o
DMA1_Stream3_IRQHandler                           build/startup_stm32f407xx.o
DMA1_Stream4_IRQHandler                           build/stm32f4xx_it.o
DMA1_Stream5_IRQHandler                           build/stm32f4xx_it.o
DMA1_Stream6_IRQHandler                           build/startup_stm32f407xx.o
DMA1_Stream7_IRQHandler                           build/startup_stm32f407xx.o
DMA2_Stream0_IRQHandler                           build/startup_stm32f407xx.o
DMA2_Stream1_IRQHandler                           build/startup_stm32f407xx.o
DMA2_Stream2_IRQHandler                           build/startup_stm32f407xx.o
DMA2_Stream3_IRQHandler                           build/startup_stm32f407xx.o
DMA2_Stream4_IRQHandler                           build/startup_stm32f407xx.o
DMA2_Stream5_IRQHandler                           build/startup_stm32f407xx.o
DMA2_Stream6_IRQHandler                           build/startup_stm32f407xx.o
DMA2_Stream7_IRQHandler                           build/startup_stm32f407xx.o
DebugMon_Handler                                  build/stm32f4xx_it.o
Default_Handler                                   build/startup_stm32f407xx.o
ETH_IRQHandler                                    build/startup_stm32f407xx.o
ETH_WKUP_IRQHandler                               build/startup_stm32f407xx.o
EXTI0_IRQHandler                                  build/startup_stm32f407xx.o
EXTI15_10_IRQHandler                              build/startup_stm32f407xx.o
EXTI1_IRQHandler                                  build/startup_stm32f407xx.o
EXTI2_IRQHandler                                  build/startup_stm32f407xx.o
EXTI3_IRQHandler                                  build/startup_stm32f407xx.o
EXTI4_IRQHandler                                  build/startup_stm32f407xx.o
EXTI9_5_IRQHandler                                build/startup_stm32f407xx.o
Error_Handler                                     build/main.o
                                                  build/stm32f4xx_hal_msp.o
FLASH_Erase_Sector                                build/stm32f4xx_hal_flash_ex.o
                                                  build/stm32f4xx_hal_flash.o
FLASH_FlushCaches                                 build/stm32f4xx_hal_flash_ex.o
                                                  build/stm32f4xx_hal_flash.o
FLASH_IRQHandler                                  build/startup_stm32f407xx.o
FLASH_WaitForLastOperation                        build/stm32f4xx_hal_flash.o
                                                  build/stm32f4xx_hal_flash_ex.o
FPU_IRQHandler                                    build/startup_stm32f407xx.o
FSMC_IRQHandler                                   build/startup_stm32f407xx.o
HAL_CORTEX_ClearEvent                             build/stm32f4xx_hal_cortex.o
HAL_DBGMCU_DisableDBGSleepMode                    build/stm32f4xx_hal.o
HAL_DBGMCU_DisableDBGStandbyMode                  build/stm32f4xx_hal.o
HAL_DBGMCU_DisableDBGStopMode                     build/stm32f4xx_hal.o
HAL_DBGMCU_EnableDBGSleepMode                     build/stm32f4xx_hal.o
HAL_DBGMCU_EnableDBGStandbyMode                   build/stm32f4xx_hal.o
HAL_DBGMCU_EnableDBGStopMode                      build/stm32f4xx_hal.o
HAL_DMAEx_ChangeMemory                            build/stm32f4xx_hal_dma_ex.o
HAL_DMAEx_MultiBufferStart                        build/stm32f4xx_hal_dma_ex.o
HAL_DMAEx_MultiBufferStart_IT                     build/stm32f4xx_hal_dma_ex.o
HAL_DMA_Abort                                     build/stm32f4xx_hal_dma.o
                                                  build/stm32f4xx_hal_sd.o
                                                  build/stm32f4xx_hal_i2s.o
                                                  build/stm32f4xx_hal_spi.o
HAL_DMA_Abort_IT                                  build/stm32f4xx_hal_dma.o
                                                  build/stm32f4xx_hal_sd.o
                                                  build/stm32f4xx_hal_spi.o
HAL_DMA_DeInit                                    build/stm32f4xx_hal_dma.o
                                                  build/stm32f4xx_hal_msp.o
HAL_DMA_GetError                                  build/stm32f4xx_hal_dma.o
                                                  build/stm32f4xx_hal_sd.o
HAL_DMA_GetState                                  build/stm32f4xx_hal_dma.o
HAL_DMA_IRQHandler                                build/stm32f4xx_hal_dma.o
                                                  build/stm32f4xx_it.o
HAL_DMA_Init                                      build/stm32f4xx_hal_dma.o
                                                  build/stm32f4xx_hal_msp.o
HAL_DMA_PollForTransfer                           build/stm32f4xx_hal_dma.o
HAL_DMA_RegisterCallback                          build/stm32f4xx_hal_dma.o
HAL_DMA_Start                                     build/stm32f4xx_hal_dma.o
HAL_DMA_Start_IT                                  build/stm32f4xx_hal_dma.o
                                                  build/stm32f4xx_hal_sd.o
                                                  build/stm32f4xx_hal_i2s_ex.o
                                                  build/stm32f4xx_hal_i2s.o
                                                  build/stm32f4xx_hal_spi.o
HAL_DMA_UnRegisterCallback                        build/stm32f4xx_hal_dma.o
HAL_DeInit                                        build/stm32f4xx_hal.o
HAL_Delay                                         build/stm32f4xx_hal.o
                                                  build/stm32f4xx_hal_sd.o
                                                  build/main.o
HAL_DisableCompensationCell                       build/stm32f4xx_hal.o
HAL_EXTI_ClearConfigLine                          build/stm32f4xx_hal_exti.o
HAL_EXTI_ClearPending                             build/stm32f4xx_hal_exti.o
HAL_EXTI_GenerateSWI                              build/stm32f4xx_hal_exti.o
HAL_EXTI_GetConfigLine                            build/stm32f4xx_hal_exti.o
HAL_EXTI_GetHandle                                build/stm32f4xx_hal_exti.o
HAL_EXTI_GetPending                               build/stm32f4xx_hal_exti.o
HAL_EXTI_IRQHandler                               build/stm32f4xx_hal_exti.o
HAL_EXTI_RegisterCallback                         build/stm32f4xx_hal_exti.o
HAL_EXTI_SetConfigLine                            build/stm32f4xx_hal_exti.o
HAL_EnableCompensationCell                        build/stm32f4xx_hal.o
HAL_FLASHEx_Erase                                 build/stm32f4xx_hal_flash_ex.o
HAL_FLASHEx_Erase_IT                              build/stm32f4xx_hal_flash_ex.o
HAL_FLASHEx_OBGetConfig                           build/stm32f4xx_hal_flash_ex.o
HAL_FLASHEx_OBProgram                             build/stm32f4xx_hal_flash_ex.o
HAL_FLASH_EndOfOperationCallback                  build/stm32f4xx_hal_flash.o
HAL_FLASH_GetError                                build/stm32f4xx_hal_flash.o
HAL_FLASH_IRQHandler                              build/stm32f4xx_hal_flash.o
HAL_FLASH_Lock                                    build/stm32f4xx_hal_flash.o
HAL_FLASH_OB_Launch                               build/stm32f4xx_hal_flash.o
HAL_FLASH_OB_Lock                                 build/stm32f4xx_hal_flash.o
HAL_FLASH_OB_Unlock                               build/stm32f4xx_hal_flash.o
HAL_FLASH_OperationErrorCallback                  build/stm32f4xx_hal_flash.o
HAL_FLASH_Program                                 build/stm32f4xx_hal_flash.o
HAL_FLASH_Program_IT                              build/stm32f4xx_hal_flash.o
HAL_FLASH_Unlock                                  build/stm32f4xx_hal_flash.o
HAL_GPIO_DeInit                                   build/stm32f4xx_hal_gpio.o
                                                  build/stm32f4xx_hal_msp.o
HAL_GPIO_EXTI_Callback                            build/stm32f4xx_hal_gpio.o
HAL_GPIO_EXTI_IRQHandler                          build/stm32f4xx_hal_gpio.o
HAL_GPIO_Init                                     build/stm32f4xx_hal_gpio.o
                                                  build/stm32f4xx_hal_rcc.o
                                                  build/stm32f4xx_hal_msp.o
                                                  build/main.o
HAL_GPIO_LockPin                                  build/stm32f4xx_hal_gpio.o
HAL_GPIO_ReadPin                                  build/stm32f4xx_hal_gpio.o
HAL_GPIO_TogglePin                                build/stm32f4xx_hal_gpio.o
                                                  build/main.o
HAL_GPIO_WritePin                                 build/stm32f4xx_hal_gpio.o
                                                  build/main.o
HAL_GetDEVID                                      build/stm32f4xx_hal.o
HAL_GetHalVersion                                 build/stm32f4xx_hal.o
HAL_GetREVID                                      build/stm32f4xx_hal.o
HAL_GetTick                                       build/stm32f4xx_hal.o
                                                  build/stm32f4xx_hal_rcc_ex.o
                                                  build/stm32f4xx_hal_rcc.o
                                                  build/stm32f4xx_hal_pwr_ex.o
                                                  build/stm32f4xx_hal_sd.o
                                                  build/stm32f4xx_hal_i2s_ex.o
                                                  build/stm32f4xx_hal_i2s.o
                                                  build/stm32f4xx_hal_spi.o
                                                  build/stm32f4xx_hal_flash.o
                                                  build/stm32f4xx_hal_dma.o
                                                  build/main.o
HAL_GetTickFreq                                   build/stm32f4xx_hal.o
HAL_GetTickPrio                                   build/stm32f4xx_hal.o
HAL_GetUIDw0                                      build/stm32f4xx_hal.o
HAL_GetUIDw1                                      build/stm32f4xx_hal.o
HAL_GetUIDw2                                      build/stm32f4xx_hal.o
HAL_I2SEx_FullDuplex_IRQHandler                   build/stm32f4xx_hal_i2s_ex.o
                                                  build/stm32f4xx_hal_i2s.o
HAL_I2SEx_TransmitReceive                         build/stm32f4xx_hal_i2s_ex.o
HAL_I2SEx_TransmitReceive_DMA                     build/stm32f4xx_hal_i2s_ex.o
HAL_I2SEx_TransmitReceive_IT                      build/stm32f4xx_hal_i2s_ex.o
HAL_I2SEx_TxRxCpltCallback                        build/stm32f4xx_hal_i2s_ex.o
HAL_I2SEx_TxRxHalfCpltCallback                    build/stm32f4xx_hal_i2s_ex.o
HAL_I2S_DMAPause                                  build/stm32f4xx_hal_i2s.o
HAL_I2S_DMAResume                                 build/stm32f4xx_hal_i2s.o
HAL_I2S_DMAStop                                   build/stm32f4xx_hal_i2s.o
HAL_I2S_DeInit                                    build/stm32f4xx_hal_i2s.o
HAL_I2S_ErrorCallback                             build/stm32f4xx_hal_i2s.o
                                                  build/stm32f4xx_hal_i2s_ex.o
HAL_I2S_GetError                                  build/stm32f4xx_hal_i2s.o
HAL_I2S_GetState                                  build/stm32f4xx_hal_i2s.o
                                                  build/main.o
HAL_I2S_IRQHandler                                build/stm32f4xx_hal_i2s.o
HAL_I2S_Init                                      build/stm32f4xx_hal_i2s.o
                                                  build/main.o
HAL_I2S_MspDeInit                                 build/stm32f4xx_hal_msp.o
HAL_I2S_MspInit                                   build/stm32f4xx_hal_msp.o
HAL_I2S_Receive                                   build/stm32f4xx_hal_i2s.o
HAL_I2S_Receive_DMA                               build/stm32f4xx_hal_i2s.o
HAL_I2S_Receive_IT                                build/stm32f4xx_hal_i2s.o
HAL_I2S_RxCpltCallback                            build/stm32f4xx_hal_i2s.o
HAL_I2S_RxHalfCpltCallback                        build/stm32f4xx_hal_i2s.o
HAL_I2S_Transmit                                  build/stm32f4xx_hal_i2s.o
HAL_I2S_Transmit_DMA                              build/stm32f4xx_hal_i2s.o
                                                  build/main.o
HAL_I2S_Transmit_IT                               build/stm32f4xx_hal_i2s.o
HAL_I2S_TxCpltCallback                            build/stm32f4xx_hal_i2s.o
HAL_I2S_TxHalfCpltCallback                        build/stm32f4xx_hal_i2s.o
HAL_IncTick                                       build/stm32f4xx_hal.o
                                                  build/stm32f4xx_it.o
HAL_Init                                          build/stm32f4xx_hal.o
                                                  build/main.o
HAL_InitTick                                      build/stm32f4xx_hal.o
                                                  build/stm32f4xx_hal_rcc_ex.o
                                                  build/stm32f4xx_hal_rcc.o
HAL_MPU_ConfigRegion                              build/stm32f4xx_hal_cortex.o
HAL_MPU_Disable                                   build/stm32f4xx_hal_cortex.o
HAL_MPU_DisableRegion                             build/stm32f4xx_hal_cortex.o
HAL_MPU_Enable                                    build/stm32f4xx_hal_cortex.o
HAL_MPU_EnableRegion                              build/stm32f4xx_hal_cortex.o
HAL_MspDeInit                                     build/stm32f4xx_hal.o
HAL_MspInit                                       build/stm32f4xx_hal_msp.o
HAL_NVIC_ClearPendingIRQ                          build/stm32f4xx_hal_cortex.o
HAL_NVIC_DisableIRQ                               build/stm32f4xx_hal_cortex.o
                                                  build/stm32f4xx_hal_msp.o
HAL_NVIC_EnableIRQ                                build/stm32f4xx_hal_cortex.o
                                                  build/stm32f4xx_hal_msp.o
                                                  build/main.o
HAL_NVIC_GetActive                                build/stm32f4xx_hal_cortex.o
HAL_NVIC_GetPendingIRQ                            build/stm32f4xx_hal_cortex.o
HAL_NVIC_GetPriority                              build/stm32f4xx_hal_cortex.o
HAL_NVIC_GetPriorityGrouping                      build/stm32f4xx_hal_cortex.o
HAL_NVIC_SetPendingIRQ                            build/stm32f4xx_hal_cortex.o
HAL_NVIC_SetPriority                              build/stm32f4xx_hal_cortex.o